06-05 14:35:18.369  6061  6061 I Input   : injectMotionEvent: MotionEvent { action=ACTION_MOVE, actionButton=0, id[0]=0, x[0]=240.0, y[0]=698.0, toolType[0]=TOOL_TYPE_UNKNOWN, buttonState=0, metaState=0, flags=0x0, edgeFlags=0x0, pointerCount=1, historySize=0, eventTime=210869, downTime=210869, deviceId=0, source=0x1002 }
06-05 14:35:18.384  6061  6061 I Input   : injectMotionEvent: MotionEvent { action=ACTION_MOVE, actionButton=0, id[0]=0, x[0]=240.0, y[0]=698.0, toolType[0]=TOOL_TYPE_UNKNOWN, buttonState=0, metaState=0, flags=0x0, edgeFlags=0x0, pointerCount=1, historySize=0, eventTime=210885, downTime=210885, deviceId=0, source=0x1002 }
06-05 14:35:18.402  6061  6061 I Input   : injectMotionEvent: MotionEvent { action=ACTION_MOVE, actionButton=0, id[0]=0, x[0]=240.0, y[0]=698.0, toolType[0]=TOOL_TYPE_UNKNOWN, buttonState=0, metaState=0, flags=0x0, edgeFlags=0x0, pointerCount=1, historySize=0, eventTime=210903, downTime=210903, deviceId=0, source=0x1002 }
06-05 14:35:18.418  6061  6061 I Input   : injectMotionEvent: MotionEvent { action=ACTION_MOVE, actionButton=0, id[0]=0, x[0]=240.0, y[0]=698.0, toolType[0]=TOOL_TYPE_UNKNOWN, buttonState=0, metaState=0, flags=0x0, edgeFlags=0x0, pointerCount=1, historySize=0, eventTime=210919, downTime=210919, deviceId=0, source=0x1002 }
06-05 14:35:18.434  6061  6061 I Input   : injectMotionEvent: MotionEvent { action=ACTION_MOVE, actionButton=0, id[0]=0, x[0]=240.0, y[0]=698.0, toolType[0]=TOOL_TYPE_UNKNOWN, buttonState=0, metaState=0, flags=0x0, edgeFlags=0x0, pointerCount=1, historySize=0, eventTime=210935, downTime=210935, deviceId=0, source=0x1002 }
06-05 14:35:18.452  6061  6061 I Input   : injectMotionEvent: MotionEvent { action=ACTION_MOVE, actionButton=0, id[0]=0, x[0]=240.0, y[0]=698.0, toolType[0]=TOOL_TYPE_UNKNOWN, buttonState=0, metaState=0, flags=0x0, edgeFlags=0x0, pointerCount=1, historySize=0, eventTime=210953, downTime=210953, deviceId=0, source=0x1002 }
06-05 14:35:18.469  6061  6061 I Input   : injectMotionEvent: MotionEvent { action=ACTION_MOVE, actionButton=0, id[0]=0, x[0]=240.0, y[0]=698.0, toolType[0]=TOOL_TYPE_UNKNOWN, buttonState=0, metaState=0, flags=0x0, edgeFlags=0x0, pointerCount=1, historySize=0, eventTime=210970, downTime=210970, deviceId=0, source=0x1002 }
06-05 14:35:18.485  6061  6061 I Input   : injectMotionEvent: MotionEvent { action=ACTION_MOVE, actionButton=0, id[0]=0, x[0]=240.0, y[0]=698.0, toolType[0]=TOOL_TYPE_UNKNOWN, buttonState=0, metaState=0, flags=0x0, edgeFlags=0x0, pointerCount=1, historySize=0, eventTime=210985, downTime=210985, deviceId=0, source=0x1002 }
06-05 14:35:18.501  6061  6061 I Input   : injectMotionEvent: MotionEvent { action=ACTION_UP, actionButton=0, id[0]=0, x[0]=240.0, y[0]=698.0, toolType[0]=TOOL_TYPE_UNKNOWN, buttonState=0, metaState=0, flags=0x0, edgeFlags=0x0, pointerCount=1, historySize=0, eventTime=211002, downTime=211002, deviceId=0, source=0x1002 }
06-05 14:35:18.505  1655  3262 I ActivityManager: START u0 {cmp=com.android.settings/.ChooseLockPassword (has extras)} from uid 1000 on display 0
06-05 14:35:18.510  6061  6061 D AndroidRuntime: Shutting down VM
06-05 14:35:18.516  1355  1400 W audio_hw_generic: Not supplying enough data to HAL, expected position 927653 , only wrote 927360
06-05 14:35:18.563  1355  1400 W audio_hw_generic: Hardware backing HAL too slow, could only write 0 of 720 frames
06-05 14:35:18.579  1355  1400 W audio_hw_generic: Hardware backing HAL too slow, could only write 0 of 720 frames
06-05 14:35:18.781  5391  5569 D Index   : Indexing locale 'en_US' took 28 millis
06-05 14:35:18.838  5391  5569 D Index   : Indexing locale 'en_US' took 18 millis
06-05 14:35:19.120  5391  5407 D EGL_emulation: eglMakeCurrent: 0x96ae3cc0: ver 2 0 (tinfo 0xa62459a0)
06-05 14:35:19.401  1655  1676 I ActivityManager: Displayed com.android.settings/.ChooseLockPassword: +875ms
06-05 14:35:21.020  1307  1313 E SurfaceFlinger: ro.sf.lcd_density must be defined as a build property
06-05 14:35:21.024  1307  1315 D gralloc_ranchu: gralloc_alloc: Creating ashmem region of size 1536000
06-05 14:35:21.036  6103  6103 D         : HostConnection::get() New Host Connection established 0xa991b2c0, tid 6103
06-05 14:35:21.037  6103  6103 W         : Unrecognized GLES max version string in extensions: ANDROID_EMU_CHECKSUM_HELPER_v1 ANDROID_EMU_dma_v1 
06-05 14:35:21.060  1307  1307 E EGL_emulation: tid 1307: eglCreateSyncKHR(1881): error 0x3004 (EGL_BAD_ATTRIBUTE)
06-05 14:35:21.730  1355  1401 W audio_hw_generic: Not supplying enough data to HAL, expected position 1233711 , only wrote 1081440
06-05 14:35:21.858  6108  6108 D AndroidRuntime: >>>>>> START com.android.internal.os.RuntimeInit uid 2000 <<<<<<
06-05 14:35:21.864  6108  6108 D AndroidRuntime: CheckJNI is ON
06-05 14:35:21.978  6108  6108 W art     : Unexpected CPU variant for X86 using defaults: x86
06-05 14:35:21.985  6108  6108 D ICU     : No timezone override file found: /data/misc/zoneinfo/current/icu/icu_tzdata.dat
06-05 14:35:22.028  6108  6108 E memtrack: Couldn't load memtrack module (No such file or directory)
06-05 14:35:22.028  6108  6108 E android.os.Debug: failed to load memtrack module: -2
06-05 14:35:22.030  6108  6108 I Radio-JNI: register_android_hardware_Radio DONE
06-05 14:35:22.049  6108  6108 D AndroidRuntime: Calling main entry com.android.commands.am.Am
06-05 14:35:22.078  4666  4666 D MediaScannerReceiver: action: android.intent.action.MEDIA_SCANNER_SCAN_FILE path: /storage/emulated/0/screen_2018-06-05_173521.png
06-05 14:35:22.087  6108  6108 D AndroidRuntime: Shutting down VM
06-05 14:35:23.031  2461  3565 W System.err: android.content.pm.PackageManager$NameNotFoundException: SDCards
06-05 14:35:23.031  2461  3565 W System.err: 	at android.app.ApplicationPackageManager.getPackageInfoAsUser(ApplicationPackageManager.java:147)
06-05 14:35:23.031  2461  3565 W System.err: 	at android.app.ApplicationPackageManager.getPackageInfo(ApplicationPackageManager.java:132)
06-05 14:35:23.031  2461  3565 W System.err: 	at com.estrongs.android.pop.app.b.q.c(Unknown Source)
06-05 14:35:23.031  2461  3565 W System.err: 	at com.estrongs.android.pop.app.b.q.a(Unknown Source)
06-05 14:35:23.031  2461  3565 W System.err: 	at com.estrongs.android.pop.app.scene.e.h$1.a(Unknown Source)
06-05 14:35:23.031  2461  3565 W System.err: 	at com.estrongs.android.scanner.c.j$a$1.run(Unknown Source)
06-05 14:35:23.032  2461  3565 W System.err: 	at java.util.concurrent.ThreadPoolExecutor.runWorker(ThreadPoolExecutor.java:1133)
06-05 14:35:23.032  2461  3565 W System.err: 	at java.util.concurrent.ThreadPoolExecutor$Worker.run(ThreadPoolExecutor.java:607)
06-05 14:35:23.032  2461  3565 W System.err: 	at java.lang.Thread.run(Thread.java:761)
06-05 14:35:23.162  1307  1546 E SurfaceFlinger: ro.sf.lcd_density must be defined as a build property
06-05 14:35:23.167  1307  2211 D gralloc_ranchu: gralloc_alloc: Creating ashmem region of size 1536000
06-05 14:35:23.180  6137  6137 D         : HostConnection::get() New Host Connection established 0xa981b2c0, tid 6137
06-05 14:35:23.182  6137  6137 W         : Unrecognized GLES max version string in extensions: ANDROID_EMU_CHECKSUM_HELPER_v1 ANDROID_EMU_dma_v1 
06-05 14:35:23.213  1307  1307 E EGL_emulation: tid 1307: eglCreateSyncKHR(1881): error 0x3004 (EGL_BAD_ATTRIBUTE)
06-05 14:35:23.958  6144  6144 D AndroidRuntime: >>>>>> START com.android.internal.os.RuntimeInit uid 2000 <<<<<<
06-05 14:35:23.971  6144  6144 D AndroidRuntime: CheckJNI is ON
06-05 14:35:24.058  6144  6144 W art     : Unexpected CPU variant for X86 using defaults: x86
06-05 14:35:24.065  6144  6144 D ICU     : No timezone override file found: /data/misc/zoneinfo/current/icu/icu_tzdata.dat
06-05 14:35:24.107  6144  6144 E memtrack: Couldn't load memtrack module (No such file or directory)
06-05 14:35:24.107  6144  6144 E android.os.Debug: failed to load memtrack module: -2
06-05 14:35:24.108  6144  6144 I Radio-JNI: register_android_hardware_Radio DONE
06-05 14:35:24.127  6144  6144 D AndroidRuntime: Calling main entry com.android.commands.am.Am
06-05 14:35:24.149  4666  4666 D MediaScannerReceiver: action: android.intent.action.MEDIA_SCANNER_SCAN_FILE path: /storage/emulated/0/screen_2018-06-05_173523.png
06-05 14:35:24.156  6144  6144 D AndroidRuntime: Shutting down VM
06-05 14:35:25.171  2461  3565 W System.err: android.content.pm.PackageManager$NameNotFoundException: SDCards
06-05 14:35:25.171  2461  3565 W System.err: 	at android.app.ApplicationPackageManager.getPackageInfoAsUser(ApplicationPackageManager.java:147)
06-05 14:35:25.172  2461  3565 W System.err: 	at android.app.ApplicationPackageManager.getPackageInfo(ApplicationPackageManager.java:132)
06-05 14:35:25.172  2461  3565 W System.err: 	at com.estrongs.android.pop.app.b.q.c(Unknown Source)
06-05 14:35:25.172  2461  3565 W System.err: 	at com.estrongs.android.pop.app.b.q.a(Unknown Source)
06-05 14:35:25.172  2461  3565 W System.err: 	at com.estrongs.android.pop.app.scene.e.h$1.a(Unknown Source)
06-05 14:35:25.172  2461  3565 W System.err: 	at com.estrongs.android.scanner.c.j$a$1.run(Unknown Source)
06-05 14:35:25.172  2461  3565 W System.err: 	at java.util.concurrent.ThreadPoolExecutor.runWorker(ThreadPoolExecutor.java:1133)
06-05 14:35:25.172  2461  3565 W System.err: 	at java.util.concurrent.ThreadPoolExecutor$Worker.run(ThreadPoolExecutor.java:607)
06-05 14:35:25.172  2461  3565 W System.err: 	at java.lang.Thread.run(Thread.java:761)
06-05 14:35:25.398  1307  1313 E SurfaceFlinger: ro.sf.lcd_density must be defined as a build property
06-05 14:35:25.400  1307  1315 D gralloc_ranchu: gralloc_alloc: Creating ashmem region of size 1536000
06-05 14:35:25.415  6174  6174 D         : HostConnection::get() New Host Connection established 0xa651b2c0, tid 6174
06-05 14:35:25.416  6174  6174 W         : Unrecognized GLES max version string in extensions: ANDROID_EMU_CHECKSUM_HELPER_v1 ANDROID_EMU_dma_v1 
06-05 14:35:25.435  1307  1307 E EGL_emulation: tid 1307: eglCreateSyncKHR(1881): error 0x3004 (EGL_BAD_ATTRIBUTE)
06-05 14:35:26.179  6179  6179 D AndroidRuntime: >>>>>> START com.android.internal.os.RuntimeInit uid 2000 <<<<<<
06-05 14:35:26.186  6179  6179 D AndroidRuntime: CheckJNI is ON
06-05 14:35:26.262  6179  6179 W art     : Unexpected CPU variant for X86 using defaults: x86
06-05 14:35:26.272  6179  6179 D ICU     : No timezone override file found: /data/misc/zoneinfo/current/icu/icu_tzdata.dat
06-05 14:35:26.314  6179  6179 E memtrack: Couldn't load memtrack module (No such file or directory)
06-05 14:35:26.314  6179  6179 E android.os.Debug: failed to load memtrack module: -2
06-05 14:35:26.315  6179  6179 I Radio-JNI: register_android_hardware_Radio DONE
06-05 14:35:26.336  6179  6179 D AndroidRuntime: Calling main entry com.android.commands.am.Am
06-05 14:35:26.365  4666  4666 D MediaScannerReceiver: action: android.intent.action.MEDIA_SCANNER_SCAN_FILE path: /storage/emulated/0/screen_2018-06-05_173525.png
06-05 14:35:26.373  6179  6179 D AndroidRuntime: Shutting down VM
06-05 14:35:26.744  1655  1669 I ActivityManager: Waited long enough for: ServiceRecord{fd2431d u0 com.aiguo.handydiary/com.google.firebase.iid.FirebaseInstanceIdService}
06-05 14:35:26.755  1655  1669 I ActivityManager: Waited long enough for: ServiceRecord{2679992 u0 com.macropinch.pearl/com.google.firebase.iid.FirebaseInstanceIdService}
06-05 14:35:26.774  1655  1669 I ActivityManager: Waited long enough for: ServiceRecord{fd30f63 u0 com.google.android.apps.freighter/com.google.firebase.iid.FirebaseInstanceIdService}
06-05 14:35:27.395  2461  3565 W System.err: android.content.pm.PackageManager$NameNotFoundException: SDCards
06-05 14:35:27.395  2461  3565 W System.err: 	at android.app.ApplicationPackageManager.getPackageInfoAsUser(ApplicationPackageManager.java:147)
06-05 14:35:27.395  2461  3565 W System.err: 	at android.app.ApplicationPackageManager.getPackageInfo(ApplicationPackageManager.java:132)
06-05 14:35:27.396  2461  3565 W System.err: 	at com.estrongs.android.pop.app.b.q.c(Unknown Source)
06-05 14:35:27.396  2461  3565 W System.err: 	at com.estrongs.android.pop.app.b.q.a(Unknown Source)
06-05 14:35:27.396  2461  3565 W System.err: 	at com.estrongs.android.pop.app.scene.e.h$1.a(Unknown Source)
06-05 14:35:27.396  2461  3565 W System.err: 	at com.estrongs.android.scanner.c.j$a$1.run(Unknown Source)
06-05 14:35:27.396  2461  3565 W System.err: 	at java.util.concurrent.ThreadPoolExecutor.runWorker(ThreadPoolExecutor.java:1133)
06-05 14:35:27.396  2461  3565 W System.err: 	at java.util.concurrent.ThreadPoolExecutor$Worker.run(ThreadPoolExecutor.java:607)
06-05 14:35:27.396  2461  3565 W System.err: 	at java.lang.Thread.run(Thread.java:761)
06-05 14:35:28.580  6219  6219 D AndroidRuntime: >>>>>> START com.android.internal.os.RuntimeInit uid 2000 <<<<<<
06-05 14:35:28.584  6219  6219 D AndroidRuntime: CheckJNI is ON
06-05 14:35:28.660  6219  6219 W art     : Unexpected CPU variant for X86 using defaults: x86
06-05 14:35:28.669  6219  6219 D ICU     : No timezone override file found: /data/misc/zoneinfo/current/icu/icu_tzdata.dat
06-05 14:35:28.711  6219  6219 E memtrack: Couldn't load memtrack module (No such file or directory)
06-05 14:35:28.711  6219  6219 E android.os.Debug: failed to load memtrack module: -2
06-05 14:35:28.713  6219  6219 I Radio-JNI: register_android_hardware_Radio DONE
06-05 14:35:28.732  6219  6219 D AndroidRuntime: Calling main entry com.android.commands.input.Input
06-05 14:35:28.748  6219  6219 I Input   : injectMotionEvent: MotionEvent { action=ACTION_DOWN, actionButton=0, id[0]=0, x[0]=86.0, y[0]=445.0, toolType[0]=TOOL_TYPE_UNKNOWN, buttonState=0, metaState=0, flags=0x0, edgeFlags=0x0, pointerCount=1, historySize=0, eventTime=221238, downTime=221238, deviceId=0, source=0x1002 }
06-05 14:35:28.755  6219  6219 I Input   : injectMotionEvent: MotionEvent { action=ACTION_MOVE, actionButton=0, id[0]=0, x[0]=86.0, y[0]=445.0, toolType[0]=TOOL_TYPE_UNKNOWN, buttonState=0, metaState=0, flags=0x0, edgeFlags=0x0, pointerCount=1, historySize=0, eventTime=221238, downTime=221238, deviceId=0, source=0x1002 }
06-05 14:35:28.770  6219  6219 I Input   : injectMotionEvent: MotionEvent { action=ACTION_MOVE, actionButton=0, id[0]=0, x[0]=86.0, y[0]=445.0, toolType[0]=TOOL_TYPE_UNKNOWN, buttonState=0, metaState=0, flags=0x0, edgeFlags=0x0, pointerCount=1, historySize=0, eventTime=221270, downTime=221270, deviceId=0, source=0x1002 }
06-05 14:35:28.785  6219  6219 I Input   : injectMotionEvent: MotionEvent { action=ACTION_MOVE, actionButton=0, id[0]=0, x[0]=86.0, y[0]=445.0, toolType[0]=TOOL_TYPE_UNKNOWN, buttonState=0, metaState=0, flags=0x0, edgeFlags=0x0, pointerCount=1, historySize=0, eventTime=221285, downTime=221285, deviceId=0, source=0x1002 }
06-05 14:35:28.802  6219  6219 I Input   : injectMotionEvent: MotionEvent { action=ACTION_MOVE, actionButton=0, id[0]=0, x[0]=86.0, y[0]=445.0, toolType[0]=TOOL_TYPE_UNKNOWN, buttonState=0, metaState=0, flags=0x0, edgeFlags=0x0, pointerCount=1, historySize=0, eventTime=221303, downTime=221303, deviceId=0, source=0x1002 }
06-05 14:35:28.818  6219  6219 I Input   : injectMotionEvent: MotionEvent { action=ACTION_MOVE, actionButton=0, id[0]=0, x[0]=86.0, y[0]=445.0, toolType[0]=TOOL_TYPE_UNKNOWN, buttonState=0, metaState=0, flags=0x0, edgeFlags=0x0, pointerCount=1, historySize=0, eventTime=221319, downTime=221319, deviceId=0, source=0x1002 }
06-05 14:35:28.835  6219  6219 I Input   : injectMotionEvent: MotionEvent { action=ACTION_MOVE, actionButton=0, id[0]=0, x[0]=86.0, y[0]=445.0, toolType[0]=TOOL_TYPE_UNKNOWN, buttonState=0, metaState=0, flags=0x0, edgeFlags=0x0, pointerCount=1, historySize=0, eventTime=221336, downTime=221336, deviceId=0, source=0x1002 }
06-05 14:35:28.853  6219  6219 I Input   : injectMotionEvent: MotionEvent { action=ACTION_MOVE, actionButton=0, id[0]=0, x[0]=86.0, y[0]=445.0, toolType[0]=TOOL_TYPE_UNKNOWN, buttonState=0, metaState=0, flags=0x0, edgeFlags=0x0, pointerCount=1, historySize=0, eventTime=221353, downTime=221353, deviceId=0, source=0x1002 }
06-05 14:35:28.871  6219  6219 I Input   : injectMotionEvent: MotionEvent { action=ACTION_MOVE, actionButton=0, id[0]=0, x[0]=86.0, y[0]=445.0, toolType[0]=TOOL_TYPE_UNKNOWN, buttonState=0, metaState=0, flags=0x0, edgeFlags=0x0, pointerCount=1, historySize=0, eventTime=221372, downTime=221372, deviceId=0, source=0x1002 }
06-05 14:35:28.888  6219  6219 I Input   : injectMotionEvent: MotionEvent { action=ACTION_MOVE, actionButton=0, id[0]=0, x[0]=86.0, y[0]=445.0, toolType[0]=TOOL_TYPE_UNKNOWN, buttonState=0, metaState=0, flags=0x0, edgeFlags=0x0, pointerCount=1, historySize=0, eventTime=221389, downTime=221389, deviceId=0, source=0x1002 }
06-05 14:35:28.903  6219  6219 I Input   : injectMotionEvent: MotionEvent { action=ACTION_MOVE, actionButton=0, id[0]=0, x[0]=86.0, y[0]=445.0, toolType[0]=TOOL_TYPE_UNKNOWN, buttonState=0, metaState=0, flags=0x0, edgeFlags=0x0, pointerCount=1, historySize=0, eventTime=221404, downTime=221404, deviceId=0, source=0x1002 }
06-05 14:35:28.922  6219  6219 I Input   : injectMotionEvent: MotionEvent { action=ACTION_MOVE, actionButton=0, id[0]=0, x[0]=86.0, y[0]=445.0, toolType[0]=TOOL_TYPE_UNKNOWN, buttonState=0, metaState=0, flags=0x0, edgeFlags=0x0, pointerCount=1, historySize=0, eventTime=221423, downTime=221423, deviceId=0, source=0x1002 }
06-05 14:35:28.943  6219  6219 I Input   : injectMotionEvent: MotionEvent { action=ACTION_UP, actionButton=0, id[0]=0, x[0]=86.0, y[0]=445.0, toolType[0]=TOOL_TYPE_UNKNOWN, buttonState=0, metaState=0, flags=0x0, edgeFlags=0x0, pointerCount=1, historySize=0, eventTime=221444, downTime=221444, deviceId=0, source=0x1002 }
06-05 14:35:28.958  6219  6219 D AndroidRuntime: Shutting down VM
06-05 14:35:28.989  1355  1400 W audio_hw_generic: Not supplying enough data to HAL, expected position 1081559 , only wrote 1081440
06-05 14:35:29.036  1355  1400 W audio_hw_generic: Hardware backing HAL too slow, could only write 0 of 720 frames
06-05 14:35:29.051  1355  1400 W audio_hw_generic: Hardware backing HAL too slow, could only write 0 of 720 frames
06-05 14:35:29.067  1355  1400 W audio_hw_generic: Hardware backing HAL too slow, could only write 0 of 720 frames
06-05 14:35:29.081  1355  1400 W audio_hw_generic: Hardware backing HAL too slow, could only write 0 of 720 frames
06-05 14:35:29.187  5391  5570 D Index   : Indexing locale 'en_US' took 54 millis
06-05 14:35:29.255  5391  5407 D EGL_emulation: eglMakeCurrent: 0x96ae3cc0: ver 2 0 (tinfo 0xa62459a0)
06-05 14:35:29.305  5391  5407 D EGL_emulation: eglMakeCurrent: 0x96ae3cc0: ver 2 0 (tinfo 0xa62459a0)
06-05 14:35:29.411  5391  5407 D EGL_emulation: eglMakeCurrent: 0x96ae3cc0: ver 2 0 (tinfo 0xa62459a0)
06-05 14:35:29.477  5391  5407 D OpenGLRenderer: endAllActiveAnimators on 0x94ad2780 (RippleDrawable) with handle 0xa6242620
06-05 14:35:29.884  3861  3872 I art     : Background sticky concurrent mark sweep GC freed 24891(1018KB) AllocSpace objects, 55(1792KB) LOS objects, 43% free, 2MB/4MB, paused 6.655ms total 230.742ms
06-05 14:35:29.897  5391  5391 W IInputConnectionWrapper: finishComposingText on inactive InputConnection
06-05 14:35:29.900  5391  5391 W IInputConnectionWrapper: finishComposingText on inactive InputConnection
06-05 14:35:29.935  1355  1400 W audio_hw_generic: Hardware backing HAL too slow, could only write 0 of 720 frames
06-05 14:35:29.951  1355  1400 W audio_hw_generic: Hardware backing HAL too slow, could only write 0 of 720 frames
06-05 14:35:29.966  1355  1400 W audio_hw_generic: Hardware backing HAL too slow, could only write 0 of 720 frames
06-05 14:35:29.980  1355  1400 W audio_hw_generic: Hardware backing HAL too slow, could only write 0 of 720 frames
06-05 14:35:29.997  1355  1400 W audio_hw_generic: Hardware backing HAL too slow, could only write 0 of 720 frames
06-05 14:35:30.152  3861  3872 I art     : Background partial concurrent mark sweep GC freed 22830(900KB) AllocSpace objects, 48(1804KB) LOS objects, 39% free, 2MB/3MB, paused 5.487ms total 161.217ms
06-05 14:35:31.031  1307  2211 E SurfaceFlinger: ro.sf.lcd_density must be defined as a build property
06-05 14:35:31.051  1307  2211 D gralloc_ranchu: gralloc_alloc: Creating ashmem region of size 1536000
06-05 14:35:31.064  6257  6257 D         : HostConnection::get() New Host Connection established 0xb0f1b2c0, tid 6257
06-05 14:35:31.066  6257  6257 W         : Unrecognized GLES max version string in extensions: ANDROID_EMU_CHECKSUM_HELPER_v1 ANDROID_EMU_dma_v1 
06-05 14:35:31.088  1307  1307 E EGL_emulation: tid 1307: eglCreateSyncKHR(1881): error 0x3004 (EGL_BAD_ATTRIBUTE)
06-05 14:35:31.945  6262  6262 D AndroidRuntime: >>>>>> START com.android.internal.os.RuntimeInit uid 2000 <<<<<<
06-05 14:35:31.949  6262  6262 D AndroidRuntime: CheckJNI is ON
06-05 14:35:32.040  6262  6262 W art     : Unexpected CPU variant for X86 using defaults: x86
06-05 14:35:32.052  6262  6262 D ICU     : No timezone override file found: /data/misc/zoneinfo/current/icu/icu_tzdata.dat
06-05 14:35:32.100  6262  6262 E memtrack: Couldn't load memtrack module (No such file or directory)
06-05 14:35:32.101  6262  6262 E android.os.Debug: failed to load memtrack module: -2
06-05 14:35:32.102  6262  6262 I Radio-JNI: register_android_hardware_Radio DONE
06-05 14:35:32.126  6262  6262 D AndroidRuntime: Calling main entry com.android.commands.am.Am
06-05 14:35:32.152  4666  4666 D MediaScannerReceiver: action: android.intent.action.MEDIA_SCANNER_SCAN_FILE path: /storage/emulated/0/screen_2018-06-05_173531.png
06-05 14:35:32.162  6262  6262 D AndroidRuntime: Shutting down VM
06-05 14:35:32.201  1355  1401 W audio_hw_generic: Not supplying enough data to HAL, expected position 1387602 , only wrote 1235520
06-05 14:35:33.042  2461  3565 W System.err: android.content.pm.PackageManager$NameNotFoundException: SDCards
06-05 14:35:33.042  2461  3565 W System.err: 	at android.app.ApplicationPackageManager.getPackageInfoAsUser(ApplicationPackageManager.java:147)
06-05 14:35:33.042  2461  3565 W System.err: 	at android.app.ApplicationPackageManager.getPackageInfo(ApplicationPackageManager.java:132)
06-05 14:35:33.042  2461  3565 W System.err: 	at com.estrongs.android.pop.app.b.q.c(Unknown Source)
06-05 14:35:33.042  2461  3565 W System.err: 	at com.estrongs.android.pop.app.b.q.a(Unknown Source)
06-05 14:35:33.042  2461  3565 W System.err: 	at com.estrongs.android.pop.app.scene.e.h$1.a(Unknown Source)
06-05 14:35:33.043  2461  3565 W System.err: 	at com.estrongs.android.scanner.c.j$a$1.run(Unknown Source)
06-05 14:35:33.043  2461  3565 W System.err: 	at java.util.concurrent.ThreadPoolExecutor.runWorker(ThreadPoolExecutor.java:1133)
06-05 14:35:33.043  2461  3565 W System.err: 	at java.util.concurrent.ThreadPoolExecutor$Worker.run(ThreadPoolExecutor.java:607)
06-05 14:35:33.043  2461  3565 W System.err: 	at java.lang.Thread.run(Thread.java:761)
06-05 14:35:33.257  1307  1313 E SurfaceFlinger: ro.sf.lcd_density must be defined as a build property
06-05 14:35:33.262  1307  1315 D gralloc_ranchu: gralloc_alloc: Creating ashmem region of size 1536000
06-05 14:35:33.273  6293  6293 D         : HostConnection::get() New Host Connection established 0xb231b2c0, tid 6293
06-05 14:35:33.275  6293  6293 W         : Unrecognized GLES max version string in extensions: ANDROID_EMU_CHECKSUM_HELPER_v1 ANDROID_EMU_dma_v1 
06-05 14:35:33.293  1307  1307 E EGL_emulation: tid 1307: eglCreateSyncKHR(1881): error 0x3004 (EGL_BAD_ATTRIBUTE)
06-05 14:35:34.020  6298  6298 D AndroidRuntime: >>>>>> START com.android.internal.os.RuntimeInit uid 2000 <<<<<<
06-05 14:35:34.024  6298  6298 D AndroidRuntime: CheckJNI is ON
06-05 14:35:34.133  6298  6298 W art     : Unexpected CPU variant for X86 using defaults: x86
06-05 14:35:34.142  6298  6298 D ICU     : No timezone override file found: /data/misc/zoneinfo/current/icu/icu_tzdata.dat
06-05 14:35:34.183  6298  6298 E memtrack: Couldn't load memtrack module (No such file or directory)
06-05 14:35:34.183  6298  6298 E android.os.Debug: failed to load memtrack module: -2
06-05 14:35:34.184  6298  6298 I Radio-JNI: register_android_hardware_Radio DONE
06-05 14:35:34.204  6298  6298 D AndroidRuntime: Calling main entry com.android.commands.am.Am
06-05 14:35:34.229  4666  4666 D MediaScannerReceiver: action: android.intent.action.MEDIA_SCANNER_SCAN_FILE path: /storage/emulated/0/screen_2018-06-05_173533.png
06-05 14:35:34.240  6298  6298 D AndroidRuntime: Shutting down VM
06-05 14:35:35.270  2461  3565 W System.err: android.content.pm.PackageManager$NameNotFoundException: SDCards
06-05 14:35:35.271  2461  3565 W System.err: 	at android.app.ApplicationPackageManager.getPackageInfoAsUser(ApplicationPackageManager.java:147)
06-05 14:35:35.271  2461  3565 W System.err: 	at android.app.ApplicationPackageManager.getPackageInfo(ApplicationPackageManager.java:132)
06-05 14:35:35.271  2461  3565 W System.err: 	at com.estrongs.android.pop.app.b.q.c(Unknown Source)
06-05 14:35:35.271  2461  3565 W System.err: 	at com.estrongs.android.pop.app.b.q.a(Unknown Source)
06-05 14:35:35.271  2461  3565 W System.err: 	at com.estrongs.android.pop.app.scene.e.h$1.a(Unknown Source)
06-05 14:35:35.271  2461  3565 W System.err: 	at com.estrongs.android.scanner.c.j$a$1.run(Unknown Source)
06-05 14:35:35.271  2461  3565 W System.err: 	at java.util.concurrent.ThreadPoolExecutor.runWorker(ThreadPoolExecutor.java:1133)
06-05 14:35:35.271  2461  3565 W System.err: 	at java.util.concurrent.ThreadPoolExecutor$Worker.run(ThreadPoolExecutor.java:607)
06-05 14:35:35.271  2461  3565 W System.err: 	at java.lang.Thread.run(Thread.java:761)
06-05 14:35:35.327  1307  1313 E SurfaceFlinger: ro.sf.lcd_density must be defined as a build property
06-05 14:35:35.331  1307  2211 D gralloc_ranchu: gralloc_alloc: Creating ashmem region of size 1536000
06-05 14:35:35.343  6327  6327 D         : HostConnection::get() New Host Connection established 0xb079b2c0, tid 6327
06-05 14:35:35.345  6327  6327 W         : Unrecognized GLES max version string in extensions: ANDROID_EMU_CHECKSUM_HELPER_v1 ANDROID_EMU_dma_v1 
06-05 14:35:35.367  1307  1307 E EGL_emulation: tid 1307: eglCreateSyncKHR(1881): error 0x3004 (EGL_BAD_ATTRIBUTE)
06-05 14:35:36.066  6334  6334 D AndroidRuntime: >>>>>> START com.android.internal.os.RuntimeInit uid 2000 <<<<<<
06-05 14:35:36.071  6334  6334 D AndroidRuntime: CheckJNI is ON
06-05 14:35:36.149  6334  6334 W art     : Unexpected CPU variant for X86 using defaults: x86
06-05 14:35:36.156  6334  6334 D ICU     : No timezone override file found: /data/misc/zoneinfo/current/icu/icu_tzdata.dat
06-05 14:35:36.198  6334  6334 E memtrack: Couldn't load memtrack module (No such file or directory)
06-05 14:35:36.198  6334  6334 E android.os.Debug: failed to load memtrack module: -2
06-05 14:35:36.200  6334  6334 I Radio-JNI: register_android_hardware_Radio DONE
06-05 14:35:36.218  6334  6334 D AndroidRuntime: Calling main entry com.android.commands.am.Am
06-05 14:35:36.243  4666  4666 D MediaScannerReceiver: action: android.intent.action.MEDIA_SCANNER_SCAN_FILE path: /storage/emulated/0/screen_2018-06-05_173535.png
06-05 14:35:36.254  6334  6334 D AndroidRuntime: Shutting down VM
06-05 14:35:37.280  6349  6349 D AndroidRuntime: >>>>>> START com.android.internal.os.RuntimeInit uid 2000 <<<<<<
06-05 14:35:37.287  6349  6349 D AndroidRuntime: CheckJNI is ON
06-05 14:35:37.336  2461  3565 W System.err: android.content.pm.PackageManager$NameNotFoundException: SDCards
06-05 14:35:37.337  2461  3565 W System.err: 	at android.app.ApplicationPackageManager.getPackageInfoAsUser(ApplicationPackageManager.java:147)
06-05 14:35:37.337  2461  3565 W System.err: 	at android.app.ApplicationPackageManager.getPackageInfo(ApplicationPackageManager.java:132)
06-05 14:35:37.337  2461  3565 W System.err: 	at com.estrongs.android.pop.app.b.q.c(Unknown Source)
06-05 14:35:37.337  2461  3565 W System.err: 	at com.estrongs.android.pop.app.b.q.a(Unknown Source)
06-05 14:35:37.337  2461  3565 W System.err: 	at com.estrongs.android.pop.app.scene.e.h$1.a(Unknown Source)
06-05 14:35:37.337  2461  3565 W System.err: 	at com.estrongs.android.scanner.c.j$a$1.run(Unknown Source)
06-05 14:35:37.337  2461  3565 W System.err: 	at java.util.concurrent.ThreadPoolExecutor.runWorker(ThreadPoolExecutor.java:1133)
06-05 14:35:37.337  2461  3565 W System.err: 	at java.util.concurrent.ThreadPoolExecutor$Worker.run(ThreadPoolExecutor.java:607)
06-05 14:35:37.338  2461  3565 W System.err: 	at java.lang.Thread.run(Thread.java:761)
06-05 14:35:37.383  6349  6349 W art     : Unexpected CPU variant for X86 using defaults: x86
06-05 14:35:37.392  6349  6349 D ICU     : No timezone override file found: /data/misc/zoneinfo/current/icu/icu_tzdata.dat
06-05 14:35:37.433  6349  6349 E memtrack: Couldn't load memtrack module (No such file or directory)
06-05 14:35:37.433  6349  6349 E android.os.Debug: failed to load memtrack module: -2
06-05 14:35:37.435  6349  6349 I Radio-JNI: register_android_hardware_Radio DONE
06-05 14:35:37.455  6349  6349 D AndroidRuntime: Calling main entry com.android.commands.input.Input
06-05 14:35:37.464  6349  6349 I Input   : injectKeyEvent: KeyEvent { action=ACTION_DOWN, keyCode=KEYCODE_BACK, scanCode=0, metaState=0, flags=0x0, repeatCount=0, eventTime=229965, downTime=229965, deviceId=-1, source=0x101 }
06-05 14:35:37.472  6349  6349 I Input   : injectKeyEvent: KeyEvent { action=ACTION_UP, keyCode=KEYCODE_BACK, scanCode=0, metaState=0, flags=0x0, repeatCount=0, eventTime=229965, downTime=229965, deviceId=-1, source=0x101 }
06-05 14:35:37.493  6349  6349 D AndroidRuntime: Shutting down VM
06-05 14:35:37.566  5391  5569 D Index   : Indexing locale 'en_US' took 23 millis
06-05 14:35:37.570  6349  6349 W art     : Suspending all threads took: 21.675ms
06-05 14:35:37.672  5391  5402 I art     : Background sticky concurrent mark sweep GC freed 21976(1669KB) AllocSpace objects, 16(320KB) LOS objects, 33% free, 4MB/6MB, paused 3.681ms total 101.876ms
06-05 14:35:37.678  5391  5407 D EGL_emulation: eglMakeCurrent: 0x96ae3cc0: ver 2 0 (tinfo 0xa62459a0)
06-05 14:35:38.260  3861  3872 I art     : Background sticky concurrent mark sweep GC freed 20535(757KB) AllocSpace objects, 32(1596KB) LOS objects, 39% free, 2MB/3MB, paused 5.436ms total 82.374ms
06-05 14:35:39.591  1307  1313 E SurfaceFlinger: ro.sf.lcd_density must be defined as a build property
06-05 14:35:39.594  1307  1546 D gralloc_ranchu: gralloc_alloc: Creating ashmem region of size 1536000
06-05 14:35:39.609  6383  6383 D         : HostConnection::get() New Host Connection established 0xb351b2c0, tid 6383
06-05 14:35:39.610  6383  6383 W         : Unrecognized GLES max version string in extensions: ANDROID_EMU_CHECKSUM_HELPER_v1 ANDROID_EMU_dma_v1 
06-05 14:35:39.632  1307  1307 E EGL_emulation: tid 1307: eglCreateSyncKHR(1881): error 0x3004 (EGL_BAD_ATTRIBUTE)
06-05 14:35:40.328  6390  6390 D AndroidRuntime: >>>>>> START com.android.internal.os.RuntimeInit uid 2000 <<<<<<
06-05 14:35:40.333  6390  6390 D AndroidRuntime: CheckJNI is ON
06-05 14:35:40.410  6390  6390 W art     : Unexpected CPU variant for X86 using defaults: x86
06-05 14:35:40.418  6390  6390 D ICU     : No timezone override file found: /data/misc/zoneinfo/current/icu/icu_tzdata.dat
06-05 14:35:40.463  6390  6390 E memtrack: Couldn't load memtrack module (No such file or directory)
06-05 14:35:40.463  6390  6390 E android.os.Debug: failed to load memtrack module: -2
06-05 14:35:40.465  6390  6390 I Radio-JNI: register_android_hardware_Radio DONE
06-05 14:35:40.485  6390  6390 D AndroidRuntime: Calling main entry com.android.commands.am.Am
06-05 14:35:40.510  4666  4666 D MediaScannerReceiver: action: android.intent.action.MEDIA_SCANNER_SCAN_FILE path: /storage/emulated/0/screen_2018-06-05_173539.png
06-05 14:35:40.519  6390  6390 D AndroidRuntime: Shutting down VM
06-05 14:35:41.388  1655  1665 I art     : Background sticky concurrent mark sweep GC freed 17496(1604KB) AllocSpace objects, 12(240KB) LOS objects, 15% free, 11MB/14MB, paused 6.868ms total 42.559ms
06-05 14:35:41.540  1307  1546 E SurfaceFlinger: ro.sf.lcd_density must be defined as a build property
06-05 14:35:41.543  1307  2211 D gralloc_ranchu: gralloc_alloc: Creating ashmem region of size 1536000
06-05 14:35:41.554  6417  6417 D         : HostConnection::get() New Host Connection established 0xb641b2c0, tid 6417
06-05 14:35:41.555  6417  6417 W         : Unrecognized GLES max version string in extensions: ANDROID_EMU_CHECKSUM_HELPER_v1 ANDROID_EMU_dma_v1 
06-05 14:35:41.573  1307  1307 E EGL_emulation: tid 1307: eglCreateSyncKHR(1881): error 0x3004 (EGL_BAD_ATTRIBUTE)
06-05 14:35:41.596  2461  3565 W System.err: android.content.pm.PackageManager$NameNotFoundException: SDCards
06-05 14:35:41.596  2461  3565 W System.err: 	at android.app.ApplicationPackageManager.getPackageInfoAsUser(ApplicationPackageManager.java:147)
06-05 14:35:41.597  2461  3565 W System.err: 	at android.app.ApplicationPackageManager.getPackageInfo(ApplicationPackageManager.java:132)
06-05 14:35:41.597  2461  3565 W System.err: 	at com.estrongs.android.pop.app.b.q.c(Unknown Source)
06-05 14:35:41.597  2461  3565 W System.err: 	at com.estrongs.android.pop.app.b.q.a(Unknown Source)
06-05 14:35:41.597  2461  3565 W System.err: 	at com.estrongs.android.pop.app.scene.e.h$1.a(Unknown Source)
06-05 14:35:41.597  2461  3565 W System.err: 	at com.estrongs.android.scanner.c.j$a$1.run(Unknown Source)
06-05 14:35:41.597  2461  3565 W System.err: 	at java.util.concurrent.ThreadPoolExecutor.runWorker(ThreadPoolExecutor.java:1133)
06-05 14:35:41.597  2461  3565 W System.err: 	at java.util.concurrent.ThreadPoolExecutor$Worker.run(ThreadPoolExecutor.java:607)
06-05 14:35:41.597  2461  3565 W System.err: 	at java.lang.Thread.run(Thread.java:761)
06-05 14:35:41.848  3651  5957 W InstanceID/Rpc: No response
06-05 14:35:41.857  1655  1757 I ActivityManager: Killing 4160:com.google.android.apps.photos/u0a66 (adj 906): empty #17
06-05 14:35:41.862  3699  5955 W InstanceID/Rpc: No response android.os.ConditionVariable@61c0f8e
06-05 14:35:41.863  3699  5955 D FirebaseInstanceId: background sync failed: TIMEOUT, retry in 80s
06-05 14:35:41.869  1655  3264 I ActivityManager: Killing 3800:com.android.printspooler/u0a69 (adj 906): empty #17
06-05 14:35:41.902  1655  3262 D ActivityManager: cleanUpApplicationRecord -- 4160
06-05 14:35:41.904  1655  3124 D ActivityManager: cleanUpApplicationRecord -- 3800
06-05 14:35:42.362  6424  6424 D AndroidRuntime: >>>>>> START com.android.internal.os.RuntimeInit uid 2000 <<<<<<
06-05 14:35:42.366  6424  6424 D AndroidRuntime: CheckJNI is ON
06-05 14:35:42.448  6424  6424 W art     : Unexpected CPU variant for X86 using defaults: x86
06-05 14:35:42.456  6424  6424 D ICU     : No timezone override file found: /data/misc/zoneinfo/current/icu/icu_tzdata.dat
06-05 14:35:42.497  6424  6424 E memtrack: Couldn't load memtrack module (No such file or directory)
06-05 14:35:42.497  6424  6424 E android.os.Debug: failed to load memtrack module: -2
06-05 14:35:42.499  6424  6424 I Radio-JNI: register_android_hardware_Radio DONE
06-05 14:35:42.518  6424  6424 D AndroidRuntime: Calling main entry com.android.commands.am.Am
06-05 14:35:42.537  4666  4666 D MediaScannerReceiver: action: android.intent.action.MEDIA_SCANNER_SCAN_FILE path: /storage/emulated/0/screen_2018-06-05_173541.png
06-05 14:35:42.546  6424  6424 D AndroidRuntime: Shutting down VM
06-05 14:35:43.545  2461  3565 W System.err: android.content.pm.PackageManager$NameNotFoundException: SDCards
06-05 14:35:43.545  2461  3565 W System.err: 	at android.app.ApplicationPackageManager.getPackageInfoAsUser(ApplicationPackageManager.java:147)
06-05 14:35:43.545  2461  3565 W System.err: 	at android.app.ApplicationPackageManager.getPackageInfo(ApplicationPackageManager.java:132)
06-05 14:35:43.545  2461  3565 W System.err: 	at com.estrongs.android.pop.app.b.q.c(Unknown Source)
06-05 14:35:43.546  2461  3565 W System.err: 	at com.estrongs.android.pop.app.b.q.a(Unknown Source)
06-05 14:35:43.546  2461  3565 W System.err: 	at com.estrongs.android.pop.app.scene.e.h$1.a(Unknown Source)
06-05 14:35:43.546  2461  3565 W System.err: 	at com.estrongs.android.scanner.c.j$a$1.run(Unknown Source)
06-05 14:35:43.546  2461  3565 W System.err: 	at java.util.concurrent.ThreadPoolExecutor.runWorker(ThreadPoolExecutor.java:1133)
06-05 14:35:43.546  2461  3565 W System.err: 	at java.util.concurrent.ThreadPoolExecutor$Worker.run(ThreadPoolExecutor.java:607)
06-05 14:35:43.546  2461  3565 W System.err: 	at java.lang.Thread.run(Thread.java:761)
06-05 14:35:43.605  1307  1546 E SurfaceFlinger: ro.sf.lcd_density must be defined as a build property
06-05 14:35:43.608  1307  1315 D gralloc_ranchu: gralloc_alloc: Creating ashmem region of size 1536000
06-05 14:35:43.620  6453  6453 D         : HostConnection::get() New Host Connection established 0xb1f1b2c0, tid 6453
06-05 14:35:43.620  6453  6453 W         : Unrecognized GLES max version string in extensions: ANDROID_EMU_CHECKSUM_HELPER_v1 ANDROID_EMU_dma_v1 
06-05 14:35:43.637  1307  1307 E EGL_emulation: tid 1307: eglCreateSyncKHR(1881): error 0x3004 (EGL_BAD_ATTRIBUTE)
06-05 14:35:44.389  6458  6458 D AndroidRuntime: >>>>>> START com.android.internal.os.RuntimeInit uid 2000 <<<<<<
06-05 14:35:44.394  6458  6458 D AndroidRuntime: CheckJNI is ON
06-05 14:35:44.472  6458  6458 W art     : Unexpected CPU variant for X86 using defaults: x86
06-05 14:35:44.482  6458  6458 D ICU     : No timezone override file found: /data/misc/zoneinfo/current/icu/icu_tzdata.dat
06-05 14:35:44.526  6458  6458 E memtrack: Couldn't load memtrack module (No such file or directory)
06-05 14:35:44.526  6458  6458 E android.os.Debug: failed to load memtrack module: -2
06-05 14:35:44.528  6458  6458 I Radio-JNI: register_android_hardware_Radio DONE
06-05 14:35:44.549  6458  6458 D AndroidRuntime: Calling main entry com.android.commands.am.Am
06-05 14:35:44.568  4666  4666 D MediaScannerReceiver: action: android.intent.action.MEDIA_SCANNER_SCAN_FILE path: /storage/emulated/0/screen_2018-06-05_173543.png
06-05 14:35:44.577  6458  6458 D AndroidRuntime: Shutting down VM
06-05 14:35:45.571  6473  6473 D AndroidRuntime: >>>>>> START com.android.internal.os.RuntimeInit uid 2000 <<<<<<
06-05 14:35:45.577  6473  6473 D AndroidRuntime: CheckJNI is ON
06-05 14:35:45.611  2461  3565 W System.err: android.content.pm.PackageManager$NameNotFoundException: SDCards
06-05 14:35:45.612  2461  3565 W System.err: 	at android.app.ApplicationPackageManager.getPackageInfoAsUser(ApplicationPackageManager.java:147)
06-05 14:35:45.612  2461  3565 W System.err: 	at android.app.ApplicationPackageManager.getPackageInfo(ApplicationPackageManager.java:132)
06-05 14:35:45.612  2461  3565 W System.err: 	at com.estrongs.android.pop.app.b.q.c(Unknown Source)
06-05 14:35:45.612  2461  3565 W System.err: 	at com.estrongs.android.pop.app.b.q.a(Unknown Source)
06-05 14:35:45.612  2461  3565 W System.err: 	at com.estrongs.android.pop.app.scene.e.h$1.a(Unknown Source)
06-05 14:35:45.612  2461  3565 W System.err: 	at com.estrongs.android.scanner.c.j$a$1.run(Unknown Source)
06-05 14:35:45.612  2461  3565 W System.err: 	at java.util.concurrent.ThreadPoolExecutor.runWorker(ThreadPoolExecutor.java:1133)
06-05 14:35:45.612  2461  3565 W System.err: 	at java.util.concurrent.ThreadPoolExecutor$Worker.run(ThreadPoolExecutor.java:607)
06-05 14:35:45.612  2461  3565 W System.err: 	at java.lang.Thread.run(Thread.java:761)
06-05 14:35:45.675  6473  6473 W art     : Unexpected CPU variant for X86 using defaults: x86
06-05 14:35:45.683  6473  6473 D ICU     : No timezone override file found: /data/misc/zoneinfo/current/icu/icu_tzdata.dat
06-05 14:35:45.727  6473  6473 E memtrack: Couldn't load memtrack module (No such file or directory)
06-05 14:35:45.727  6473  6473 E android.os.Debug: failed to load memtrack module: -2
06-05 14:35:45.728  6473  6473 I Radio-JNI: register_android_hardware_Radio DONE
06-05 14:35:45.750  6473  6473 D AndroidRuntime: Calling main entry com.android.commands.input.Input
06-05 14:35:45.758  6473  6473 I Input   : injectKeyEvent: KeyEvent { action=ACTION_DOWN, keyCode=KEYCODE_BACK, scanCode=0, metaState=0, flags=0x0, repeatCount=0, eventTime=238259, downTime=238259, deviceId=-1, source=0x101 }
06-05 14:35:45.765  6473  6473 I Input   : injectKeyEvent: KeyEvent { action=ACTION_UP, keyCode=KEYCODE_BACK, scanCode=0, metaState=0, flags=0x0, repeatCount=0, eventTime=238259, downTime=238259, deviceId=-1, source=0x101 }
06-05 14:35:45.779  6473  6473 D AndroidRuntime: Shutting down VM
06-05 14:35:45.847  5391  5570 D Index   : Indexing locale 'en_US' took 33 millis
06-05 14:35:45.930  5391  5407 D EGL_emulation: eglMakeCurrent: 0x96ae3cc0: ver 2 0 (tinfo 0xa62459a0)
06-05 14:35:46.274  3861  3872 I art     : Background partial concurrent mark sweep GC freed 26775(1040KB) AllocSpace objects, 38(1848KB) LOS objects, 39% free, 3MB/5MB, paused 10.441ms total 155.285ms
06-05 14:35:46.854  1863  2701 I OmtpVvmCarrierCfgHlpr: OmtpEvent:CONFIG_STATUS_SMS_TIME_OUT
06-05 14:35:46.856  1863  1863 I RetryPolicy: discarding deferred status: configuration_state=4
06-05 14:35:46.862  1863  1863 D VvmTaskScheduler: No more tasks, stopping service if no task are added in 5000 millis
06-05 14:35:46.863  1863  1863 D VvmTaskScheduler: create task:com.android.phone.vvm.omtp.ActivationTask
06-05 14:35:46.864  1863  1863 D RetryPolicy: retry #3 for com.android.phone.vvm.omtp.ActivationTask@68a8262 queued, executing in 5000
06-05 14:35:46.867  1863  1863 D VvmTaskScheduler: minimal wait time:4997
06-05 14:35:46.871  1863  1863 D VvmTaskScheduler: minimal wait time:4993
06-05 14:35:47.764  1307  1315 E SurfaceFlinger: ro.sf.lcd_density must be defined as a build property
06-05 14:35:47.774  1307  1546 D gralloc_ranchu: gralloc_alloc: Creating ashmem region of size 1536000
06-05 14:35:47.788  6508  6508 D         : HostConnection::get() New Host Connection established 0xb5e1b2c0, tid 6508
06-05 14:35:47.794  6508  6508 W         : Unrecognized GLES max version string in extensions: ANDROID_EMU_CHECKSUM_HELPER_v1 ANDROID_EMU_dma_v1 
06-05 14:35:47.819  1307  1307 E EGL_emulation: tid 1307: eglCreateSyncKHR(1881): error 0x3004 (EGL_BAD_ATTRIBUTE)
06-05 14:35:48.594  6515  6515 D AndroidRuntime: >>>>>> START com.android.internal.os.RuntimeInit uid 2000 <<<<<<
06-05 14:35:48.598  6515  6515 D AndroidRuntime: CheckJNI is ON
06-05 14:35:48.692  6515  6515 W art     : Unexpected CPU variant for X86 using defaults: x86
06-05 14:35:48.706  6515  6515 D ICU     : No timezone override file found: /data/misc/zoneinfo/current/icu/icu_tzdata.dat
06-05 14:35:48.749  6515  6515 E memtrack: Couldn't load memtrack module (No such file or directory)
06-05 14:35:48.749  6515  6515 E android.os.Debug: failed to load memtrack module: -2
06-05 14:35:48.754  6515  6515 I Radio-JNI: register_android_hardware_Radio DONE
06-05 14:35:48.775  6515  6515 D AndroidRuntime: Calling main entry com.android.commands.am.Am
06-05 14:35:48.801  4666  4666 D MediaScannerReceiver: action: android.intent.action.MEDIA_SCANNER_SCAN_FILE path: /storage/emulated/0/screen_2018-06-05_173547.png
06-05 14:35:48.809  6515  6515 D AndroidRuntime: Shutting down VM
06-05 14:35:49.777  2461  3565 W System.err: android.content.pm.PackageManager$NameNotFoundException: SDCards
06-05 14:35:49.778  2461  3565 W System.err: 	at android.app.ApplicationPackageManager.getPackageInfoAsUser(ApplicationPackageManager.java:147)
06-05 14:35:49.778  2461  3565 W System.err: 	at android.app.ApplicationPackageManager.getPackageInfo(ApplicationPackageManager.java:132)
06-05 14:35:49.778  2461  3565 W System.err: 	at com.estrongs.android.pop.app.b.q.c(Unknown Source)
06-05 14:35:49.778  2461  3565 W System.err: 	at com.estrongs.android.pop.app.b.q.a(Unknown Source)
06-05 14:35:49.779  2461  3565 W System.err: 	at com.estrongs.android.pop.app.scene.e.h$1.a(Unknown Source)
06-05 14:35:49.779  2461  3565 W System.err: 	at com.estrongs.android.scanner.c.j$a$1.run(Unknown Source)
06-05 14:35:49.779  2461  3565 W System.err: 	at java.util.concurrent.ThreadPoolExecutor.runWorker(ThreadPoolExecutor.java:1133)
06-05 14:35:49.780  2461  3565 W System.err: 	at java.util.concurrent.ThreadPoolExecutor$Worker.run(ThreadPoolExecutor.java:607)
06-05 14:35:49.780  2461  3565 W System.err: 	at java.lang.Thread.run(Thread.java:761)
06-05 14:35:49.889  1307  2211 E SurfaceFlinger: ro.sf.lcd_density must be defined as a build property
06-05 14:35:49.892  1307  1755 D gralloc_ranchu: gralloc_alloc: Creating ashmem region of size 1536000
06-05 14:35:49.903  6544  6544 D         : HostConnection::get() New Host Connection established 0xb559b2c0, tid 6544
06-05 14:35:49.904  6544  6544 W         : Unrecognized GLES max version string in extensions: ANDROID_EMU_CHECKSUM_HELPER_v1 ANDROID_EMU_dma_v1 
06-05 14:35:49.925  1307  1307 E EGL_emulation: tid 1307: eglCreateSyncKHR(1881): error 0x3004 (EGL_BAD_ATTRIBUTE)
06-05 14:35:50.706  6552  6552 D AndroidRuntime: >>>>>> START com.android.internal.os.RuntimeInit uid 2000 <<<<<<
06-05 14:35:50.710  6552  6552 D AndroidRuntime: CheckJNI is ON
06-05 14:35:50.787  6552  6552 W art     : Unexpected CPU variant for X86 using defaults: x86
06-05 14:35:50.796  6552  6552 D ICU     : No timezone override file found: /data/misc/zoneinfo/current/icu/icu_tzdata.dat
06-05 14:35:50.837  6552  6552 E memtrack: Couldn't load memtrack module (No such file or directory)
06-05 14:35:50.837  6552  6552 E android.os.Debug: failed to load memtrack module: -2
06-05 14:35:50.839  6552  6552 I Radio-JNI: register_android_hardware_Radio DONE
06-05 14:35:50.860  6552  6552 D AndroidRuntime: Calling main entry com.android.commands.am.Am
06-05 14:35:50.877  4666  4666 D MediaScannerReceiver: action: android.intent.action.MEDIA_SCANNER_SCAN_FILE path: /storage/emulated/0/screen_2018-06-05_173550.png
06-05 14:35:50.887  6552  6552 D AndroidRuntime: Shutting down VM
06-05 14:35:51.389  2262  2950 E ProcessCheckinRequest: CheckinNowTaskTag : Checkin failed: https://android.clients.google.com/checkin (request #0): java.net.UnknownHostException: Unable to resolve host "android.clients.google.com": No address associated with hostname
06-05 14:35:51.391  2079  3138 W GLSUser : [AppCertManager] IOException while requesting key: 
06-05 14:35:51.470  2262  5936 I EventLogChimeraService: Accumulating logs since 1528209259442
06-05 14:35:51.473  2079  5898 E Uploader: Clearcut upload error
06-05 14:35:51.704  2079  3252 E NetworkScheduler: ignoring stale queue check message
06-05 14:35:51.890  1863  2701 V VvmTaskScheduler: executing task com.android.phone.vvm.omtp.ActivationTask@68a8262
06-05 14:35:51.902  2262  5936 I ProcessCheckinRequest: Get token from PseudonymousIdApi: 130=ZO9_dwEe0_iogPqDboEmQetQSUjeBPhrmH-MWOduaOE_FQPf97EznpZxNnXIM1ufTMbdZLdC_dEsjZN5TWJT8GJ2oHeHpDQDpi-oUrEioLLVf-6jdbq81-qqNQ3_zinP
06-05 14:35:51.902  2262  5936 I CheckinRequestBuilder: Checkin reason type: 1 attempt count: 3
06-05 14:35:51.904  2262  5936 E ActivityThread: Failed to find provider info for com.google.android.wearable.settings
06-05 14:35:51.920  2461  3565 W System.err: android.content.pm.PackageManager$NameNotFoundException: SDCards
06-05 14:35:51.922  2461  3565 W System.err: 	at android.app.ApplicationPackageManager.getPackageInfoAsUser(ApplicationPackageManager.java:147)
06-05 14:35:51.922  2461  3565 W System.err: 	at android.app.ApplicationPackageManager.getPackageInfo(ApplicationPackageManager.java:132)
06-05 14:35:51.922  2461  3565 W System.err: 	at com.estrongs.android.pop.app.b.q.c(Unknown Source)
06-05 14:35:51.922  2461  3565 W System.err: 	at com.estrongs.android.pop.app.b.q.a(Unknown Source)
06-05 14:35:51.922  2461  3565 W System.err: 	at com.estrongs.android.pop.app.scene.e.h$1.a(Unknown Source)
06-05 14:35:51.922  2461  3565 W System.err: 	at com.estrongs.android.scanner.c.j$a$1.run(Unknown Source)
06-05 14:35:51.922  2461  3565 W System.err: 	at java.util.concurrent.ThreadPoolExecutor.runWorker(ThreadPoolExecutor.java:1133)
06-05 14:35:51.922  2461  3565 W System.err: 	at java.util.concurrent.ThreadPoolExecutor$Worker.run(ThreadPoolExecutor.java:607)
06-05 14:35:51.922  2461  3565 W System.err: 	at java.lang.Thread.run(Thread.java:761)
06-05 14:35:51.959  1863  2701 I VvmActivationTask: VVM content provider configured - vvm_type_cvvm
06-05 14:35:51.959  1863  2701 I OmtpVvmCarrierCfgHlpr: OmtpEvent:CONFIG_ACTIVATING
06-05 14:35:51.998  1863  2701 V OmtpMessageSender: Sending BINARY sms 'Activate:dt=15' to 122:1808
06-05 14:35:52.045  1863  1863 D VvmStatusSmsFetcher: Request SMS successfully sent
06-05 14:35:52.130  1307  1546 E SurfaceFlinger: ro.sf.lcd_density must be defined as a build property
06-05 14:35:52.134  1307  2211 D gralloc_ranchu: gralloc_alloc: Creating ashmem region of size 1536000
06-05 14:35:52.145  6591  6591 D         : HostConnection::get() New Host Connection established 0xa751b2c0, tid 6591
06-05 14:35:52.146  6591  6591 W         : Unrecognized GLES max version string in extensions: ANDROID_EMU_CHECKSUM_HELPER_v1 ANDROID_EMU_dma_v1 
06-05 14:35:52.175  1307  1307 E EGL_emulation: tid 1307: eglCreateSyncKHR(1881): error 0x3004 (EGL_BAD_ATTRIBUTE)
06-05 14:35:52.557  1655  1655 I ActivityManager: Start proc 6597:com.google.android.apps.photos/u0a66 for service com.google.android.apps.photos/.jobscheduler.CameraShortcutJobSchedulerService
06-05 14:35:52.563  6597  6597 W art     : Unexpected CPU variant for X86 using defaults: x86
