06-05 14:37:01.815  7674  7674 D         : HostConnection::get() New Host Connection established 0xac49b2c0, tid 7674
06-05 14:37:01.816  7674  7674 W         : Unrecognized GLES max version string in extensions: ANDROID_EMU_CHECKSUM_HELPER_v1 ANDROID_EMU_dma_v1 
06-05 14:37:01.836  1307  1307 E EGL_emulation: tid 1307: eglCreateSyncKHR(1881): error 0x3004 (EGL_BAD_ATTRIBUTE)
06-05 14:37:02.554  7679  7679 D AndroidRuntime: >>>>>> START com.android.internal.os.RuntimeInit uid 2000 <<<<<<
06-05 14:37:02.558  7679  7679 D AndroidRuntime: CheckJNI is ON
06-05 14:37:02.673  7679  7679 W art     : Unexpected CPU variant for X86 using defaults: x86
06-05 14:37:02.682  7679  7679 D ICU     : No timezone override file found: /data/misc/zoneinfo/current/icu/icu_tzdata.dat
06-05 14:37:02.719  7679  7679 E memtrack: Couldn't load memtrack module (No such file or directory)
06-05 14:37:02.720  7679  7679 E android.os.Debug: failed to load memtrack module: -2
06-05 14:37:02.722  7679  7679 I Radio-JNI: register_android_hardware_Radio DONE
06-05 14:37:02.755  7679  7679 D AndroidRuntime: Calling main entry com.android.commands.am.Am
06-05 14:37:02.770  4666  4666 D MediaScannerReceiver: action: android.intent.action.MEDIA_SCANNER_SCAN_FILE path: /storage/emulated/0/screen_2018-06-05_173702.png
06-05 14:37:02.777  7679  7679 D AndroidRuntime: Shutting down VM
06-05 14:37:03.812  2461  3565 W System.err: android.content.pm.PackageManager$NameNotFoundException: SDCards
06-05 14:37:03.812  2461  3565 W System.err: 	at android.app.ApplicationPackageManager.getPackageInfoAsUser(ApplicationPackageManager.java:147)
06-05 14:37:03.812  2461  3565 W System.err: 	at android.app.ApplicationPackageManager.getPackageInfo(ApplicationPackageManager.java:132)
06-05 14:37:03.812  2461  3565 W System.err: 	at com.estrongs.android.pop.app.b.q.c(Unknown Source)
06-05 14:37:03.812  2461  3565 W System.err: 	at com.estrongs.android.pop.app.b.q.a(Unknown Source)
06-05 14:37:03.813  2461  3565 W System.err: 	at com.estrongs.android.pop.app.scene.e.h$1.a(Unknown Source)
06-05 14:37:03.813  2461  3565 W System.err: 	at com.estrongs.android.scanner.c.j$a$1.run(Unknown Source)
06-05 14:37:03.813  2461  3565 W System.err: 	at java.util.concurrent.ThreadPoolExecutor.runWorker(ThreadPoolExecutor.java:1133)
06-05 14:37:03.813  2461  3565 W System.err: 	at java.util.concurrent.ThreadPoolExecutor$Worker.run(ThreadPoolExecutor.java:607)
06-05 14:37:03.813  2461  3565 W System.err: 	at java.lang.Thread.run(Thread.java:761)
06-05 14:37:04.958  7719  7719 D AndroidRuntime: >>>>>> START com.android.internal.os.RuntimeInit uid 2000 <<<<<<
06-05 14:37:04.963  7719  7719 D AndroidRuntime: CheckJNI is ON
06-05 14:37:05.041  7719  7719 W art     : Unexpected CPU variant for X86 using defaults: x86
06-05 14:37:05.051  7719  7719 D ICU     : No timezone override file found: /data/misc/zoneinfo/current/icu/icu_tzdata.dat
06-05 14:37:05.102  7719  7719 E memtrack: Couldn't load memtrack module (No such file or directory)
06-05 14:37:05.102  7719  7719 E android.os.Debug: failed to load memtrack module: -2
06-05 14:37:05.104  7719  7719 I Radio-JNI: register_android_hardware_Radio DONE
06-05 14:37:05.134  7719  7719 D AndroidRuntime: Calling main entry com.android.commands.input.Input
06-05 14:37:05.142  7719  7719 I Input   : injectMotionEvent: MotionEvent { action=ACTION_DOWN, actionButton=0, id[0]=0, x[0]=284.0, y[0]=502.0, toolType[0]=TOOL_TYPE_UNKNOWN, buttonState=0, metaState=0, flags=0x0, edgeFlags=0x0, pointerCount=1, historySize=0, eventTime=317639, downTime=317639, deviceId=0, source=0x1002 }
06-05 14:37:05.146  7719  7719 I Input   : injectMotionEvent: MotionEvent { action=ACTION_MOVE, actionButton=0, id[0]=0, x[0]=284.0, y[0]=502.0, toolType[0]=TOOL_TYPE_UNKNOWN, buttonState=0, metaState=0, flags=0x0, edgeFlags=0x0, pointerCount=1, historySize=0, eventTime=317639, downTime=317639, deviceId=0, source=0x1002 }
06-05 14:37:05.169  7719  7719 I Input   : injectMotionEvent: MotionEvent { action=ACTION_MOVE, actionButton=0, id[0]=0, x[0]=284.0, y[0]=502.0, toolType[0]=TOOL_TYPE_UNKNOWN, buttonState=0, metaState=0, flags=0x0, edgeFlags=0x0, pointerCount=1, historySize=0, eventTime=317669, downTime=317669, deviceId=0, source=0x1002 }
06-05 14:37:05.187  7719  7719 I Input   : injectMotionEvent: MotionEvent { action=ACTION_MOVE, actionButton=0, id[0]=0, x[0]=284.0, y[0]=502.0, toolType[0]=TOOL_TYPE_UNKNOWN, buttonState=0, metaState=0, flags=0x0, edgeFlags=0x0, pointerCount=1, historySize=0, eventTime=317688, downTime=317688, deviceId=0, source=0x1002 }
06-05 14:37:05.202  7719  7719 I Input   : injectMotionEvent: MotionEvent { action=ACTION_MOVE, actionButton=0, id[0]=0, x[0]=284.0, y[0]=502.0, toolType[0]=TOOL_TYPE_UNKNOWN, buttonState=0, metaState=0, flags=0x0, edgeFlags=0x0, pointerCount=1, historySize=0, eventTime=317703, downTime=317703, deviceId=0, source=0x1002 }
06-05 14:37:05.221  7719  7719 I Input   : injectMotionEvent: MotionEvent { action=ACTION_MOVE, actionButton=0, id[0]=0, x[0]=284.0, y[0]=502.0, toolType[0]=TOOL_TYPE_UNKNOWN, buttonState=0, metaState=0, flags=0x0, edgeFlags=0x0, pointerCount=1, historySize=0, eventTime=317722, downTime=317722, deviceId=0, source=0x1002 }
06-05 14:37:05.236  7719  7719 I Input   : injectMotionEvent: MotionEvent { action=ACTION_MOVE, actionButton=0, id[0]=0, x[0]=284.0, y[0]=502.0, toolType[0]=TOOL_TYPE_UNKNOWN, buttonState=0, metaState=0, flags=0x0, edgeFlags=0x0, pointerCount=1, historySize=0, eventTime=317737, downTime=317737, deviceId=0, source=0x1002 }
06-05 14:37:05.253  7719  7719 I Input   : injectMotionEvent: MotionEvent { action=ACTION_MOVE, actionButton=0, id[0]=0, x[0]=284.0, y[0]=502.0, toolType[0]=TOOL_TYPE_UNKNOWN, buttonState=0, metaState=0, flags=0x0, edgeFlags=0x0, pointerCount=1, historySize=0, eventTime=317754, downTime=317754, deviceId=0, source=0x1002 }
06-05 14:37:05.273  7719  7719 I Input   : injectMotionEvent: MotionEvent { action=ACTION_MOVE, actionButton=0, id[0]=0, x[0]=284.0, y[0]=502.0, toolType[0]=TOOL_TYPE_UNKNOWN, buttonState=0, metaState=0, flags=0x0, edgeFlags=0x0, pointerCount=1, historySize=0, eventTime=317773, downTime=317773, deviceId=0, source=0x1002 }
06-05 14:37:05.287  7719  7719 I Input   : injectMotionEvent: MotionEvent { action=ACTION_MOVE, actionButton=0, id[0]=0, x[0]=284.0, y[0]=502.0, toolType[0]=TOOL_TYPE_UNKNOWN, buttonState=0, metaState=0, flags=0x0, edgeFlags=0x0, pointerCount=1, historySize=0, eventTime=317787, downTime=317787, deviceId=0, source=0x1002 }
06-05 14:37:05.305  7719  7719 I Input   : injectMotionEvent: MotionEvent { action=ACTION_MOVE, actionButton=0, id[0]=0, x[0]=284.0, y[0]=502.0, toolType[0]=TOOL_TYPE_UNKNOWN, buttonState=0, metaState=0, flags=0x0, edgeFlags=0x0, pointerCount=1, historySize=0, eventTime=317806, downTime=317806, deviceId=0, source=0x1002 }
06-05 14:37:05.322  7719  7719 I Input   : injectMotionEvent: MotionEvent { action=ACTION_MOVE, actionButton=0, id[0]=0, x[0]=284.0, y[0]=502.0, toolType[0]=TOOL_TYPE_UNKNOWN, buttonState=0, metaState=0, flags=0x0, edgeFlags=0x0, pointerCount=1, historySize=0, eventTime=317822, downTime=317822, deviceId=0, source=0x1002 }
06-05 14:37:05.337  7719  7719 I Input   : injectMotionEvent: MotionEvent { action=ACTION_MOVE, actionButton=0, id[0]=0, x[0]=284.0, y[0]=502.0, toolType[0]=TOOL_TYPE_UNKNOWN, buttonState=0, metaState=0, flags=0x0, edgeFlags=0x0, pointerCount=1, historySize=0, eventTime=317838, downTime=317838, deviceId=0, source=0x1002 }
06-05 14:37:05.353  7719  7719 I Input   : injectMotionEvent: MotionEvent { action=ACTION_UP, actionButton=0, id[0]=0, x[0]=284.0, y[0]=502.0, toolType[0]=TOOL_TYPE_UNKNOWN, buttonState=0, metaState=0, flags=0x0, edgeFlags=0x0, pointerCount=1, historySize=0, eventTime=317854, downTime=317854, deviceId=0, source=0x1002 }
06-05 14:37:05.365  7719  7719 D AndroidRuntime: Shutting down VM
06-05 14:37:05.379  5391  5407 D EGL_emulation: eglMakeCurrent: 0x96ae3cc0: ver 2 0 (tinfo 0xa62459a0)
06-05 14:37:05.381  1355  1400 W audio_hw_generic: Not supplying enough data to HAL, expected position 2008186 , only wrote 2008080
06-05 14:37:05.428  1355  1400 W audio_hw_generic: Hardware backing HAL too slow, could only write 0 of 720 frames
06-05 14:37:05.442  1355  1400 W audio_hw_generic: Hardware backing HAL too slow, could only write 0 of 720 frames
06-05 14:37:05.457  1355  1400 W audio_hw_generic: Hardware backing HAL too slow, could only write 0 of 720 frames
06-05 14:37:05.484  4810  4810 W IInputConnectionWrapper: reportFullscreenMode on inexistent InputConnection
06-05 14:37:05.486  4810  4810 W IInputConnectionWrapper: finishComposingText on inactive InputConnection
06-05 14:37:06.018  3861  3872 I art     : Background sticky concurrent mark sweep GC freed 19946(1034KB) AllocSpace objects, 43(992KB) LOS objects, 38% free, 2MB/4MB, paused 14.246ms total 154.900ms
06-05 14:37:07.204  1307  1755 E SurfaceFlinger: ro.sf.lcd_density must be defined as a build property
06-05 14:37:07.208  1307  1313 D gralloc_ranchu: gralloc_alloc: Creating ashmem region of size 1536000
06-05 14:37:07.222  7755  7755 D         : HostConnection::get() New Host Connection established 0xb201b2c0, tid 7755
06-05 14:37:07.223  7755  7755 W         : Unrecognized GLES max version string in extensions: ANDROID_EMU_CHECKSUM_HELPER_v1 ANDROID_EMU_dma_v1 
06-05 14:37:07.245  1307  1307 E EGL_emulation: tid 1307: eglCreateSyncKHR(1881): error 0x3004 (EGL_BAD_ATTRIBUTE)
06-05 14:37:08.093  7760  7760 D AndroidRuntime: >>>>>> START com.android.internal.os.RuntimeInit uid 2000 <<<<<<
06-05 14:37:08.100  7760  7760 D AndroidRuntime: CheckJNI is ON
06-05 14:37:08.188  7760  7760 W art     : Unexpected CPU variant for X86 using defaults: x86
06-05 14:37:08.197  7760  7760 D ICU     : No timezone override file found: /data/misc/zoneinfo/current/icu/icu_tzdata.dat
06-05 14:37:08.245  7760  7760 E memtrack: Couldn't load memtrack module (No such file or directory)
06-05 14:37:08.245  7760  7760 E android.os.Debug: failed to load memtrack module: -2
06-05 14:37:08.247  7760  7760 I Radio-JNI: register_android_hardware_Radio DONE
06-05 14:37:08.270  7760  7760 D AndroidRuntime: Calling main entry com.android.commands.am.Am
06-05 14:37:08.308  4666  4666 D MediaScannerReceiver: action: android.intent.action.MEDIA_SCANNER_SCAN_FILE path: /storage/emulated/0/screen_2018-06-05_173707.png
06-05 14:37:08.320  7760  7760 D AndroidRuntime: Shutting down VM
06-05 14:37:08.592  1355  1401 W audio_hw_generic: Not supplying enough data to HAL, expected position 2314315 , only wrote 2162160
06-05 14:37:09.210  2461  3565 W System.err: android.content.pm.PackageManager$NameNotFoundException: SDCards
06-05 14:37:09.210  2461  3565 W System.err: 	at android.app.ApplicationPackageManager.getPackageInfoAsUser(ApplicationPackageManager.java:147)
06-05 14:37:09.211  2461  3565 W System.err: 	at android.app.ApplicationPackageManager.getPackageInfo(ApplicationPackageManager.java:132)
06-05 14:37:09.211  2461  3565 W System.err: 	at com.estrongs.android.pop.app.b.q.c(Unknown Source)
06-05 14:37:09.211  2461  3565 W System.err: 	at com.estrongs.android.pop.app.b.q.a(Unknown Source)
06-05 14:37:09.212  2461  3565 W System.err: 	at com.estrongs.android.pop.app.scene.e.h$1.a(Unknown Source)
06-05 14:37:09.212  2461  3565 W System.err: 	at com.estrongs.android.scanner.c.j$a$1.run(Unknown Source)
06-05 14:37:09.212  2461  3565 W System.err: 	at java.util.concurrent.ThreadPoolExecutor.runWorker(ThreadPoolExecutor.java:1133)
06-05 14:37:09.212  2461  3565 W System.err: 	at java.util.concurrent.ThreadPoolExecutor$Worker.run(ThreadPoolExecutor.java:607)
06-05 14:37:09.213  2461  3565 W System.err: 	at java.lang.Thread.run(Thread.java:761)
06-05 14:37:09.257  1655  1665 I art     : Background sticky concurrent mark sweep GC freed 11072(976KB) AllocSpace objects, 8(160KB) LOS objects, 9% free, 12MB/14MB, paused 8.805ms total 61.350ms
06-05 14:37:09.407  1307  1755 E SurfaceFlinger: ro.sf.lcd_density must be defined as a build property
06-05 14:37:09.412  1307  1313 D gralloc_ranchu: gralloc_alloc: Creating ashmem region of size 1536000
06-05 14:37:09.423  7791  7791 D         : HostConnection::get() New Host Connection established 0xb531b2c0, tid 7791
06-05 14:37:09.424  7791  7791 W         : Unrecognized GLES max version string in extensions: ANDROID_EMU_CHECKSUM_HELPER_v1 ANDROID_EMU_dma_v1 
06-05 14:37:09.442  1307  1307 E EGL_emulation: tid 1307: eglCreateSyncKHR(1881): error 0x3004 (EGL_BAD_ATTRIBUTE)
06-05 14:37:10.145  7796  7796 D AndroidRuntime: >>>>>> START com.android.internal.os.RuntimeInit uid 2000 <<<<<<
06-05 14:37:10.149  7796  7796 D AndroidRuntime: CheckJNI is ON
06-05 14:37:10.245  7796  7796 W art     : Unexpected CPU variant for X86 using defaults: x86
06-05 14:37:10.251  7796  7796 D ICU     : No timezone override file found: /data/misc/zoneinfo/current/icu/icu_tzdata.dat
06-05 14:37:10.309  7796  7796 E memtrack: Couldn't load memtrack module (No such file or directory)
06-05 14:37:10.309  7796  7796 E android.os.Debug: failed to load memtrack module: -2
06-05 14:37:10.312  7796  7796 I Radio-JNI: register_android_hardware_Radio DONE
06-05 14:37:10.333  7796  7796 D AndroidRuntime: Calling main entry com.android.commands.am.Am
06-05 14:37:10.361  4666  4666 D MediaScannerReceiver: action: android.intent.action.MEDIA_SCANNER_SCAN_FILE path: /storage/emulated/0/screen_2018-06-05_173709.png
06-05 14:37:10.371  7796  7796 D AndroidRuntime: Shutting down VM
06-05 14:37:11.419  2461  3565 W System.err: android.content.pm.PackageManager$NameNotFoundException: SDCards
06-05 14:37:11.419  2461  3565 W System.err: 	at android.app.ApplicationPackageManager.getPackageInfoAsUser(ApplicationPackageManager.java:147)
06-05 14:37:11.419  2461  3565 W System.err: 	at android.app.ApplicationPackageManager.getPackageInfo(ApplicationPackageManager.java:132)
06-05 14:37:11.419  2461  3565 W System.err: 	at com.estrongs.android.pop.app.b.q.c(Unknown Source)
06-05 14:37:11.419  2461  3565 W System.err: 	at com.estrongs.android.pop.app.b.q.a(Unknown Source)
06-05 14:37:11.419  2461  3565 W System.err: 	at com.estrongs.android.pop.app.scene.e.h$1.a(Unknown Source)
06-05 14:37:11.420  2461  3565 W System.err: 	at com.estrongs.android.scanner.c.j$a$1.run(Unknown Source)
06-05 14:37:11.420  2461  3565 W System.err: 	at java.util.concurrent.ThreadPoolExecutor.runWorker(ThreadPoolExecutor.java:1133)
06-05 14:37:11.420  2461  3565 W System.err: 	at java.util.concurrent.ThreadPoolExecutor$Worker.run(ThreadPoolExecutor.java:607)
06-05 14:37:11.420  2461  3565 W System.err: 	at java.lang.Thread.run(Thread.java:761)
06-05 14:37:11.455  1307  1546 E SurfaceFlinger: ro.sf.lcd_density must be defined as a build property
06-05 14:37:11.456  1307  2211 D gralloc_ranchu: gralloc_alloc: Creating ashmem region of size 1536000
06-05 14:37:11.469  7827  7827 D         : HostConnection::get() New Host Connection established 0xa8c1b2c0, tid 7827
06-05 14:37:11.471  7827  7827 W         : Unrecognized GLES max version string in extensions: ANDROID_EMU_CHECKSUM_HELPER_v1 ANDROID_EMU_dma_v1 
06-05 14:37:11.495  1307  1307 E EGL_emulation: tid 1307: eglCreateSyncKHR(1881): error 0x3004 (EGL_BAD_ATTRIBUTE)
06-05 14:37:12.219  7834  7834 D AndroidRuntime: >>>>>> START com.android.internal.os.RuntimeInit uid 2000 <<<<<<
06-05 14:37:12.224  7834  7834 D AndroidRuntime: CheckJNI is ON
06-05 14:37:12.302  7834  7834 W art     : Unexpected CPU variant for X86 using defaults: x86
06-05 14:37:12.311  7834  7834 D ICU     : No timezone override file found: /data/misc/zoneinfo/current/icu/icu_tzdata.dat
06-05 14:37:12.357  7834  7834 E memtrack: Couldn't load memtrack module (No such file or directory)
06-05 14:37:12.357  7834  7834 E android.os.Debug: failed to load memtrack module: -2
06-05 14:37:12.359  7834  7834 I Radio-JNI: register_android_hardware_Radio DONE
06-05 14:37:12.380  7834  7834 D AndroidRuntime: Calling main entry com.android.commands.am.Am
06-05 14:37:12.402  4666  4666 D MediaScannerReceiver: action: android.intent.action.MEDIA_SCANNER_SCAN_FILE path: /storage/emulated/0/screen_2018-06-05_173711.png
06-05 14:37:12.418  7834  7834 D AndroidRuntime: Shutting down VM
06-05 14:37:13.461  2461  3565 W System.err: android.content.pm.PackageManager$NameNotFoundException: SDCards
06-05 14:37:13.462  2461  3565 W System.err: 	at android.app.ApplicationPackageManager.getPackageInfoAsUser(ApplicationPackageManager.java:147)
06-05 14:37:13.462  2461  3565 W System.err: 	at android.app.ApplicationPackageManager.getPackageInfo(ApplicationPackageManager.java:132)
06-05 14:37:13.462  2461  3565 W System.err: 	at com.estrongs.android.pop.app.b.q.c(Unknown Source)
06-05 14:37:13.462  2461  3565 W System.err: 	at com.estrongs.android.pop.app.b.q.a(Unknown Source)
06-05 14:37:13.462  2461  3565 W System.err: 	at com.estrongs.android.pop.app.scene.e.h$1.a(Unknown Source)
06-05 14:37:13.462  2461  3565 W System.err: 	at com.estrongs.android.scanner.c.j$a$1.run(Unknown Source)
06-05 14:37:13.462  2461  3565 W System.err: 	at java.util.concurrent.ThreadPoolExecutor.runWorker(ThreadPoolExecutor.java:1133)
06-05 14:37:13.462  2461  3565 W System.err: 	at java.util.concurrent.ThreadPoolExecutor$Worker.run(ThreadPoolExecutor.java:607)
06-05 14:37:13.462  2461  3565 W System.err: 	at java.lang.Thread.run(Thread.java:761)
06-05 14:37:14.627  7874  7874 D AndroidRuntime: >>>>>> START com.android.internal.os.RuntimeInit uid 2000 <<<<<<
06-05 14:37:14.632  7874  7874 D AndroidRuntime: CheckJNI is ON
06-05 14:37:14.706  7874  7874 W art     : Unexpected CPU variant for X86 using defaults: x86
06-05 14:37:14.717  7874  7874 D ICU     : No timezone override file found: /data/misc/zoneinfo/current/icu/icu_tzdata.dat
06-05 14:37:14.757  7874  7874 E memtrack: Couldn't load memtrack module (No such file or directory)
06-05 14:37:14.757  7874  7874 E android.os.Debug: failed to load memtrack module: -2
06-05 14:37:14.759  7874  7874 I Radio-JNI: register_android_hardware_Radio DONE
06-05 14:37:14.780  7874  7874 D AndroidRuntime: Calling main entry com.android.commands.input.Input
06-05 14:37:14.793  7874  7874 I Input   : injectMotionEvent: MotionEvent { action=ACTION_DOWN, actionButton=0, id[0]=0, x[0]=232.0, y[0]=470.0, toolType[0]=TOOL_TYPE_UNKNOWN, buttonState=0, metaState=0, flags=0x0, edgeFlags=0x0, pointerCount=1, historySize=0, eventTime=327291, downTime=327291, deviceId=0, source=0x1002 }
06-05 14:37:14.798  7874  7874 I Input   : injectMotionEvent: MotionEvent { action=ACTION_MOVE, actionButton=0, id[0]=0, x[0]=232.0, y[0]=470.0, toolType[0]=TOOL_TYPE_UNKNOWN, buttonState=0, metaState=0, flags=0x0, edgeFlags=0x0, pointerCount=1, historySize=0, eventTime=327291, downTime=327291, deviceId=0, source=0x1002 }
06-05 14:37:14.817  7874  7874 I Input   : injectMotionEvent: MotionEvent { action=ACTION_MOVE, actionButton=0, id[0]=0, x[0]=232.0, y[0]=470.0, toolType[0]=TOOL_TYPE_UNKNOWN, buttonState=0, metaState=0, flags=0x0, edgeFlags=0x0, pointerCount=1, historySize=0, eventTime=327318, downTime=327318, deviceId=0, source=0x1002 }
06-05 14:37:14.835  7874  7874 I Input   : injectMotionEvent: MotionEvent { action=ACTION_MOVE, actionButton=0, id[0]=0, x[0]=232.0, y[0]=470.0, toolType[0]=TOOL_TYPE_UNKNOWN, buttonState=0, metaState=0, flags=0x0, edgeFlags=0x0, pointerCount=1, historySize=0, eventTime=327336, downTime=327336, deviceId=0, source=0x1002 }
06-05 14:37:14.852  7874  7874 I Input   : injectMotionEvent: MotionEvent { action=ACTION_MOVE, actionButton=0, id[0]=0, x[0]=232.0, y[0]=470.0, toolType[0]=TOOL_TYPE_UNKNOWN, buttonState=0, metaState=0, flags=0x0, edgeFlags=0x0, pointerCount=1, historySize=0, eventTime=327353, downTime=327353, deviceId=0, source=0x1002 }
06-05 14:37:14.868  7874  7874 I Input   : injectMotionEvent: MotionEvent { action=ACTION_MOVE, actionButton=0, id[0]=0, x[0]=232.0, y[0]=470.0, toolType[0]=TOOL_TYPE_UNKNOWN, buttonState=0, metaState=0, flags=0x0, edgeFlags=0x0, pointerCount=1, historySize=0, eventTime=327369, downTime=327369, deviceId=0, source=0x1002 }
06-05 14:37:14.886  7874  7874 I Input   : injectMotionEvent: MotionEvent { action=ACTION_MOVE, actionButton=0, id[0]=0, x[0]=232.0, y[0]=470.0, toolType[0]=TOOL_TYPE_UNKNOWN, buttonState=0, metaState=0, flags=0x0, edgeFlags=0x0, pointerCount=1, historySize=0, eventTime=327386, downTime=327386, deviceId=0, source=0x1002 }
06-05 14:37:14.901  7874  7874 I Input   : injectMotionEvent: MotionEvent { action=ACTION_MOVE, actionButton=0, id[0]=0, x[0]=232.0, y[0]=470.0, toolType[0]=TOOL_TYPE_UNKNOWN, buttonState=0, metaState=0, flags=0x0, edgeFlags=0x0, pointerCount=1, historySize=0, eventTime=327402, downTime=327402, deviceId=0, source=0x1002 }
06-05 14:37:14.920  7874  7874 I Input   : injectMotionEvent: MotionEvent { action=ACTION_MOVE, actionButton=0, id[0]=0, x[0]=232.0, y[0]=470.0, toolType[0]=TOOL_TYPE_UNKNOWN, buttonState=0, metaState=0, flags=0x0, edgeFlags=0x0, pointerCount=1, historySize=0, eventTime=327420, downTime=327420, deviceId=0, source=0x1002 }
06-05 14:37:14.935  7874  7874 I Input   : injectMotionEvent: MotionEvent { action=ACTION_MOVE, actionButton=0, id[0]=0, x[0]=232.0, y[0]=470.0, toolType[0]=TOOL_TYPE_UNKNOWN, buttonState=0, metaState=0, flags=0x0, edgeFlags=0x0, pointerCount=1, historySize=0, eventTime=327436, downTime=327436, deviceId=0, source=0x1002 }
06-05 14:37:14.953  7874  7874 I Input   : injectMotionEvent: MotionEvent { action=ACTION_MOVE, actionButton=0, id[0]=0, x[0]=232.0, y[0]=470.0, toolType[0]=TOOL_TYPE_UNKNOWN, buttonState=0, metaState=0, flags=0x0, edgeFlags=0x0, pointerCount=1, historySize=0, eventTime=327453, downTime=327453, deviceId=0, source=0x1002 }
06-05 14:37:14.968  7874  7874 I Input   : injectMotionEvent: MotionEvent { action=ACTION_MOVE, actionButton=0, id[0]=0, x[0]=232.0, y[0]=470.0, toolType[0]=TOOL_TYPE_UNKNOWN, buttonState=0, metaState=0, flags=0x0, edgeFlags=0x0, pointerCount=1, historySize=0, eventTime=327469, downTime=327469, deviceId=0, source=0x1002 }
06-05 14:37:14.985  7874  7874 I Input   : injectMotionEvent: MotionEvent { action=ACTION_MOVE, actionButton=0, id[0]=0, x[0]=232.0, y[0]=470.0, toolType[0]=TOOL_TYPE_UNKNOWN, buttonState=0, metaState=0, flags=0x0, edgeFlags=0x0, pointerCount=1, historySize=0, eventTime=327485, downTime=327485, deviceId=0, source=0x1002 }
06-05 14:37:15.002  7874  7874 I Input   : injectMotionEvent: MotionEvent { action=ACTION_UP, actionButton=0, id[0]=0, x[0]=232.0, y[0]=470.0, toolType[0]=TOOL_TYPE_UNKNOWN, buttonState=0, metaState=0, flags=0x0, edgeFlags=0x0, pointerCount=1, historySize=0, eventTime=327503, downTime=327503, deviceId=0, source=0x1002 }
06-05 14:37:15.005  7874  7874 D AndroidRuntime: Shutting down VM
06-05 14:37:15.011  1355  1400 W audio_hw_generic: Not supplying enough data to HAL, expected position 2162310 , only wrote 2162160
06-05 14:37:15.060  1355  1400 W audio_hw_generic: Hardware backing HAL too slow, could only write 0 of 720 frames
06-05 14:37:16.739  1355  1400 W audio_hw_generic: Hardware backing HAL too slow, could only write 0 of 720 frames
06-05 14:37:16.753  1355  1400 W audio_hw_generic: Hardware backing HAL too slow, could only write 0 of 720 frames
06-05 14:37:16.942  1307  1313 E SurfaceFlinger: ro.sf.lcd_density must be defined as a build property
06-05 14:37:16.946  1307  1315 D gralloc_ranchu: gralloc_alloc: Creating ashmem region of size 1536000
06-05 14:37:16.958  7904  7904 D         : HostConnection::get() New Host Connection established 0xb289b2c0, tid 7904
06-05 14:37:16.960  7904  7904 W         : Unrecognized GLES max version string in extensions: ANDROID_EMU_CHECKSUM_HELPER_v1 ANDROID_EMU_dma_v1 
06-05 14:37:16.980  1307  1307 E EGL_emulation: tid 1307: eglCreateSyncKHR(1881): error 0x3004 (EGL_BAD_ATTRIBUTE)
06-05 14:37:17.713  2262  5936 E ProcessCheckinRequest: RetryTaskTag : Checkin failed: https://android.clients.google.com/checkin (request #0): java.net.UnknownHostException: Unable to resolve host "android.clients.google.com": No address associated with hostname
06-05 14:37:17.725  2079  2350 E NetworkScheduler.ATC: Received callback from client for task that is already complete. ComponentInfo{com.google.android.gms/com.google.android.gms.checkin.CheckinService} RetryTaskTag
06-05 14:37:17.812  7909  7909 D AndroidRuntime: >>>>>> START com.android.internal.os.RuntimeInit uid 2000 <<<<<<
06-05 14:37:17.822  7909  7909 D AndroidRuntime: CheckJNI is ON
06-05 14:37:17.939  7909  7909 W art     : Unexpected CPU variant for X86 using defaults: x86
06-05 14:37:17.952  7909  7909 D ICU     : No timezone override file found: /data/misc/zoneinfo/current/icu/icu_tzdata.dat
06-05 14:37:18.001  7909  7909 E memtrack: Couldn't load memtrack module (No such file or directory)
06-05 14:37:18.001  7909  7909 E android.os.Debug: failed to load memtrack module: -2
06-05 14:37:18.003  7909  7909 I Radio-JNI: register_android_hardware_Radio DONE
06-05 14:37:18.026  7909  7909 D AndroidRuntime: Calling main entry com.android.commands.am.Am
06-05 14:37:18.057  4666  4666 D MediaScannerReceiver: action: android.intent.action.MEDIA_SCANNER_SCAN_FILE path: /storage/emulated/0/screen_2018-06-05_173717.png
06-05 14:37:18.071  7909  7909 D AndroidRuntime: Shutting down VM
06-05 14:37:18.237  1355  1401 W audio_hw_generic: Not supplying enough data to HAL, expected position 2469955 , only wrote 2316960
06-05 14:37:18.931  1655  1665 I art     : Background sticky concurrent mark sweep GC freed 10487(923KB) AllocSpace objects, 7(140KB) LOS objects, 8% free, 12MB/14MB, paused 8.700ms total 38.590ms
06-05 14:37:18.950  2461  3565 W System.err: android.content.pm.PackageManager$NameNotFoundException: SDCards
06-05 14:37:18.950  2461  3565 W System.err: 	at android.app.ApplicationPackageManager.getPackageInfoAsUser(ApplicationPackageManager.java:147)
06-05 14:37:18.950  2461  3565 W System.err: 	at android.app.ApplicationPackageManager.getPackageInfo(ApplicationPackageManager.java:132)
06-05 14:37:18.951  2461  3565 W System.err: 	at com.estrongs.android.pop.app.b.q.c(Unknown Source)
06-05 14:37:18.951  2461  3565 W System.err: 	at com.estrongs.android.pop.app.b.q.a(Unknown Source)
06-05 14:37:18.951  2461  3565 W System.err: 	at com.estrongs.android.pop.app.scene.e.h$1.a(Unknown Source)
06-05 14:37:18.951  2461  3565 W System.err: 	at com.estrongs.android.scanner.c.j$a$1.run(Unknown Source)
06-05 14:37:18.951  2461  3565 W System.err: 	at java.util.concurrent.ThreadPoolExecutor.runWorker(ThreadPoolExecutor.java:1133)
06-05 14:37:18.951  2461  3565 W System.err: 	at java.util.concurrent.ThreadPoolExecutor$Worker.run(ThreadPoolExecutor.java:607)
06-05 14:37:18.951  2461  3565 W System.err: 	at java.lang.Thread.run(Thread.java:761)
06-05 14:37:19.108  1307  2211 E SurfaceFlinger: ro.sf.lcd_density must be defined as a build property
06-05 14:37:19.110  1307  1755 D gralloc_ranchu: gralloc_alloc: Creating ashmem region of size 1536000
06-05 14:37:19.122  7941  7941 D         : HostConnection::get() New Host Connection established 0xa861b2c0, tid 7941
06-05 14:37:19.124  7941  7941 W         : Unrecognized GLES max version string in extensions: ANDROID_EMU_CHECKSUM_HELPER_v1 ANDROID_EMU_dma_v1 
06-05 14:37:19.145  1307  1307 E EGL_emulation: tid 1307: eglCreateSyncKHR(1881): error 0x3004 (EGL_BAD_ATTRIBUTE)
06-05 14:37:20.023  7948  7948 D AndroidRuntime: >>>>>> START com.android.internal.os.RuntimeInit uid 2000 <<<<<<
06-05 14:37:20.026  7948  7948 D AndroidRuntime: CheckJNI is ON
06-05 14:37:20.114  7948  7948 W art     : Unexpected CPU variant for X86 using defaults: x86
06-05 14:37:20.123  7948  7948 D ICU     : No timezone override file found: /data/misc/zoneinfo/current/icu/icu_tzdata.dat
06-05 14:37:20.169  7948  7948 E memtrack: Couldn't load memtrack module (No such file or directory)
06-05 14:37:20.170  7948  7948 E android.os.Debug: failed to load memtrack module: -2
06-05 14:37:20.172  7948  7948 I Radio-JNI: register_android_hardware_Radio DONE
06-05 14:37:20.192  7948  7948 D AndroidRuntime: Calling main entry com.android.commands.am.Am
06-05 14:37:20.217  4666  4666 D MediaScannerReceiver: action: android.intent.action.MEDIA_SCANNER_SCAN_FILE path: /storage/emulated/0/screen_2018-06-05_173719.png
06-05 14:37:20.230  7948  7948 D AndroidRuntime: Shutting down VM
06-05 14:37:20.840  3325  3337 D EGL_emulation: eglCreateContext: 0xaaa05960: maj 2 min 0 rcv 2
06-05 14:37:20.856  3325  3337 D EGL_emulation: eglMakeCurrent: 0xaaa05960: ver 2 0 (tinfo 0xaaa03690)
06-05 14:37:20.965  2079  3138 W ConfigurationChimeraPro: Got null configs for com.google.android.gms.auth.account.base
06-05 14:37:21.005  2079  3138 W GLSUser : [AppCertManager] Failed to get security token.
06-05 14:37:21.005  2079  3138 W GLSUser : java.io.IOException: SERVICE_NOT_AVAILABLE
06-05 14:37:21.005  2079  3138 W GLSUser : 	at vfm.b(:com.google.android.gms@11743470:39)
06-05 14:37:21.005  2079  3138 W GLSUser : 	at vfm.a(:com.google.android.gms@11743470:46)
06-05 14:37:21.005  2079  3138 W GLSUser : 	at vfj.b(:com.google.android.gms@11743470:11)
06-05 14:37:21.005  2079  3138 W GLSUser : 	at vfj.a(:com.google.android.gms@11743470:29)
06-05 14:37:21.005  2079  3138 W GLSUser : 	at eyw.b(:com.google.android.gms@11743470:4)
06-05 14:37:21.005  2079  3138 W GLSUser : 	at eyw.a(:com.google.android.gms@11743470:56)
06-05 14:37:21.005  2079  3138 W GLSUser : 	at eyu.a(:com.google.android.gms@11743470:8)
06-05 14:37:21.005  2079  3138 W GLSUser : 	at eyq.a(:com.google.android.gms@11743470:1)
06-05 14:37:21.005  2079  3138 W GLSUser : 	at eyp.a(:com.google.android.gms@11743470:10)
06-05 14:37:21.005  2079  3138 W GLSUser : 	at com.google.android.gms.auth.account.be.legacy.AuthCronChimeraService.b(:com.google.android.gms@11743470:7)
06-05 14:37:21.005  2079  3138 W GLSUser : 	at edr.call(:com.google.android.gms@11743470:3)
06-05 14:37:21.005  2079  3138 W GLSUser : 	at java.util.concurrent.FutureTask.run(FutureTask.java:237)
06-05 14:37:21.005  2079  3138 W GLSUser : 	at mmu.run(:com.google.android.gms@11743470:26)
06-05 14:37:21.005  2079  3138 W GLSUser : 	at java.util.concurrent.ThreadPoolExecutor.runWorker(ThreadPoolExecutor.java:1133)
06-05 14:37:21.005  2079  3138 W GLSUser : 	at java.util.concurrent.ThreadPoolExecutor$Worker.run(ThreadPoolExecutor.java:607)
06-05 14:37:21.005  2079  3138 W GLSUser : 	at mse.run(:com.google.android.gms@11743470)
06-05 14:37:21.005  2079  3138 W GLSUser : 	at java.lang.Thread.run(Thread.java:761)
06-05 14:37:21.110  2461  3565 W System.err: android.content.pm.PackageManager$NameNotFoundException: SDCards
06-05 14:37:21.112  2461  3565 W System.err: 	at android.app.ApplicationPackageManager.getPackageInfoAsUser(ApplicationPackageManager.java:147)
06-05 14:37:21.112  2461  3565 W System.err: 	at android.app.ApplicationPackageManager.getPackageInfo(ApplicationPackageManager.java:132)
06-05 14:37:21.112  2461  3565 W System.err: 	at com.estrongs.android.pop.app.b.q.c(Unknown Source)
06-05 14:37:21.112  2461  3565 W System.err: 	at com.estrongs.android.pop.app.b.q.a(Unknown Source)
06-05 14:37:21.112  2461  3565 W System.err: 	at com.estrongs.android.pop.app.scene.e.h$1.a(Unknown Source)
06-05 14:37:21.112  2461  3565 W System.err: 	at com.estrongs.android.scanner.c.j$a$1.run(Unknown Source)
06-05 14:37:21.112  2461  3565 W System.err: 	at java.util.concurrent.ThreadPoolExecutor.runWorker(ThreadPoolExecutor.java:1133)
06-05 14:37:21.113  2461  3565 W System.err: 	at java.util.concurrent.ThreadPoolExecutor$Worker.run(ThreadPoolExecutor.java:607)
06-05 14:37:21.113  2461  3565 W System.err: 	at java.lang.Thread.run(Thread.java:761)
06-05 14:37:21.396  1307  1546 E SurfaceFlinger: ro.sf.lcd_density must be defined as a build property
06-05 14:37:21.400  1307  2211 D gralloc_ranchu: gralloc_alloc: Creating ashmem region of size 1536000
06-05 14:37:21.412  7978  7978 D         : HostConnection::get() New Host Connection established 0xa999b2c0, tid 7978
06-05 14:37:21.413  7978  7978 W         : Unrecognized GLES max version string in extensions: ANDROID_EMU_CHECKSUM_HELPER_v1 ANDROID_EMU_dma_v1 
06-05 14:37:21.434  1307  1307 E EGL_emulation: tid 1307: eglCreateSyncKHR(1881): error 0x3004 (EGL_BAD_ATTRIBUTE)
06-05 14:37:22.197  7983  7983 D AndroidRuntime: >>>>>> START com.android.internal.os.RuntimeInit uid 2000 <<<<<<
06-05 14:37:22.202  7983  7983 D AndroidRuntime: CheckJNI is ON
06-05 14:37:22.285  7983  7983 W art     : Unexpected CPU variant for X86 using defaults: x86
06-05 14:37:22.294  7983  7983 D ICU     : No timezone override file found: /data/misc/zoneinfo/current/icu/icu_tzdata.dat
06-05 14:37:22.337  7983  7983 E memtrack: Couldn't load memtrack module (No such file or directory)
06-05 14:37:22.337  7983  7983 E android.os.Debug: failed to load memtrack module: -2
06-05 14:37:22.339  7983  7983 I Radio-JNI: register_android_hardware_Radio DONE
06-05 14:37:22.362  7983  7983 D AndroidRuntime: Calling main entry com.android.commands.am.Am
06-05 14:37:22.387  4666  4666 D MediaScannerReceiver: action: android.intent.action.MEDIA_SCANNER_SCAN_FILE path: /storage/emulated/0/screen_2018-06-05_173721.png
06-05 14:37:22.395  7983  7983 D AndroidRuntime: Shutting down VM
06-05 14:37:23.400  2461  3565 W System.err: android.content.pm.PackageManager$NameNotFoundException: SDCards
06-05 14:37:23.400  2461  3565 W System.err: 	at android.app.ApplicationPackageManager.getPackageInfoAsUser(ApplicationPackageManager.java:147)
06-05 14:37:23.400  2461  3565 W System.err: 	at android.app.ApplicationPackageManager.getPackageInfo(ApplicationPackageManager.java:132)
06-05 14:37:23.400  2461  3565 W System.err: 	at com.estrongs.android.pop.app.b.q.c(Unknown Source)
06-05 14:37:23.400  2461  3565 W System.err: 	at com.estrongs.android.pop.app.b.q.a(Unknown Source)
06-05 14:37:23.400  2461  3565 W System.err: 	at com.estrongs.android.pop.app.scene.e.h$1.a(Unknown Source)
06-05 14:37:23.401  2461  3565 W System.err: 	at com.estrongs.android.scanner.c.j$a$1.run(Unknown Source)
06-05 14:37:23.401  2461  3565 W System.err: 	at java.util.concurrent.ThreadPoolExecutor.runWorker(ThreadPoolExecutor.java:1133)
06-05 14:37:23.401  2461  3565 W System.err: 	at java.util.concurrent.ThreadPoolExecutor$Worker.run(ThreadPoolExecutor.java:607)
06-05 14:37:23.401  2461  3565 W System.err: 	at java.lang.Thread.run(Thread.java:761)
06-05 14:37:24.736  8026  8026 D AndroidRuntime: >>>>>> START com.android.internal.os.RuntimeInit uid 2000 <<<<<<
06-05 14:37:24.741  8026  8026 D AndroidRuntime: CheckJNI is ON
06-05 14:37:24.824  8026  8026 W art     : Unexpected CPU variant for X86 using defaults: x86
06-05 14:37:24.833  8026  8026 D ICU     : No timezone override file found: /data/misc/zoneinfo/current/icu/icu_tzdata.dat
06-05 14:37:24.880  8026  8026 E memtrack: Couldn't load memtrack module (No such file or directory)
06-05 14:37:24.880  8026  8026 E android.os.Debug: failed to load memtrack module: -2
06-05 14:37:24.883  8026  8026 I Radio-JNI: register_android_hardware_Radio DONE
06-05 14:37:24.903  8026  8026 D AndroidRuntime: Calling main entry com.android.commands.input.Input
06-05 14:37:24.918  8026  8026 I Input   : injectMotionEvent: MotionEvent { action=ACTION_DOWN, actionButton=0, id[0]=0, x[0]=420.0, y[0]=386.0, toolType[0]=TOOL_TYPE_UNKNOWN, buttonState=0, metaState=0, flags=0x0, edgeFlags=0x0, pointerCount=1, historySize=0, eventTime=337413, downTime=337413, deviceId=0, source=0x1002 }
06-05 14:37:24.930  8026  8026 I Input   : injectMotionEvent: MotionEvent { action=ACTION_MOVE, actionButton=0, id[0]=0, x[0]=420.0, y[0]=386.0, toolType[0]=TOOL_TYPE_UNKNOWN, buttonState=0, metaState=0, flags=0x0, edgeFlags=0x0, pointerCount=1, historySize=0, eventTime=337413, downTime=337413, deviceId=0, source=0x1002 }
06-05 14:37:24.935  8026  8026 I Input   : injectMotionEvent: MotionEvent { action=ACTION_MOVE, actionButton=0, id[0]=0, x[0]=420.0, y[0]=386.0, toolType[0]=TOOL_TYPE_UNKNOWN, buttonState=0, metaState=0, flags=0x0, edgeFlags=0x0, pointerCount=1, historySize=0, eventTime=337436, downTime=337436, deviceId=0, source=0x1002 }
06-05 14:37:24.952  8026  8026 I Input   : injectMotionEvent: MotionEvent { action=ACTION_MOVE, actionButton=0, id[0]=0, x[0]=420.0, y[0]=386.0, toolType[0]=TOOL_TYPE_UNKNOWN, buttonState=0, metaState=0, flags=0x0, edgeFlags=0x0, pointerCount=1, historySize=0, eventTime=337453, downTime=337453, deviceId=0, source=0x1002 }
06-05 14:37:24.970  8026  8026 I Input   : injectMotionEvent: MotionEvent { action=ACTION_MOVE, actionButton=0, id[0]=0, x[0]=420.0, y[0]=386.0, toolType[0]=TOOL_TYPE_UNKNOWN, buttonState=0, metaState=0, flags=0x0, edgeFlags=0x0, pointerCount=1, historySize=0, eventTime=337471, downTime=337471, deviceId=0, source=0x1002 }
06-05 14:37:24.985  8026  8026 I Input   : injectMotionEvent: MotionEvent { action=ACTION_MOVE, actionButton=0, id[0]=0, x[0]=420.0, y[0]=386.0, toolType[0]=TOOL_TYPE_UNKNOWN, buttonState=0, metaState=0, flags=0x0, edgeFlags=0x0, pointerCount=1, historySize=0, eventTime=337486, downTime=337486, deviceId=0, source=0x1002 }
06-05 14:37:25.003  8026  8026 I Input   : injectMotionEvent: MotionEvent { action=ACTION_MOVE, actionButton=0, id[0]=0, x[0]=420.0, y[0]=386.0, toolType[0]=TOOL_TYPE_UNKNOWN, buttonState=0, metaState=0, flags=0x0, edgeFlags=0x0, pointerCount=1, historySize=0, eventTime=337503, downTime=337503, deviceId=0, source=0x1002 }
06-05 14:37:25.018  8026  8026 I Input   : injectMotionEvent: MotionEvent { action=ACTION_MOVE, actionButton=0, id[0]=0, x[0]=420.0, y[0]=386.0, toolType[0]=TOOL_TYPE_UNKNOWN, buttonState=0, metaState=0, flags=0x0, edgeFlags=0x0, pointerCount=1, historySize=0, eventTime=337519, downTime=337519, deviceId=0, source=0x1002 }
06-05 14:37:25.036  8026  8026 I Input   : injectMotionEvent: MotionEvent { action=ACTION_MOVE, actionButton=0, id[0]=0, x[0]=420.0, y[0]=386.0, toolType[0]=TOOL_TYPE_UNKNOWN, buttonState=0, metaState=0, flags=0x0, edgeFlags=0x0, pointerCount=1, historySize=0, eventTime=337537, downTime=337537, deviceId=0, source=0x1002 }
06-05 14:37:25.053  8026  8026 I Input   : injectMotionEvent: MotionEvent { action=ACTION_MOVE, actionButton=0, id[0]=0, x[0]=420.0, y[0]=386.0, toolType[0]=TOOL_TYPE_UNKNOWN, buttonState=0, metaState=0, flags=0x0, edgeFlags=0x0, pointerCount=1, historySize=0, eventTime=337553, downTime=337553, deviceId=0, source=0x1002 }
06-05 14:37:25.069  8026  8026 I Input   : injectMotionEvent: MotionEvent { action=ACTION_MOVE, actionButton=0, id[0]=0, x[0]=420.0, y[0]=386.0, toolType[0]=TOOL_TYPE_UNKNOWN, buttonState=0, metaState=0, flags=0x0, edgeFlags=0x0, pointerCount=1, historySize=0, eventTime=337570, downTime=337570, deviceId=0, source=0x1002 }
06-05 14:37:25.086  8026  8026 I Input   : injectMotionEvent: MotionEvent { action=ACTION_MOVE, actionButton=0, id[0]=0, x[0]=420.0, y[0]=386.0, toolType[0]=TOOL_TYPE_UNKNOWN, buttonState=0, metaState=0, flags=0x0, edgeFlags=0x0, pointerCount=1, historySize=0, eventTime=337587, downTime=337587, deviceId=0, source=0x1002 }
06-05 14:37:25.101  8026  8026 I Input   : injectMotionEvent: MotionEvent { action=ACTION_MOVE, actionButton=0, id[0]=0, x[0]=420.0, y[0]=386.0, toolType[0]=TOOL_TYPE_UNKNOWN, buttonState=0, metaState=0, flags=0x0, edgeFlags=0x0, pointerCount=1, historySize=0, eventTime=337602, downTime=337602, deviceId=0, source=0x1002 }
06-05 14:37:25.118  8026  8026 I Input   : injectMotionEvent: MotionEvent { action=ACTION_UP, actionButton=0, id[0]=0, x[0]=420.0, y[0]=386.0, toolType[0]=TOOL_TYPE_UNKNOWN, buttonState=0, metaState=0, flags=0x0, edgeFlags=0x0, pointerCount=1, historySize=0, eventTime=337619, downTime=337619, deviceId=0, source=0x1002 }
06-05 14:37:25.129  8026  8026 D AndroidRuntime: Shutting down VM
06-05 14:37:25.131  1355  1400 W audio_hw_generic: Not supplying enough data to HAL, expected position 2317118 , only wrote 2316960
06-05 14:37:27.062  1307  2211 E SurfaceFlinger: ro.sf.lcd_density must be defined as a build property
06-05 14:37:27.068  1307  1313 D gralloc_ranchu: gralloc_alloc: Creating ashmem region of size 1536000
06-05 14:37:27.081  8061  8061 D         : HostConnection::get() New Host Connection established 0xac81b2c0, tid 8061
06-05 14:37:27.081  8061  8061 W         : Unrecognized GLES max version string in extensions: ANDROID_EMU_CHECKSUM_HELPER_v1 ANDROID_EMU_dma_v1 
06-05 14:37:27.101  1307  1307 E EGL_emulation: tid 1307: eglCreateSyncKHR(1881): error 0x3004 (EGL_BAD_ATTRIBUTE)
06-05 14:37:27.877  8067  8067 D AndroidRuntime: >>>>>> START com.android.internal.os.RuntimeInit uid 2000 <<<<<<
06-05 14:37:27.883  8067  8067 D AndroidRuntime: CheckJNI is ON
06-05 14:37:28.011  8067  8067 W art     : Unexpected CPU variant for X86 using defaults: x86
06-05 14:37:28.020  8067  8067 D ICU     : No timezone override file found: /data/misc/zoneinfo/current/icu/icu_tzdata.dat
06-05 14:37:28.058  8067  8067 E memtrack: Couldn't load memtrack module (No such file or directory)
06-05 14:37:28.058  8067  8067 E android.os.Debug: failed to load memtrack module: -2
06-05 14:37:28.081  8067  8067 I Radio-JNI: register_android_hardware_Radio DONE
06-05 14:37:28.110  8067  8067 D AndroidRuntime: Calling main entry com.android.commands.am.Am
06-05 14:37:28.127  4666  4666 D MediaScannerReceiver: action: android.intent.action.MEDIA_SCANNER_SCAN_FILE path: /storage/emulated/0/screen_2018-06-05_173727.png
06-05 14:37:28.135  8067  8067 D AndroidRuntime: Shutting down VM
06-05 14:37:28.359  1655  1665 I art     : Background sticky concurrent mark sweep GC freed 7543(641KB) AllocSpace objects, 5(100KB) LOS objects, 8% free, 12MB/14MB, paused 5.948ms total 32.538ms
06-05 14:37:28.359  1355  1401 W audio_hw_generic: Not supplying enough data to HAL, expected position 2624765 , only wrote 2471760
06-05 14:37:29.065  2461  3565 W System.err: android.content.pm.PackageManager$NameNotFoundException: SDCards
06-05 14:37:29.065  2461  3565 W System.err: 	at android.app.ApplicationPackageManager.getPackageInfoAsUser(ApplicationPackageManager.java:147)
06-05 14:37:29.065  2461  3565 W System.err: 	at android.app.ApplicationPackageManager.getPackageInfo(ApplicationPackageManager.java:132)
06-05 14:37:29.065  2461  3565 W System.err: 	at com.estrongs.android.pop.app.b.q.c(Unknown Source)
06-05 14:37:29.065  2461  3565 W System.err: 	at com.estrongs.android.pop.app.b.q.a(Unknown Source)
06-05 14:37:29.065  2461  3565 W System.err: 	at com.estrongs.android.pop.app.scene.e.h$1.a(Unknown Source)
06-05 14:37:29.065  2461  3565 W System.err: 	at com.estrongs.android.scanner.c.j$a$1.run(Unknown Source)
06-05 14:37:29.065  2461  3565 W System.err: 	at java.util.concurrent.ThreadPoolExecutor.runWorker(ThreadPoolExecutor.java:1133)
06-05 14:37:29.065  2461  3565 W System.err: 	at java.util.concurrent.ThreadPoolExecutor$Worker.run(ThreadPoolExecutor.java:607)
06-05 14:37:29.065  2461  3565 W System.err: 	at java.lang.Thread.run(Thread.java:761)
06-05 14:37:29.207  1307  2211 E SurfaceFlinger: ro.sf.lcd_density must be defined as a build property
06-05 14:37:29.211  1307  1755 D gralloc_ranchu: gralloc_alloc: Creating ashmem region of size 1536000
06-05 14:37:29.222  8097  8097 D         : HostConnection::get() New Host Connection established 0xb021b2c0, tid 8097
06-05 14:37:29.223  8097  8097 W         : Unrecognized GLES max version string in extensions: ANDROID_EMU_CHECKSUM_HELPER_v1 ANDROID_EMU_dma_v1 
06-05 14:37:29.242  1307  1307 E EGL_emulation: tid 1307: eglCreateSyncKHR(1881): error 0x3004 (EGL_BAD_ATTRIBUTE)
06-05 14:37:29.996  8104  8104 D AndroidRuntime: >>>>>> START com.android.internal.os.RuntimeInit uid 2000 <<<<<<
06-05 14:37:30.004  8104  8104 D AndroidRuntime: CheckJNI is ON
06-05 14:37:30.084  8104  8104 W art     : Unexpected CPU variant for X86 using defaults: x86
06-05 14:37:30.094  8104  8104 D ICU     : No timezone override file found: /data/misc/zoneinfo/current/icu/icu_tzdata.dat
06-05 14:37:30.135  8104  8104 E memtrack: Couldn't load memtrack module (No such file or directory)
06-05 14:37:30.135  8104  8104 E android.os.Debug: failed to load memtrack module: -2
06-05 14:37:30.136  8104  8104 I Radio-JNI: register_android_hardware_Radio DONE
06-05 14:37:30.156  8104  8104 D AndroidRuntime: Calling main entry com.android.commands.am.Am
06-05 14:37:30.172  4666  4666 D MediaScannerReceiver: action: android.intent.action.MEDIA_SCANNER_SCAN_FILE path: /storage/emulated/0/screen_2018-06-05_173729.png
06-05 14:37:30.182  8104  8104 D AndroidRuntime: Shutting down VM
06-05 14:37:31.215  2461  3565 W System.err: android.content.pm.PackageManager$NameNotFoundException: SDCards
06-05 14:37:31.215  2461  3565 W System.err: 	at android.app.ApplicationPackageManager.getPackageInfoAsUser(ApplicationPackageManager.java:147)
06-05 14:37:31.215  2461  3565 W System.err: 	at android.app.ApplicationPackageManager.getPackageInfo(ApplicationPackageManager.java:132)
06-05 14:37:31.215  2461  3565 W System.err: 	at com.estrongs.android.pop.app.b.q.c(Unknown Source)
06-05 14:37:31.215  2461  3565 W System.err: 	at com.estrongs.android.pop.app.b.q.a(Unknown Source)
06-05 14:37:31.215  2461  3565 W System.err: 	at com.estrongs.android.pop.app.scene.e.h$1.a(Unknown Source)
06-05 14:37:31.215  2461  3565 W System.err: 	at com.estrongs.android.scanner.c.j$a$1.run(Unknown Source)
06-05 14:37:31.215  2461  3565 W System.err: 	at java.util.concurrent.ThreadPoolExecutor.runWorker(ThreadPoolExecutor.java:1133)
06-05 14:37:31.215  2461  3565 W System.err: 	at java.util.concurrent.ThreadPoolExecutor$Worker.run(ThreadPoolExecutor.java:607)
06-05 14:37:31.215  2461  3565 W System.err: 	at java.lang.Thread.run(Thread.java:761)
06-05 14:37:31.406  1307  1755 E SurfaceFlinger: ro.sf.lcd_density must be defined as a build property
06-05 14:37:31.408  1307  1546 D gralloc_ranchu: gralloc_alloc: Creating ashmem region of size 1536000
06-05 14:37:31.420  8133  8133 D         : HostConnection::get() New Host Connection established 0xa811b2c0, tid 8133
06-05 14:37:31.421  8133  8133 W         : Unrecognized GLES max version string in extensions: ANDROID_EMU_CHECKSUM_HELPER_v1 ANDROID_EMU_dma_v1 
06-05 14:37:31.444  1307  1307 E EGL_emulation: tid 1307: eglCreateSyncKHR(1881): error 0x3004 (EGL_BAD_ATTRIBUTE)
06-05 14:37:32.217  8138  8138 D AndroidRuntime: >>>>>> START com.android.internal.os.RuntimeInit uid 2000 <<<<<<
06-05 14:37:32.222  8138  8138 D AndroidRuntime: CheckJNI is ON
06-05 14:37:32.298  8138  8138 W art     : Unexpected CPU variant for X86 using defaults: x86
06-05 14:37:32.306  8138  8138 D ICU     : No timezone override file found: /data/misc/zoneinfo/