06-05 14:33:25.808  3307  3307 I Babel_telephony: TeleModule.updateConnectionManagerRegistration, registration preference changed from false to false
06-05 14:33:25.811  3307  3307 W Babel   : BAM#gBA: invalid account id: -1
06-05 14:33:25.812  3307  3307 W Babel   : BAM#gBA: invalid account id: -1
06-05 14:33:25.812  3307  3307 I Babel_telephony: TeleModule.updateIncomingCallRegistration, preferred account for incoming calls changed from: null to null
06-05 14:33:25.823  1655  2117 I Telecom : PhoneAccountRegistrar: SimCallManager queried, returning: null: TSI.gSCM@ADY
06-05 14:33:25.824  4189  4189 W GAV2    : Thread[main,5,main]: Need to call initialize() and be in fallback mode to start dispatch.
06-05 14:33:25.875  4189  4189 I Gmail   : GmailApplication: Disabled account setup suggestion (7 days)
06-05 14:33:25.926  4189  4205 I Gmail   : Initiated Service map for: [gPop3, gLegacyImap, gEas, gmail]
06-05 14:33:25.969  4189  4189 I Exchange: EasService.onCreate
06-05 14:33:25.971  4189  4205 I Gmail   : getAccountsCursor
06-05 14:33:25.997  1655  1758 W ActivityManager: Unable to start service Intent { cmp=com.google.android.gm.exchange/com.android.exchange.service.EasService } U=0: not found
06-05 14:33:26.012  4189  4189 I Exchange: EasService.onCreate stoppedOldService=false
06-05 14:33:26.084  4189  4189 I Exchange: needResyncCalendar: false, hasCalendarPermission: true, needResyncContacts: false, hasContactsPermission: true
06-05 14:33:26.087  4189  4205 I Exchange: RestartPingTask
06-05 14:33:26.128  1655  1757 W ActivityManager: Unable to start service Intent { cmp=com.google.android.gm/com.android.email.service.AttachmentService } U=0: not found
06-05 14:33:26.219  4189  4229 I Gmail   : Observing account changes for notifications
06-05 14:33:26.278  1655  2117 I ActivityManager: Killing 3021:com.google.process.gapps/u0a49 (adj 906): empty #17
06-05 14:33:26.346  1655  3264 I ActivityManager: Start proc 4236:com.google.android.gms.ui/u0a14 for service com.google.android.gms/.chimera.UiIntentOperationService
06-05 14:33:26.351  4236  4236 W art     : Unexpected CPU variant for X86 using defaults: x86
06-05 14:33:26.378  4189  4189 I Exchange: RestartPingsTask did not start any pings.
06-05 14:33:26.404  1655  2117 D ActivityManager: cleanUpApplicationRecord -- 3021
06-05 14:33:26.422  1655  2117 I ActivityManager: Killing 3398:com.google.android.youtube/u0a76 (adj 906): empty #17
06-05 14:33:26.430  4189  4206 I Gmail   : getAccountsCursor
06-05 14:33:26.433  4236  4236 W System  : ClassLoader referenced unknown path: /system/priv-app/PrebuiltGmsCore/lib/x86
06-05 14:33:26.528  1655  2297 D ConnectivityService: ConnectivityService NetworkRequestInfo binderDied(NetworkRequest [ LISTEN id=6, [ Capabilities: INTERNET&NOT_RESTRICTED&TRUSTED] ], android.os.BinderProxy@fcc65e6)
06-05 14:33:26.538  4189  4189 I Exchange: onDestroy
06-05 14:33:26.539  1655  3124 D ActivityManager: cleanUpApplicationRecord -- 3398
06-05 14:33:26.563  1655  1708 E ConnectivityService: RemoteException caught trying to send a callback msg for NetworkRequest [ LISTEN id=6, [ Capabilities: INTERNET&NOT_RESTRICTED&TRUSTED] ]
06-05 14:33:26.616  2262  2767 I DiscoveryManager: Filter criteria(null) scannerFlags(0)
06-05 14:33:26.622  4236  4236 I LoadedApk: No resource references to update in package FFFFFFFFFFFFFFFFFFFFFF
06-05 14:33:26.638  2262  2767 W MdnsClient_Cast: Multicast lock held. Releasing. Subtypes:"233637DE"
06-05 14:33:26.680  2262  2767 W MdnsClient_Cast: Multicast lock held. Releasing. Subtypes:"233637DE"
06-05 14:33:26.784  4236  4236 W System  : ClassLoader referenced unknown path: /system/priv-app/PrebuiltGmsCore/lib/x86
06-05 14:33:26.786  4236  4236 W System  : ClassLoader referenced unknown path: /system/priv-app/PrebuiltGmsCore/lib/x86
06-05 14:33:26.799  4236  4236 W System  : ClassLoader referenced unknown path: /system/priv-app/PrebuiltGmsCore/lib/x86
06-05 14:33:26.803  4236  4236 W System  : ClassLoader referenced unknown path: /system/priv-app/PrebuiltGmsCore/lib/x86
06-05 14:33:26.812  4236  4236 W linker  : /data/user_de/0/com.google.android.gms/app_extracted_libs/x86/libconscrypt_gmscore_jni.so: unused DT entry: type 0xf arg 0x91
06-05 14:33:26.816  4236  4236 V NativeCrypto: Registering com/google/android/gms/org/conscrypt/NativeCrypto's 276 native methods...
06-05 14:33:26.878  4236  4236 D NetworkSecurityConfig: No Network Security Config specified, using platform default
06-05 14:33:26.883  4236  4236 I ProviderInstaller: Installed default security provider GmsCore_OpenSSL
06-05 14:33:26.941  1655  1666 I ActivityManager: Start proc 4255:com.google.android.talk:matchstick/u0a54 for broadcast com.google.android.talk/com.google.android.libraries.matchstick.net.MatchstickInProcessReceiver
06-05 14:33:26.993  4255  4255 W art     : Unexpected CPU variant for X86 using defaults: x86
06-05 14:33:27.255  4255  4255 W System  : ClassLoader referenced unknown path: /system/app/Hangouts/lib/x86
06-05 14:33:27.391  2079  3252 W art     : Long monitor contention with owner lowpool[19] (4151) at void tdc.a(tbn, boolean)(:com.google.android.gms@11743470:98) waiters=0 in void tdb.handleMessage(android.os.Message) for 141ms
06-05 14:33:27.656  1655  1665 I art     : Background partial concurrent mark sweep GC freed 26602(1694KB) AllocSpace objects, 11(556KB) LOS objects, 28% free, 10MB/14MB, paused 4.527ms total 110.363ms
06-05 14:33:27.693  2079  3252 W art     : Long monitor contention with owner lowpool[19] (4151) at void tdc.a(tbn, boolean)(:com.google.android.gms@11743470:98) waiters=0 in void tdb.handleMessage(android.os.Message) for 215ms
06-05 14:33:27.792  2188  2188 I MicroDetectionWorker: Micro detection mode: [mDetectionMode: [1]].
06-05 14:33:27.792  2188  2188 I AudioController: Using mInputStreamFactoryBuilder
06-05 14:33:27.828  2188  4276 I MicroRecognitionRunner: Starting detection.
06-05 14:33:27.834  2188  2236 I MicrophoneInputStream: mic_starting com.google.android.apps.gsa.staticplugins.z.c@5624fb5
06-05 14:33:27.851  1355  4280 I AudioFlinger: AudioFlinger's thread 0xa8b831c0 ready to run
06-05 14:33:27.853  2188  2236 I MicrophoneInputStream: mic_started com.google.android.apps.gsa.staticplugins.z.c@5624fb5
06-05 14:33:27.856  2188  2236 E ActivityThread: Failed to find provider info for com.google.android.apps.gsa.testing.ui.audio.recorded
06-05 14:33:27.860  2188  2188 I MicroDetectionWorker: onReady
06-05 14:33:27.893  2188  2236 I MicrophoneInputStream: mic_close com.google.android.apps.gsa.staticplugins.z.c@5624fb5
06-05 14:33:27.902  2188  4276 I MicroRecognitionRunner: Detection finished
06-05 14:33:27.903  2188  4276 W ErrorReporter: reportError [type: 211, code: 524300]: Error reading from input stream
06-05 14:33:27.904  2188  2314 I MicroRecognitionRunner: Stopping hotword detection.
06-05 14:33:27.905  2188  4276 W ErrorProcessor: onFatalError, processing error from engine(4)
06-05 14:33:27.905  2188  4276 W ErrorProcessor: com.google.android.apps.gsa.shared.speech.a.g: Error reading from input stream
06-05 14:33:27.905  2188  4276 W ErrorProcessor: 	at com.google.android.apps.gsa.staticplugins.recognizer.i.a.a(SourceFile:342)
06-05 14:33:27.905  2188  4276 W ErrorProcessor: 	at com.google.android.apps.gsa.staticplugins.recognizer.i.a$1.run(SourceFile:1367)
06-05 14:33:27.905  2188  4276 W ErrorProcessor: 	at java.util.concurrent.Executors$RunnableAdapter.call(Executors.java:428)
06-05 14:33:27.905  2188  4276 W ErrorProcessor: 	at java.util.concurrent.FutureTask.run(FutureTask.java:237)
06-05 14:33:27.905  2188  4276 W ErrorProcessor: 	at com.google.android.apps.gsa.shared.util.concurrent.a.ak.run(SourceFile:66)
06-05 14:33:27.905  2188  4276 W ErrorProcessor: 	at java.util.concurrent.ThreadPoolExecutor.runWorker(ThreadPoolExecutor.java:1133)
06-05 14:33:27.905  2188  4276 W ErrorProcessor: 	at java.util.concurrent.ThreadPoolExecutor$Worker.run(ThreadPoolExecutor.java:607)
06-05 14:33:27.905  2188  4276 W ErrorProcessor: 	at java.lang.Thread.run(Thread.java:761)
06-05 14:33:27.905  2188  4276 W ErrorProcessor: 	at com.google.android.apps.gsa.shared.util.concurrent.a.ad$1.run(SourceFile:85)
06-05 14:33:27.905  2188  4276 W ErrorProcessor: Caused by: com.google.android.apps.gsa.shared.exception.GsaIOException: Error code: 393238 | Buffer overflow, no available space.
06-05 14:33:27.905  2188  4276 W ErrorProcessor: 	at com.google.android.apps.gsa.speech.audio.Tee.g(SourceFile:2531)
06-05 14:33:27.905  2188  4276 W ErrorProcessor: 	at com.google.android.apps.gsa.speech.audio.ap.read(SourceFile:555)
06-05 14:33:27.905  2188  4276 W ErrorProcessor: 	at java.io.InputStream.read(InputStream.java:101)
06-05 14:33:27.905  2188  4276 W ErrorProcessor: 	at com.google.android.apps.gsa.speech.audio.al.run(SourceFile:362)
06-05 14:33:27.905  2188  4276 W ErrorProcessor: 	at com.google.android.apps.gsa.speech.audio.ak$1.run(SourceFile:471)
06-05 14:33:27.905  2188  4276 W ErrorProcessor: 	at java.util.concurrent.Executors$RunnableAdapter.call(Executors.java:428)
06-05 14:33:27.905  2188  4276 W ErrorProcessor: 	at java.util.concurrent.FutureTask.run(FutureTask.java:237)
06-05 14:33:27.905  2188  4276 W ErrorProcessor: 	at com.google.android.apps.gsa.shared.util.concurrent.a.ak.run(SourceFile:66)
06-05 14:33:27.905  2188  4276 W ErrorProcessor: 	at com.google.android.apps.gsa.shared.util.concurrent.a.ax.run(SourceFile:139)
06-05 14:33:27.905  2188  4276 W ErrorProcessor: 	at com.google.android.apps.gsa.shared.util.concurrent.a.ax.run(SourceFile:139)
06-05 14:33:27.905  2188  4276 W ErrorProcessor: 	... 4 more
06-05 14:33:27.905  2188  4276 I AudioController: internalShutdown
06-05 14:33:27.923  2188  2188 I MicroDetector: Keeping mic open: false
06-05 14:33:27.923  2188  2188 I MicroDetectionWorker: #onError(false)
06-05 14:33:27.924  2188  4275 I DeviceStateChecker: DeviceStateChecker cancelled
06-05 14:33:27.924  2188  2199 I art     : Background sticky concurrent mark sweep GC freed 9346(498KB) AllocSpace objects, 7(2MB) LOS objects, 25% free, 7MB/10MB, paused 9.939ms total 92.933ms
06-05 14:33:28.047  2079  3252 W art     : Long monitor contention with owner lowpool[19] (4151) at void tdc.a(tbn, boolean)(:com.google.android.gms@11743470:98) waiters=0 in void tdb.handleMessage(android.os.Message) for 115ms
06-05 14:33:28.643  4286  4286 W art     : Unexpected CPU variant for X86 using defaults: x86
06-05 14:33:28.646  1655  2117 I ActivityManager: Start proc 4286:com.android.deskclock/u0a41 for broadcast com.android.deskclock/com.android.alarmclock.DigitalAppWidgetProvider
06-05 14:33:28.711  1655  1708 D ConnectivityService: NetworkAgentInfo [WIFI () - 101] validation failed
06-05 14:33:28.724  1655  1704 D WifiStateMachine: NETWORK_STATUS_UNWANTED_VALIDATION_FAILED
06-05 14:33:28.742  1655  4299 D WifiNetworkHistory: saving network history: "AndroidWifi"NONE gw: null Network Selection-status: NETWORK_SELECTION_ENABLED ephemeral=false choice:null link:0 status:0 nid:0 hasEverConnected: true
06-05 14:33:28.742  1655  4299 V WifiNetworkHistory: writeKnownNetworkHistory write config "AndroidWifi"NONE
06-05 14:33:28.763  4274  4274 D AndroidRuntime: >>>>>> START com.android.internal.os.RuntimeInit uid 2000 <<<<<<
06-05 14:33:28.767  4274  4274 D AndroidRuntime: CheckJNI is ON
06-05 14:33:28.825  4286  4286 W System  : ClassLoader referenced unknown path: /system/app/DeskClock/lib/x86
06-05 14:33:28.913  4274  4274 W art     : Unexpected CPU variant for X86 using defaults: x86
06-05 14:33:28.933  4274  4274 D ICU     : No timezone override file found: /data/misc/zoneinfo/current/icu/icu_tzdata.dat
06-05 14:33:28.998  4274  4274 E memtrack: Couldn't load memtrack module (No such file or directory)
06-05 14:33:28.998  4274  4274 E android.os.Debug: failed to load memtrack module: -2
06-05 14:33:29.001  4274  4274 I Radio-JNI: register_android_hardware_Radio DONE
06-05 14:33:29.061  4274  4274 D AndroidRuntime: Calling main entry com.android.commands.pm.Pm
06-05 14:33:29.071  4274  4274 I art     : System.exit called, status: 0
06-05 14:33:29.071  4274  4274 I AndroidRuntime: VM exiting with result code 0.
06-05 14:33:29.135  4255  4282 I MS_RegisterService: RegisterService intent:Intent { act=register_intent_action flg=0x10 cmp=com.google.android.talk/com.google.android.libraries.matchstick.net.SilentRegisterService } isPeriodic:false
06-05 14:33:29.187  4255  4282 W System  : ClassLoader referenced unknown path: /system/priv-app/PrebuiltGmsCore/lib/x86
06-05 14:33:29.188  4255  4282 D ApplicationLoaders: ignored Vulkan layer search path /system/priv-app/PrebuiltGmsCore/lib/x86:/system/fake-libs:/system/priv-app/PrebuiltGmsCore/PrebuiltGmsCore.apk!/lib/x86:/system/lib:/vendor/lib for namespace 0xb30a9090
06-05 14:33:29.227  4255  4282 W System  : ClassLoader referenced unknown path: /system/priv-app/PrebuiltGmsCore/lib/x86
06-05 14:33:29.229  4255  4282 W System  : ClassLoader referenced unknown path: /system/priv-app/PrebuiltGmsCore/lib/x86
06-05 14:33:29.268  4255  4282 W System  : ClassLoader referenced unknown path: /system/priv-app/PrebuiltGmsCore/lib/x86
06-05 14:33:29.269  4255  4282 W System  : ClassLoader referenced unknown path: /system/priv-app/PrebuiltGmsCore/lib/x86
06-05 14:33:29.290  1655  1666 I ActivityManager: Killing 3501:a2dp.Vol/u0a84 (adj 906): empty #17
06-05 14:33:29.295  4255  4282 W linker  : /data/user_de/0/com.google.android.gms/app_extracted_libs/x86/libconscrypt_gmscore_jni.so: unused DT entry: type 0xf arg 0x91
06-05 14:33:29.297  4255  4282 V NativeCrypto: Registering com/google/android/gms/org/conscrypt/NativeCrypto's 276 native methods...
06-05 14:33:29.357  4255  4282 D NetworkSecurityConfig: No Network Security Config specified, using platform default
06-05 14:33:29.359  4255  4282 I ProviderInstaller: Installed default security provider GmsCore_OpenSSL
06-05 14:33:29.363  4255  4282 I MS_RegisterService: Not registered and not enabled. Doing nothing.
06-05 14:33:29.379  1655  1893 I ActivityManager: Killing 3528:apps.babycaretimer/u0a99 (adj 906): empty #17
06-05 14:33:29.400  1655  1758 D ActivityManager: cleanUpApplicationRecord -- 3501
06-05 14:33:29.452  1655  1757 D ActivityManager: cleanUpApplicationRecord -- 3528
06-05 14:33:29.932  4305  4305 D AndroidRuntime: >>>>>> START com.android.internal.os.RuntimeInit uid 2000 <<<<<<
06-05 14:33:29.936  4305  4305 D AndroidRuntime: CheckJNI is ON
06-05 14:33:30.138  4305  4305 W art     : Unexpected CPU variant for X86 using defaults: x86
06-05 14:33:30.163  4305  4305 D ICU     : No timezone override file found: /data/misc/zoneinfo/current/icu/icu_tzdata.dat
06-05 14:33:30.203  4305  4305 E memtrack: Couldn't load memtrack module (No such file or directory)
06-05 14:33:30.203  4305  4305 E android.os.Debug: failed to load memtrack module: -2
06-05 14:33:30.205  4305  4305 I Radio-JNI: register_android_hardware_Radio DONE
06-05 14:33:30.230  4305  4305 D AndroidRuntime: Calling main entry com.android.commands.pm.Pm
06-05 14:33:30.291  1358  1358 I         : free_cache(5305587) avail 419213312
06-05 14:33:30.326  2079  4151 W art     : Long monitor contention with owner netscheduler-queue-handler (3252) at void tdc.a(tdj, taz)(:com.google.android.gms@11743470:105) waiters=0 in int tdc.e(tbn) for 179ms
06-05 14:33:30.842  2079  3252 W art     : Long monitor contention with owner lowpool[19] (4151) at void tdc.a(tbn, boolean)(:com.google.android.gms@11743470:98) waiters=0 in void tdb.handleMessage(android.os.Message) for 503ms
06-05 14:33:30.875  4189  4223 I GAV2    : Thread[GAThread,5,main]: No campaign data found.
06-05 14:33:30.904  1655  2117 I ActivityManager: Start proc 4343:com.android.gallery3d/u0a48 for broadcast com.android.gallery3d/.app.PackagesMonitor
06-05 14:33:30.916  4343  4343 W art     : Unexpected CPU variant for X86 using defaults: x86
06-05 14:33:31.021  1655  1681 I PackageManager.DexOptimizer: Running dexopt (dex2oat) on: /data/app/vmdl1258281704.tmp/base.apk pkg=com.fsck.k9 isa=x86 vmSafeMode=false debuggable=false target-filter=interpret-only oatDir = /data/app/vmdl1258281704.tmp/oat sharedLibraries=null
06-05 14:33:31.071  3651  3670 W art     : Verification of lse jod.a() took 193.788ms
06-05 14:33:31.087  2079  4151 W art     : Long monitor contention with owner netscheduler-queue-handler (3252) at void tdc.a(tdj, taz)(:com.google.android.gms@11743470:105) waiters=0 in int tdc.e(tbn) for 243ms
06-05 14:33:31.101  3651  3679 W art     : Verification of void ihw.run() took 202.117ms
06-05 14:33:31.227  4358  4358 W dex2oat : Unexpected CPU variant for X86 using defaults: x86
06-05 14:33:31.231  4358  4358 W dex2oat : Mismatch between dex2oat instruction set features (ISA: X86 Feature string: smp,-ssse3,-sse4.1,-sse4.2,-avx,-avx2,-lock_add,-popcnt) and those of dex2oat executable (ISA: X86 Feature string: smp,ssse3,-sse4.1,-sse4.2,-avx,-avx2,-lock_add,-popcnt) for the command line:
06-05 14:33:31.231  4358  4358 W dex2oat : /system/bin/dex2oat --zip-fd=6 --zip-location=base.apk --oat-fd=7 --oat-location=/data/app/vmdl1258281704.tmp/oat/x86/base.odex --instruction-set=x86 --instruction-set-variant=x86 --instruction-set-features=default --runtime-arg -Xms64m --runtime-arg -Xmx512m --compiler-filter=interpret-only --swap-fd=9
06-05 14:33:31.232  4358  4358 I dex2oat : /system/bin/dex2oat --compiler-filter=interpret-only
06-05 14:33:31.273  2079  3138 E CommitToConfigurationOp: Empty snapshot token - package not registered?
06-05 14:33:31.291  3651  3651 E MendelPackageState: Failed to commit to config
06-05 14:33:31.291  3651  3651 E MendelPackageState: jvv: Status{statusCode=INTERNAL_ERROR, resolution=null}
06-05 14:33:31.291  3651  3651 E MendelPackageState: 	at jvp.a(Unknown Source)
06-05 14:33:31.291  3651  3651 E MendelPackageState: 	at hru.a(PG:5)
06-05 14:33:31.291  3651  3651 E MendelPackageState: 	at gsn.handleMessage(Unknown Source)
06-05 14:33:31.291  3651  3651 E MendelPackageState: 	at android.os.Handler.dispatchMessage(Handler.java:102)
06-05 14:33:31.291  3651  3651 E MendelPackageState: 	at android.os.Looper.loop(Looper.java:154)
06-05 14:33:31.291  3651  3651 E MendelPackageState: 	at android.app.ActivityThread.main(ActivityThread.java:6119)
06-05 14:33:31.291  3651  3651 E MendelPackageState: 	at java.lang.reflect.Method.invoke(Native Method)
06-05 14:33:31.291  3651  3651 E MendelPackageState: 	at com.android.internal.os.ZygoteInit$MethodAndArgsCaller.run(ZygoteInit.java:886)
06-05 14:33:31.291  3651  3651 E MendelPackageState: 	at com.android.internal.os.ZygoteInit.main(ZygoteInit.java:776)
06-05 14:33:31.563  2079  3252 W art     : Long monitor contention with owner lowpool[19] (4151) at void tdc.a(tbn, boolean)(:com.google.android.gms@11743470:98) waiters=0 in void tdb.handleMessage(android.os.Message) for 180ms
06-05 14:33:31.582  2079  3252 E NetworkScheduler: ignoring stale queue check message
06-05 14:33:31.949  1655  2297 I ActivityManager: Start proc 4365:com.google.android.apps.docs/u0a43 for broadcast com.google.android.apps.docs/.receivers.AppPackageAddRemoveReceiver
06-05 14:33:31.956  4365  4365 W art     : Unexpected CPU variant for X86 using defaults: x86
06-05 14:33:32.136  4361  4361 D AndroidRuntime: >>>>>> START com.android.internal.os.RuntimeInit uid 2000 <<<<<<
06-05 14:33:32.142  4361  4361 D AndroidRuntime: CheckJNI is ON
06-05 14:33:32.238  4365  4365 W System  : ClassLoader referenced unknown path: /system/app/Drive/lib/x86
06-05 14:33:32.290  4361  4361 W art     : Unexpected CPU variant for X86 using defaults: x86
06-05 14:33:32.342  4361  4361 D ICU     : No timezone override file found: /data/misc/zoneinfo/current/icu/icu_tzdata.dat
06-05 14:33:32.461  4361  4361 E memtrack: Couldn't load memtrack module (No such file or directory)
06-05 14:33:32.461  4361  4361 E android.os.Debug: failed to load memtrack module: -2
06-05 14:33:32.462  4361  4361 I Radio-JNI: register_android_hardware_Radio DONE
06-05 14:33:32.502  4361  4361 D AndroidRuntime: Calling main entry com.android.commands.pm.Pm
06-05 14:33:32.546  4361  4361 I art     : System.exit called, status: 0
06-05 14:33:32.547  4361  4361 I AndroidRuntime: VM exiting with result code 0.
06-05 14:33:32.563  4361  4390 W MessageQueue: Handler (android.os.Handler) {e55226e} sending message to a Handler on a dead thread
06-05 14:33:32.563  4361  4390 W MessageQueue: java.lang.IllegalStateException: Handler (android.os.Handler) {e55226e} sending message to a Handler on a dead thread
06-05 14:33:32.563  4361  4390 W MessageQueue: 	at android.os.MessageQueue.enqueueMessage(MessageQueue.java:543)
06-05 14:33:32.563  4361  4390 W MessageQueue: 	at android.os.Handler.enqueueMessage(Handler.java:643)
06-05 14:33:32.563  4361  4390 W MessageQueue: 	at android.os.Handler.sendMessageAtTime(Handler.java:612)
06-05 14:33:32.563  4361  4390 W MessageQueue: 	at android.os.Handler.sendMessageDelayed(Handler.java:582)
06-05 14:33:32.563  4361  4390 W MessageQueue: 	at android.os.Handler.post(Handler.java:338)
06-05 14:33:32.563  4361  4390 W MessageQueue: 	at android.os.ResultReceiver$MyResultReceiver.send(ResultReceiver.java:57)
06-05 14:33:32.563  4361  4390 W MessageQueue: 	at com.android.internal.os.IResultReceiver$Stub.onTransact(IResultReceiver.java:58)
06-05 14:33:32.563  4361  4390 W MessageQueue: 	at android.os.Binder.execTransact(Binder.java:565)
06-05 14:33:32.931  2188  2188 I MicroDetectionWorker: Micro detection mode: [mDetectionMode: [1]].
06-05 14:33:32.932  2188  2188 I AudioController: Using mInputStreamFactoryBuilder
06-05 14:33:32.942  3592  3617 W FirebaseInstanceId: No response
06-05 14:33:32.960  2188  4395 I MicroRecognitionRunner: Starting detection.
06-05 14:33:32.961  2188  2236 I MicrophoneInputStream: mic_starting com.google.android.apps.gsa.staticplugins.z.c@7603123
06-05 14:33:32.982  1355  4399 I AudioFlinger: AudioFlinger's thread 0xa8903440 ready to run
06-05 14:33:32.998  2188  2236 I MicrophoneInputStream: mic_started com.google.android.apps.gsa.staticplugins.z.c@7603123
06-05 14:33:33.004  2188  2236 E ActivityThread: Failed to find provider info for com.google.android.apps.gsa.testing.ui.audio.recorded
06-05 14:33:33.005  2188  2188 I MicroDetectionWorker: onReady
06-05 14:33:33.011  2188  2236 I MicrophoneInputStream: mic_close com.google.android.apps.gsa.staticplugins.z.c@7603123
06-05 14:33:33.013  2188  4395 I MicroRecognitionRunner: Detection finished
06-05 14:33:33.013  2188  4395 W ErrorReporter: reportError [type: 211, code: 524300]: Error reading from input stream
06-05 14:33:33.014  2188  2314 I MicroRecognitionRunner: Stopping hotword detection.
06-05 14:33:33.015  2188  4395 W ErrorProcessor: onFatalError, processing error from engine(4)
06-05 14:33:33.015  2188  4395 W ErrorProcessor: com.google.android.apps.gsa.shared.speech.a.g: Error reading from input stream
06-05 14:33:33.015  2188  4395 W ErrorProcessor: 	at com.google.android.apps.gsa.staticplugins.recognizer.i.a.a(SourceFile:342)
06-05 14:33:33.015  2188  4395 W ErrorProcessor: 	at com.google.android.apps.gsa.staticplugins.recognizer.i.a$1.run(SourceFile:1367)
06-05 14:33:33.015  2188  4395 W ErrorProcessor: 	at java.util.concurrent.Executors$RunnableAdapter.call(Executors.java:428)
06-05 14:33:33.015  2188  4395 W ErrorProcessor: 	at java.util.concurrent.FutureTask.run(FutureTask.java:237)
06-05 14:33:33.015  2188  4395 W ErrorProcessor: 	at com.google.android.apps.gsa.shared.util.concurrent.a.ak.run(SourceFile:66)
06-05 14:33:33.015  2188  4395 W ErrorProcessor: 	at java.util.concurrent.ThreadPoolExecutor.runWorker(ThreadPoolExecutor.java:1133)
06-05 14:33:33.015  2188  4395 W ErrorProcessor: 	at java.util.concurrent.ThreadPoolExecutor$Worker.run(ThreadPoolExecutor.java:607)
06-05 14:33:33.015  2188  4395 W ErrorProcessor: 	at java.lang.Thread.run(Thread.java:761)
06-05 14:33:33.015  2188  4395 W ErrorProcessor: 	at com.google.android.apps.gsa.shared.util.concurrent.a.ad$1.run(SourceFile:85)
06-05 14:33:33.015  2188  4395 W ErrorProcessor: Caused by: com.google.android.apps.gsa.shared.exception.GsaIOException: Error code: 393238 | Buffer overflow, no available space.
06-05 14:33:33.015  2188  4395 W ErrorProcessor: 	at com.google.android.apps.gsa.speech.audio.Tee.g(SourceFile:2531)
06-05 14:33:33.015  2188  4395 W ErrorProcessor: 	at com.google.android.apps.gsa.speech.audio.ap.read(SourceFile:555)
06-05 14:33:33.015  2188  4395 W ErrorProcessor: 	at java.io.InputStream.read(InputStream.java:101)
06-05 14:33:33.015  2188  4395 W ErrorProcessor: 	at com.google.android.apps.gsa.speech.audio.al.run(SourceFile:362)
06-05 14:33:33.015  2188  4395 W ErrorProcessor: 	at com.google.android.apps.gsa.speech.audio.ak$1.run(SourceFile:471)
06-05 14:33:33.015  2188  4395 W ErrorProcessor: 	at java.util.concurrent.Executors$RunnableAdapter.call(Executors.java:428)
06-05 14:33:33.015  2188  4395 W ErrorProcessor: 	at java.util.concurrent.FutureTask.run(FutureTask.java:237)
06-05 14:33:33.015  2188  4395 W ErrorProcessor: 	at com.google.android.apps.gsa.shared.util.concurrent.a.ak.run(SourceFile:66)
06-05 14:33:33.015  2188  4395 W ErrorProcessor: 	at com.google.android.apps.gsa.shared.util.concurrent.a.ax.run(SourceFile:139)
06-05 14:33:33.015  2188  4395 W ErrorProcessor: 	at com.google.android.apps.gsa.shared.util.concurrent.a.ax.run(SourceFile:139)
06-05 14:33:33.015  2188  4395 W ErrorProcessor: 	... 4 more
06-05 14:33:33.015  2188  4395 I AudioController: internalShutdown
06-05 14:33:33.023  2188  2188 I MicroDetector: Keeping mic open: false
06-05 14:33:33.023  2188  2188 I MicroDetectionWorker: #onError(false)
06-05 14:33:33.023  2188  4394 I DeviceStateChecker: DeviceStateChecker cancelled
06-05 14:33:33.081  4365  4400 I GAv4    : Google Analytics 8.4.87 is starting up. To enable debug logging on a device run:
06-05 14:33:33.081  4365  4400 I GAv4    :   adb shell setprop log.tag.GAv4 DEBUG
06-05 14:33:33.081  4365  4400 I GAv4    :   adb logcat -s GAv4
06-05 14:33:33.182  4365  4400 W GAv4    : AnalyticsReceiver is not registered or is disabled. Register the receiver for reliable dispatching on non-Google Play devices. See http://goo.gl/8Rd3yj for instructions.
06-05 14:33:33.202  4365  4400 W GAv4    : CampaignTrackingReceiver is not registered, not exported or is disabled. Installation campaign tracking is not possible. See http://goo.gl/8Rd3yj for instructions.
06-05 14:33:33.297  4365  4404 W GAv4    : AnalyticsService not registered in the app manifest. Hits might not be delivered reliably. See http://goo.gl/8Rd3yj for instructions.
06-05 14:33:33.793  4358  4392 W dex2oat : Verification of int android.support.v4.graphics.drawable.DrawableCompat$DrawableImpl.getAlpha(android.graphics.drawable.Drawable) took 293.170ms
06-05 14:33:33.796  4358  4358 W dex2oat : Verification of java.lang.Object android.support.v4.media.MediaBrowserCompatApi21.getSessionToken(java.lang.Object) took 176.246ms
06-05 14:33:33.974  2079  2089 W ConfigurationChimeraPro: Got null configs for com.google.android.gms.appinvite
06-05 14:33:34.084  4419  4419 W art     : Unexpected CPU variant for X86 using defaults: x86
06-05 14:33:34.091  1655  1666 I ActivityManager: Start proc 4419:com.google.android.partnersetup/u0a19 for broadcast com.google.android.partnersetup/.RlzPingBroadcastReceiver
06-05 14:33:34.162  2188  4418 I UpdateIcingCorporaServi: Updating corpora: APPS=io.github.ylimit.droidbotapp, CONTACTS=MAYBE
06-05 14:33:34.227  4419  4419 W System  : ClassLoader referenced unknown path: /system/priv-app/GooglePartnerSetup/lib/x86
06-05 14:33:34.310  4358  4392 W dex2oat : Verification of void android.support.v4.media.TransportMediatorCallback.handleAudioFocusChange(int) took 430.654ms
06-05 14:33:34.362  2079  2092 W ConfigurationChimeraPro: Got null configs for com.google.android.gms.chromesync
06-05 14:33:34.374  1655  2987 I ActivityManager: Killing 3632:com.everysoft.autoanswer/u0a103 (adj 906): empty #17
06-05 14:33:34.437  4358  4358 W dex2oat : Verification of android.support.v4.media.session.MediaSessionCompat$ResultReceiverWrapper android.support.v4.media.session.MediaSessionCompat$ResultReceiverWrapper$1.createFromParcel(android.os.Parcel) took 256.242ms
06-05 14:33:34.442  2262  4434 I FontsPackageChangeOp: Package io.github.ylimit.droidbotapp has no metadata
06-05 14:33:34.511  2262  4434 D Wear_Controller: Received broadcast action=android.intent.action.PACKAGE_ADDED and uri=io.github.ylimit.droidbotapp
06-05 14:33:34.630  2079  3341 W FetchTask: exception on config fetch: java.net.UnknownHostException: Unable to resolve host "cloudconfig.googleapis.com": No address associated with hostname
06-05 14:33:34.663  1655  1758 D ActivityManager: cleanUpApplicationRecord -- 3632
06-05 14:33:34.664  4358  4392 W dex2oat : Verification of boolean android.support.v4.net.ConnectivityManagerCompatHoneycombMR2.isActiveNetworkMetered(android.net.ConnectivityManager) took 132.864ms
06-05 14:33:34.691  4358  4358 W dex2oat : Verification of java.util.List android.support.v4.media.session.PlaybackStateCompat.getCustomActions() took 189.538ms
06-05 14:33:34.760  2262  2275 I art     : Background partial concurrent mark sweep GC freed 16389(1014KB) AllocSpace objects, 4(176KB) LOS objects, 36% free, 6MB/10MB, paused 14.030ms total 293.300ms
06-05 14:33:34.882  2262  2747 W art     : Long monitor contention with owner lowpool[3] (2777) at void java.lang.Thread.unpark$()(Thread.java:2069) waiters=1 in void java.lang.Object.wait!(long, int) for 221ms
06-05 14:33:34.892  4358  4392 W dex2oat : Verification of java.lang.String android.support.v4.provider.DocumentsContractApi19.getName(android.content.Context, android.net.Uri) took 141.379ms
06-05 14:33:34.925  2262  2947 I Icing   : IndexChimeraService.getServiceInterface callingPackage=com.google.android.googlequicksearchbox componentName=null serviceId=36
06-05 14:33:35.021  4358  4358 W dex2oat : Verification of int android.support.v4.util.ContainerHelpers.binarySearch(long[], int, long) took 140.597ms
06-05 14:33:35.073  2262  2770 I Icing   : IndexChimeraService.getServiceInterface callingPackage=com.google.android.gms componentName=AppsCorpus serviceId=36
06-05 14:33:35.073  2262  4449 I Icing   : IndexChimeraService.getServiceInterface callingPackage=com.google.android.gms componentName=AppsCorpus serviceId=32
06-05 14:33:35.355  4451  4451 W dex2oat : Unexpected CPU variant for X86 using defaults: x86
06-05 14:33:35.356  4451  4451 W dex2oat : Mismatch between dex2oat instruction set features (ISA: X86 Feature string: smp,-ssse3,-sse4.1,-sse4.2,-avx,-avx2,-lock_add,-popcnt) and those of dex2oat executable (ISA: X86 Feature string: smp,ssse3,-sse4.1,-sse4.2,-avx,-avx2,-lock_add,-popcnt) for the command line:
06-05 14:33:35.356  4451  4451 W dex2oat : /system/bin/dex2oat --runtime-arg -classpath --runtime-arg & --instruction-set=x86 --instruction-set-features=smp,ssse3,-sse4.1,-sse4.2,-avx,-avx2,-lock_add,-popcnt --runtime-arg -Xrelocate --boot-image=/system/framework/boot.art --runtime-arg -Xms64m --runtime-arg -Xmx512m --instruction-set-variant=x86 --instruction-set-features=default --dex-file=/data/user/0/com.google.android.gms/app_fb/f.apk --oat-fd=42 --oat-location=/data/user/0/com.google.android.gms/app_fb/f.dex --compiler-filter=speed
06-05 14:33:35.356  4451  4451 I dex2oat : /system/bin/dex2oat --dex-file=/data/user/0/com.google.android.gms/app_fb/f.apk --oat-fd=42 --oat-location=/data/user/0/com.google.android.gms/app_fb/f.dex --compiler-filter=speed
06-05 14:33:35.593  4451  4451 I dex2oat : dex2oat took 238.377ms (threads: 2) arena alloc=195KB (200608B) java alloc=57KB (59048B) native alloc=949KB (972776B) free=2MB (2172952B)
06-05 14:33:35.606  3325  3338 W System  : ClassLoader referenced unknown path: 
06-05 14:33:35.636  3325  3338 D         : HostConnection::get() New Host Connection established 0xaaa1d940, tid 3338
06-05 14:33:35.637  3325  3338 W         : Unrecognized GLES max version string in extensions: ANDROID_EMU_CHECKSUM_HELPER_v1 ANDROID_EMU_dma_v1 
06-05 14:33:35.648  3325  3338 D EGL_emulation: eglCreateContext: 0xaaa05ea0: maj 2 min 0 rcv 2
06-05 14:33:35.765  4358  4392 W dex2oat : Verification of java.lang.Object android.support.v4.util.LruCache.remove(java.lang.Object) took 855.035ms
06-05 14:33:35.778  4442  4442 D AndroidRuntime: >>>>>> START com.android.internal.os.RuntimeInit uid 2000 <<<<<<
06-05 14:33:35.784  4442  4442 D AndroidRuntime: CheckJNI is ON
06-05 14:33:35.935  4442  4442 W art     : Unexpected CPU variant for X86 using defaults: x86
06-05 14:33:35.950  1863  2701 I OmtpVvmCarrierCfgHlpr: OmtpEvent:CONFIG_STATUS_SMS_TIME_OUT
06-05 14:33:35.951  4442  4442 D ICU     : No timezone override file found: /data/misc/zoneinfo/current/icu/icu_tzdata.dat
06-05 14:33:35.955  1863  1863 I RetryPolicy: discarding deferred status: configuration_state=4
06-05 14:33:35.958  1863  1863 D VvmTaskScheduler: No more tasks, stopping service if no task are added in 5000 millis
06-05 14:33:35.960  1863  1863 D VvmTaskScheduler: create task:com.android.phone.vvm.omtp.ActivationTask
06-05 14:33:35.963  1863  1863 D RetryPolicy: retry #1 for com.android.phone.vvm.omtp.ActivationTask@869395f queued, executing in 5000
06-05 14:33:35.969  1863  1863 D VvmTaskScheduler: minimal wait time:4995
06-05 14:33:35.987  3325  3338 D EGL_emulation: eglMakeCurrent: 0xaaa05ea0: ver 2 0 (tinfo 0xaaa039f0)
06-05 14:33:35.992  1863  1863 D VvmTaskScheduler: minimal wait time:4984
06-05 14:33:36.003  2079  2088 I art     : Background partial concurrent mark sweep GC freed 47291(2MB) AllocSpace objects, 3(60KB) LOS objects, 39% free, 5MB/9MB, paused 3.803ms total 102.260ms
06-05 14:33:36.004  2079  2086 W SQLiteConnectionPool: A SQLiteConnection object for database '/data/user/0/com.google.android.gms/databases/config.db' was leaked!  Please fix your application to end transactions in progress properly and to close the database when it is no longer needed.
06-05 14:33:36.030  4442  4442 E memtrack: Couldn't load memtrack module (No such file or directory)
06-05 14:33:36.030  4442  4442 E android.os.Debug: failed to load memtrack module: -2
06-05 14:33:36.035  3307  3417 W Babel_NetConnCheckSvc: IO exception, probably not a captive portal 
06-05 14:33:36.035  3307  3417 W Babel_NetConnCheckSvc: 
06-05 14:33:36.036  4358  4392 W dex2oat : Verification of java.lang.CharSequence android.support.v4.view.accessibility.AccessibilityWindowInfoCompat$AccessibilityWindowInfoImpl.getTitle(java.lang.Object) took 121.122ms
06-05 14:33:36.037  3307  3417 I Babel   : connection state changed from UNKNOWN to CONNECTED
06-05 14:33:36.039  3699  4342 D FirebaseInstanceId: background sync failed: SERVICE_NOT_AVAILABLE, retry in 10s
06-05 14:33:36.043  4442  4442 I Radio-JNI: register_android_hardware_Radio DONE
06-05 14:33:36.068  4442  4442 D AndroidRuntime: Calling main entry com.android.commands.pm.Pm
06-05 14:33:36.068  1655  3264 I ActivityManager: Killing 3728:com.sunyata.kindmind/u0a115 (adj 906): empty #17
06-05 14:33:36.082  4442  4442 I art     : System.exit called, status: 0
06-05 14:33:36.082  4442  4442 I AndroidRuntime: VM exiting with result code 0.
06-05 14:33:36.091  2461  2461 W art     : Verification of void com.estrongs.android.pop.app.analysis.e.a(android.content.Context, java.lang.String) took 275.718ms
06-05 14:33:36.141  1655  3259 I ActivityManager: Killing 3758:com.android.cellbroadcastreceiver/u0a4 (adj 906): empty #17
06-05 14:33:36.147  4358  4358 W dex2oat : Verification of void android.support.v4.view.accessibility.AccessibilityNodeInfoCompat.setText(java.lang.CharSequence) took 387.549ms
06-05 14:33:36.174  2262  2952 I CheckinUtil: Classify the device as Phone.
06-05 14:33:36.185  2262  2777 I Icing   : Usage reports ok 0, Failed Usage reports 0, indexed 0, rejected 0, imm upload true
06-05 14:33:36.192  2188  4418 I UpdateIcingCorporaServi: UpdateCorporaTask done [took 2008 ms] updated apps [took 2007 ms] 
06-05 14:33:36.193  1655  1667 I ActivityManager: START u0 {flg=0x10800000 cmp=com.estrongs.android.pop/.app.InstallMonitorActivity (has extras)} from uid 10111 on display 0
06-05 14:33:36.369  1655  1666 W art     : Long monitor contention with owner Binder:1655_2 (1667) at int com.android.server.am.ActivityStarter.startActivityMayWait(android.app.IApplicationThread, int, java.lang.String, android.content.Intent, java.lang.String, android.service.voice.IVoiceInteractionSession, com.android.internal.app.IVoiceInteractor, android.os.IBinder, java.lang.String, int, int, android.app.ProfilerInfo, android.app.IActivityManager$WaitResult, android.content.res.Configuration, android.os.Bundle, boolean, int, android.app.IActivityContainer, com.android.server.am.TaskRecord)(ActivityStarter.java:757) waiters=0 in boolean com.android.server.am.ActivityManagerService.isUserRunning(int, int) for 203ms
06-05 14:33:36.386  1655  2117 D ActivityManager: cleanUpApplicationRecord -- 3728
06-05 14:33:36.391  1655  3259 W art     : Long monitor contention with owner Binder:1655_2 (1667) at int com.android.server.am.ActivityStarter.startActivityMayWait(android.app.IApplicationThread, int, java.lang.String, android.content.Intent, java.lang.String, android.service.voice.IVoiceInteractionSession, com.android.internal.app.IVoiceInteractor, android.os.IBinder, java.lang.String, int, int, android.app.ProfilerInfo, android.app.IActivityManager$WaitResult, android.content.res.Configuration, android.os.Bundle, boolean, int, android.app.IActivityContainer, com.android.server.am.TaskRecord)(ActivityStarter.java:757) waiters=2 in boolean com.android.server.am.ActivityManagerService.isUserRunning(int, int) for 207ms
06-05 14:33:36.401  1655  3264 W art     : Long monitor contention with owner Binder:1655_2 (1667) at int com.android.server.am.ActivityStarter.startActivityMayWait(android.app.IApplicationThread, int, java.lang.String, android.content.Intent, java.lang.String, android.service.voice.IVoiceInteractionSession, com.android.internal.app.IVoiceInteractor, android.os.IBinder, java.lang.String, int, int, android.app.ProfilerInfo, android.app.IActivityManager$WaitResult, android.content.res.Configuration, android.os.Bundle, boolean, int, android.app.IActivityContainer, com.android.server.am.TaskRecord)(ActivityStarter.java:757) waiters=4 in boolean com.android.server.am.ActivityManagerService.isUserRunning(int, int) for 201ms
06-05 14:33:36.408  1655  1973 W art     : Long monitor contention with owner Binder:1655_2 (1667) at int com.android.server.am.ActivityStarter.startActivityMayWait(android.app.IApplicationThread, int, java.lang.String, android.content.Intent, java.lang.String, android.service.voice.IVoiceInteractionSession, com.android.internal.app.IVoiceInteractor, android.os.IBinder, java.lang.String, int, int, android.app.ProfilerInfo, android.app.IActivityManager$WaitResult, android.content.res.Configuration, android.os.Bundle, boolean, int, android.app.IActivityContainer, com.android.server.am.TaskRecord)(ActivityStarter.java:757) waiters=5 in boolean com.android.server.am.ActivityManagerService.stopServiceToken(android.content.ComponentName, android.os.IBinder, int) for 196ms
06-05 14:33:36.413  1655  3247 D ActivityManager: cleanUpApplicationRecord -- 3758
06-05 14:33:36.418  1655  3262 W art     : Long monitor contention with owner Binder:1655_2 (1667) at int com.android.server.am.ActivityStarter.startActivityMayWait(android.app.IApplicationThread, int, java.lang.String, android.content.Intent, java.lang.String, android.service.voice.IVoiceInteractionSession, com.android.internal.app.IVoiceInteractor, android.os.IBinder, java.lang.String, int, int, android.app.ProfilerInfo, android.app.IActivityManager$WaitResult, android.content.res.Configuration, android.os.Bundle, boolean, int, android.app.IActivityContainer, com.android.server.am.TaskRecord)(ActivityStarter.java:757) waiters=7 in android.content.IIntentSender com.android.server.am.ActivityManagerService.getIntentSender(int, java.lang.String, android.os.IBinder, java.lang.String, int, android.content.Intent[], java.lang.String[], int, android.os.Bundle, int) for 200ms
06-05 14:33:36.419  1655  2297 W art     : Long monitor contention with owner Binder:1655_2 (1667) at int com.android.server.am.ActivityStarter.startActivityMayWait(android.app.IApplicationThread, int, java.lang.String, android.content.Intent, java.lang.String, android.service.voice.IVoiceInteractionSession, com.android.internal.app.IVoiceInteractor, android.os.IBinder, java.lang.String, int, int, android.app.ProfilerInfo, android.app.IActivityManager$WaitResult, android.content.res.Configuration, android.os.Bundle, boolean, int, android.app.IActivityContainer, com.android.server.am.TaskRecord)(ActivityStarter.java:757) waiters=8 in com.android.server.am.ProcessRecord com.android.server.am.ActivityManagerService.findAppProcess(android.os.IBinder, java.lang.String) for 134ms
06-05 14:33:36.422  1655  3124 W art     : Long monitor contention with owner Binder:1655_2 (1667) at int com.android.server.am.ActivityStarter.startActivityMayWait(android.app.IApplicationThread, int, java.lang.String, android.content.Intent, java.lang.String, android.service.voice.IVoiceInteractionSession, com.android.internal.app.IVoiceInteractor, android.os.IBinder, java.lang.String, int, int, android.app.ProfilerInfo, android.app.IActivityManager$WaitResult, android.content.res.Configuration, android.os.Bundle, boolean, int, android.app.IActivityContainer, com.android.server.am.TaskRecord)(ActivityStarter.java:757) waiters=10 in com.android.server.am.ProcessRecord com.android.server.am.ActivityManagerService.findAppProcess(android.os.IBinder, java.lang.String) for 134ms
06-05 14:33:36.570  1655  2117 I ActivityManager: Killing 3783:com.android.settings/1000 (adj 906): empty #17
06-05 14:33:36.576  1655  2117 I ActivityManager: Killing 3307:com.google.android.talk/u0a54 (adj 906): empty #17
06-05 14:33:36.623  1655  1708 D ConnectivityService: NetworkAgentInfo [MOBILE (LTE) - 100] validation failed
06-05 14:33:36.679  2188  2188 W SearchService: Abort, client detached.
06-05 14:33:36.760  2262  2777 I Icing   : Usage reports ok 0, Failed Usage reports 0, indexed 0, rejected 0, imm upload false
06-05 14:33:36.781  1655  1667 D ActivityManager: cleanUpApplicationRecord -- 3783
06-05 14:33:36.786  1655  2297 D ActivityManager: cleanUpApplicationRecord -- 3307
06-05 14:33:36.787  4358  4392 W dex2oat : Verification of void com.bumptech.glide.gifencoder.AnimatedGifEncoder.setSize(int, int) took 246.822ms
06-05 14:33:37.084  1655  2987 W InputMethodManagerService: Window already focused, ignoring focus gain of: com.android.internal.view.IInputMethodClient$Stub$Proxy@a3e14c4 attribute=android.view.inputmethod.EditorInfo@a5abfad, token = android.os.BinderProxy@44d5d72
06-05 14:33:37.439  2461  2461 W art     : Verification of boolean com.duapps.search.internal.e.b.b(android.content.Context) took 103.763ms
06-05 14:33:37.538  2461  2472 I art     : Background sticky concurrent mark sweep GC freed 5903(452KB) AllocSpace objects, 0(0B) LOS objects, 13% free, 5MB/6MB, paused 8.632ms total 242.185ms
06-05 14:33:37.583  3651  3680 W InstanceID/Rpc: No response android.os.ConditionVariable@af96771
06-05 14:33:37.619  2188  2188 I OptInState: There is a new client and it does not support opt-in. Dropping request.
06-05 14:33:37.631  2188  2215 W LocationOracle: No location history returned by ContextManager
06-05 14:33:37.687  2188  2188 I MicroDetectionWorker: Micro detection mode: [mDetectionMode: [1]].
06-05 14:33:37.688  2188  2188 I AudioController: Using mInputStreamFactoryBuilder
06-05 14:33:37.710  2188  4483 I MicroRecognitionRunner: Starting detection.
06-05 14:33:37.736  2188  2216 I MicrophoneInputStream: mic_starting com.google.android.apps.gsa.staticplugins.z.c@aeef33d
06-05 14:33:37.754  1355  4486 I AudioFlinger: AudioFlinger's thread 0xa8683780 ready to run
06-05 14:33:37.783  2188  2216 I MicrophoneInputStream: mic_started com.google.android.apps.gsa.staticplugins.z.c@aeef33d
06-05 14:33:37.785  2188  2216 E ActivityThread: Failed to find provider info for com.google.android.apps.gsa.testing.ui.audio.recorded
06-05 14:33:37.791  2188  2188 I MicroDetectionWorker: onReady
06-05 14:33:37.791  2188  4483 W SpeechLevelGenerator: Really low audio levels detected. The audio input may have issues.
06-05 14:33:37.798  2188  2216 I MicrophoneInputStream: mic_close com.google.android.apps.gsa.staticplugins.z.c@aeef33d
06-05 14:33:37.800  2188  4483 I MicroRecognitionRunner: Detection finished
06-05 14:33:37.800  2188  4483 W ErrorReporter: reportError [type: 211, code: 524300]: Error reading from input stream
06-05 14:33:37.803  2188  4483 W ErrorProcessor: onFatalError, processing error from engine(4)
06-05 14:33:37.803  2188  4483 W ErrorProcessor: com.google.android.apps.gsa.shared.speech.a.g: Error reading from input stream
06-05 14:33:37.803  2188  4483 W ErrorProcessor: 	at com.google.android.apps.gsa.staticplugins.recognizer.i.a.a(SourceFile:342)
06-05 14:33:37.803  2188  4483 W ErrorProcessor: 	at com.google.android.apps.gsa.staticplugins.recognizer.i.a$1.run(SourceFile:1367)
06-05 14:33:37.803  2188  4483 W ErrorProcessor: 	at java.util.concurrent.Executors$RunnableAdapter.call(Executors.java:428)
06-05 14:33:37.803  2188  4483 W ErrorProcessor: 	at java.util.concurrent.FutureTask.run(FutureTask.java:237)
06-05 14:33:37.803  2188  4483 W ErrorProcessor: 	at com.google.android.apps.gsa.shared.util.concurrent.a.ak.run(SourceFile:66)
06-05 14:33:37.803  2188  4483 W ErrorProcessor: 	at java.util.concurrent.ThreadPoolExecutor.runWorker(ThreadPoolExecutor.java:1133)
06-05 14:33:37.803  2188  4483 W ErrorProcessor: 	at java.util.concurrent.ThreadPoolExecutor$Worker.run(ThreadPoolExecutor.java:607)
06-05 14:33:37.803  2188  4483 W ErrorProcessor: 	at java.lang.Thread.run(Thread.java:761)
06-05 14:33:37.803  2188  4483 W ErrorProcessor: 	at com.google.android.apps.gsa.shared.util.concurrent.a.ad$1.run(SourceFile:85)
06-05 14:33:37.803  2188  4483 W ErrorProcessor: Caused by: com.google.android.apps.gsa.shared.exception.GsaIOException: Error code: 393238 | Buffer overflow, no available space.
06-05 14:33:37.803  2188  4483 W ErrorProcessor: 	at com.google.android.apps.gsa.speech.audio.Tee.g(SourceFile:2531)
06-05 14:33:37.803  2188  4483 W ErrorProcessor: 	at com.google.android.apps.gsa.speech.audio.ap.read(SourceFile:555)
06-05 14:33:37.803  2188  4483 W ErrorProcessor: 	at java.io.InputStream.read(InputStream.java:101)
06-05 14:33:37.803  2188  4483 W ErrorProcessor: 	at com.google.android.apps.gsa.speech.audio.al.run(SourceFile:362)
06-05 14:33:37.803  2188  4483 W ErrorProcessor: 	at com.google.android.apps.gsa.speech.audio.ak$1.run(SourceFile:471)
06-05 14:33:37.803  2188  4483 W ErrorProcessor: 	at java.util.concurrent.Executors$RunnableAdapter.call(Executors.java:428)
06-05 14:33:37.803  2188  4483 W ErrorProcessor: 	at java.util.concurrent.FutureTask.run(FutureTask.java:237)
06-05 14:33:37.803  2188  4483 W ErrorProcessor: 	at com.google.android.apps.gsa.shared.util.concurrent.a.ak.run(SourceFile:66)
06-05 14:33:37.803  2188  4483 W ErrorProcessor: 	at com.google.android.apps.gsa.shared.util.concurrent.a.ax.run(SourceFile:139)
06-05 14:33:37.803  2188  4483 W ErrorProcessor: 	at com.google.android.apps.gsa.shared.util.concurrent.a.ax.run(SourceFile:139)
06-05 14:33:37.803  2188  4483 W ErrorProcessor: 	... 4 more
06-05 14:33:37.803  2188  4483 I AudioController: internalShutdown
06-05 14:33:37.804  2188  2314 I MicroRecognitionRunner: Stopping hotword detection.
06-05 14:33:37.806  2262  2777 I Icing   : Usage reports ok 0, Failed Usage reports 0, indexed 0, rejected 0, imm upload false
06-05 14:33:37.809  2188  2188 I MicroDetector: Keeping mic open: false
06-05 14:33:37.809  2188  2188 I MicroDetectionWorker: #onError(false)
06-05 14:33:37.814  2188  2199 I art     : Background partial concurrent mark sweep GC freed 15810(942KB) AllocSpace objects, 7(2MB) LOS objects, 38% free, 6MB/10MB, paused 3.917ms total 100.854ms
06-05 14:33:37.814  2188  4482 I DeviceStateChecker: DeviceStateChecker cancelled
06-05 14:33:37.825  4358  4358 W dex2oat : Verification of void com.bumptech.glide.load.model.GenericLoaderFactory.cacheNullLoader(java.lang.Class, java.lang.Class) took 985.293ms
06-05 14:33:37.832  4358  4392 W dex2oat : Verification of void com.bumptech.glide.load.resource.bitmap.RecyclableBufferedInputStream.close() took 931.822ms
06-05 14:33:37.846  2262  2777 I Icing   : Indexing 6A4EAB58E112F0E914E3BDD14AF5C2B791187662 from com.google.android.googlequicksearchbox
06-05 14:33:37.846  3651  3680 W art     : Verification of boolean lfh.n() took 257.738ms
06-05 14:33:37.879  1364  3477 W SocketClient: write error (Broken pipe)
06-05 14:33:38.131  2262  3104 W GAv4-SVC: Network compressed POST connection error: java.net.UnknownHostException: Unable to resolve host "ssl.google-analytics.com": No address associated with hostname
06-05 14:33:38.191  4255  4488 I MS_RegisterService: RegisterService intent:Intent { act=register_intent_action flg=0x10 cmp=com.google.android.talk/com.google.android.libraries.matchstick.net.SilentRegisterService } isPeriodic:false
06-05 14:33:38.209  3651  3680 W art     : Verification of java.lang.Object[] lfh.i() took 339.938ms
06-05 14:33:38.213  2079  2323 W GCoreFlp: No location to return for getLastLocation()
06-05 14:33:38.218  2079  2323 W GCoreFlp: No location to return for getLastLocation()
06-05 14:33:38.248  4255  4488 I MS_RegisterService: Not registered and not enabled. Doing nothing.
