--------- beginning of main
06-05 14:33:13.602  3837  3837 I ProviderInstaller: Installed default security provider GmsCore_OpenSSL
06-05 14:33:13.603  3837  3837 D AndroidMusic: GMSCore installation verified
06-05 14:33:13.684  3837  3837 V MediaRouter: Adding route: RouteInfo{ name=Phone, description=null, status=null, category=RouteCategory{ name=null types=ROUTE_TYPE_LIVE_AUDIO ROUTE_TYPE_LIVE_VIDEO  groupable=false }, supportedTypes=ROUTE_TYPE_LIVE_AUDIO ROUTE_TYPE_LIVE_VIDEO , presentationDisplay=null }
06-05 14:33:13.710  3837  3837 V MediaRouter: Updating audio routes: AudioRoutesInfo{ type=SPEAKER }
06-05 14:33:13.714  3837  3837 V MediaRouter: Selecting route: RouteInfo{ name=Phone, description=null, status=null, category=RouteCategory{ name=null types=ROUTE_TYPE_LIVE_AUDIO ROUTE_TYPE_LIVE_VIDEO  groupable=false }, supportedTypes=ROUTE_TYPE_LIVE_AUDIO ROUTE_TYPE_LIVE_VIDEO , presentationDisplay=null }
06-05 14:33:13.725  3837  3837 I MediaRouter: Found default route: MediaRouter.RouteInfo{ uniqueId=android/.support.v7.media.SystemMediaRouteProvider:DEFAULT_ROUTE, name=Phone, description=null, iconUri=null, enabled=true, connecting=false, connectionState=0, canDisconnect=false, playbackType=0, playbackStream=3, deviceType=0, volumeHandling=1, volume=15, volumeMax=15, presentationDisplayId=-1, extras=null, settingsIntent=null, providerPackageName=android }
06-05 14:33:13.750  3894  3894 I CalendarProvider2: Sending notification intent: Intent { act=android.intent.action.PROVIDER_CHANGED dat=content://com.android.calendar flg=0x20000000 }
06-05 14:33:13.752  3894  3894 W ContentResolver: Failed to get type for: content://com.android.calendar (Unknown URL content://com.android.calendar)
06-05 14:33:13.813  3837  3837 D MusicLifecycle: com.google.android.music.store.MediaStoreImportService$Receiver generated event: Broadcast received with context android.app.ReceiverRestrictedContext@c427696 and intent Intent { act=android.intent.action.MEDIA_SCANNER_STARTED dat=file:///storage/emulated/0 flg=0x10 cmp=com.google.android.music/.store.MediaStoreImportService$Receiver }
06-05 14:33:13.855  3837  3837 D MusicLifecycle: com.google.android.music.net.NetworkConnectivityMonitor$NetworkChangedReceiver generated event: Broadcast received with context com.google.android.music.MusicApplication@a4a68a2 and intent Intent { act=android.net.conn.CONNECTIVITY_CHANGE flg=0x4000010 (has extras) }
06-05 14:33:13.856  3837  3837 I NetworkConnectivity: Network state changed: [type: WIFI[], state: CONNECTED/CONNECTED, reason: (unspecified), extra: "AndroidWifi", failover: false, available: true, roaming: false, metered: false]
06-05 14:33:13.902  3861  3888 D PrivacyStreams: Accepted a socket client.
06-05 14:33:14.271  3837  3837 D MusicLifecycle: com.google.android.music.preferences.MusicPreferenceService$MusicPreferenceServiceBinder generated event: Service created
06-05 14:33:14.285  3908  3908 I dex2oat : dex2oat took 1.808s (threads: 2) arena alloc=384B (384B) java alloc=8KB (8784B) native alloc=1199KB (1227832B) free=1872KB (1917896B)
06-05 14:33:14.293  3837  3837 D MusicLifecycle: com.google.android.music.download.cache.StorageMigrationService generated event: Service created
06-05 14:33:14.324  3837  3837 D MusicLifecycle: com.google.android.music.download.artwork.ArtDownloadService generated event: Service created
06-05 14:33:14.354  3837  3837 V MediaRouter: Selecting route: RouteInfo{ name=Phone, description=null, status=null, category=RouteCategory{ name=null types=ROUTE_TYPE_LIVE_AUDIO ROUTE_TYPE_LIVE_VIDEO  groupable=false }, supportedTypes=ROUTE_TYPE_LIVE_AUDIO ROUTE_TYPE_LIVE_VIDEO , presentationDisplay=null }
06-05 14:33:14.367  3837  3837 D MusicLifecycle: com.google.android.music.store.MediaStoreImportService generated event: Service created
06-05 14:33:14.372  3837  3837 D MusicLifecycle: com.google.android.music.store.MediaStoreImportService$Receiver generated event: Broadcast received with context android.app.ReceiverRestrictedContext@c427696 and intent Intent { act=android.intent.action.MEDIA_SCANNER_FINISHED dat=file:///storage/emulated/0 flg=0x10 cmp=com.google.android.music/.store.MediaStoreImportService$Receiver }
06-05 14:33:14.471  3837  3837 D MusicLifecycle: com.google.android.music.download.cache.StorageMigrationService generated event: Service destroyed
06-05 14:33:14.477  3837  3837 D MusicLifecycle: com.google.android.music.store.MediaStoreImportService$Receiver generated event: Broadcast received with context android.app.ReceiverRestrictedContext@c427696 and intent Intent { act=android.intent.action.MEDIA_SCANNER_STARTED dat=file:///storage/emulated/0 flg=0x10 cmp=com.google.android.music/.store.MediaStoreImportService$Receiver }
06-05 14:33:14.512  2079  2079 W ConfigurationChimeraPro: Got null configs for com.google.android.gms.trustagent.common
06-05 14:33:14.824  2079  3953 W ConfigurationChimeraPro: Got null configs for com.google.android.gms.tapandpay_legacy_gservices
06-05 14:33:14.992  2173  2185 I art     : Background partial concurrent mark sweep GC freed 4003(192KB) AllocSpace objects, 0(0B) LOS objects, 40% free, 2MB/4MB, paused 6.347ms total 184.460ms
06-05 14:33:15.023  2262  3751 I Authzen : [DeviceStateSyncManager] Skipping sync since last one was 1388ms ago.
06-05 14:33:15.181  3940  3940 D AndroidRuntime: >>>>>> START com.android.internal.os.RuntimeInit uid 2000 <<<<<<
06-05 14:33:15.185  3940  3940 D AndroidRuntime: CheckJNI is ON
--------- beginning of system
06-05 14:33:15.225  1655  1669 I ActivityManager: Waited long enough for: ServiceRecord{cb3adf4 u0 com.aiguo.handydiary/com.google.firebase.iid.FirebaseInstanceIdService}
06-05 14:33:15.342  3940  3940 W art     : Unexpected CPU variant for X86 using defaults: x86
06-05 14:33:15.348  3940  3940 D ICU     : No timezone override file found: /data/misc/zoneinfo/current/icu/icu_tzdata.dat
06-05 14:33:15.442  3940  3940 E memtrack: Couldn't load memtrack module (No such file or directory)
06-05 14:33:15.442  3940  3940 E android.os.Debug: failed to load memtrack module: -2
06-05 14:33:15.444  3940  3940 I Radio-JNI: register_android_hardware_Radio DONE
06-05 14:33:15.500  3940  3940 D AndroidRuntime: Calling main entry com.android.commands.ime.Ime
06-05 14:33:15.526  3940  3940 D AndroidRuntime: Shutting down VM
06-05 14:33:15.644  3837  3943 I MediaStoreImporter: Update: incremental Added music: 0 Updated music: 0 Deleted music: 0 Created playlists: 0 Updated playlists: 0 Deleted playlists: 0 Inserted playlist items: 0 Deleted playlist items: 0 Removed orphaned playlist items: 0
06-05 14:33:15.656  3837  3837 D MusicLifecycle: com.google.android.music.store.MediaStoreImportService generated event: Service destroyed
06-05 14:33:15.659  1655  1973 I ActivityManager: Killing 2971:com.android.chrome/u0a38 (adj 906): empty #17
06-05 14:33:15.697  1655  2117 D ActivityManager: cleanUpApplicationRecord -- 2971
06-05 14:33:15.715  1725  1725 I InputAttributes: InputType.TYPE_NULL is specified
06-05 14:33:15.716  2262  2262 V MediaRouter: Adding route: RouteInfo{ name=Phone, description=null, status=null, category=RouteCategory{ name=null types=ROUTE_TYPE_LIVE_AUDIO ROUTE_TYPE_LIVE_VIDEO  groupable=false }, supportedTypes=ROUTE_TYPE_LIVE_AUDIO ROUTE_TYPE_LIVE_VIDEO , presentationDisplay=null }
06-05 14:33:15.744  2262  2262 V MediaRouter: Updating audio routes: AudioRoutesInfo{ type=SPEAKER }
06-05 14:33:15.753  2262  2262 V MediaRouter: Selecting route: RouteInfo{ name=Phone, description=null, status=null, category=RouteCategory{ name=null types=ROUTE_TYPE_LIVE_AUDIO ROUTE_TYPE_LIVE_VIDEO  groupable=false }, supportedTypes=ROUTE_TYPE_LIVE_AUDIO ROUTE_TYPE_LIVE_VIDEO , presentationDisplay=null }
06-05 14:33:15.764  2262  2262 I MediaRouter: Found default route: MediaRouter.RouteInfo{ uniqueId=android/zx:DEFAULT_ROUTE, name=Phone, description=null, iconUri=null, enabled=true, connecting=false, connectionState=0, canDisconnect=false, playbackType=0, playbackStream=3, deviceType=0, volumeHandling=1, volume=15, volumeMax=15, presentationDisplayId=-1, extras=null, settingsIntent=null, providerPackageName=android }
06-05 14:33:15.943  3837  3837 D MusicLifecycle: com.google.android.music.autocache.AutoCacheSchedulingService$EnablingReceiver generated event: Broadcast received with context android.app.ReceiverRestrictedContext@c427696 and intent Intent { act=com.google.android.music.START_DOWNLOAD_SCHEDULING flg=0x10 cmp=com.google.android.music/.autocache.AutoCacheSchedulingService$EnablingReceiver }
06-05 14:33:15.951  2262  2262 V MediaRouter: Selecting route: RouteInfo{ name=Phone, description=null, status=null, category=RouteCategory{ name=null types=ROUTE_TYPE_LIVE_AUDIO ROUTE_TYPE_LIVE_VIDEO  groupable=false }, supportedTypes=ROUTE_TYPE_LIVE_AUDIO ROUTE_TYPE_LIVE_VIDEO , presentationDisplay=null }
06-05 14:33:16.008  3837  3837 D MusicLifecycle: com.google.android.music.autocache.AutoCacheSchedulingService generated event: Service created
06-05 14:33:16.203  3837  3837 D MusicLifecycle: com.google.android.music.autocache.AutoCacheSchedulingService generated event: Service started with intent Intent { act=com.google.android.music.leanback.APP_IN_USE cmp=com.google.android.music/.autocache.AutoCacheSchedulingService (has extras) }
06-05 14:33:16.210  3837  3837 D MusicLifecycle: com.google.android.music.wear.WearBroadcastReceiver generated event: Broadcast received with context android.app.ReceiverRestrictedContext@c427696 and intent Intent { act=com.google.android.music.START_DOWNLOAD_SCHEDULING flg=0x10 cmp=com.google.android.music/.wear.WearBroadcastReceiver }
06-05 14:33:16.477  1655  1669 I ActivityManager: Waited long enough for: ServiceRecord{2925d53 u0 com.aiguo.handydiary/com.aiguo.commondiary.services.MyNotificationService}
06-05 14:33:16.908  3967  3967 D AndroidRuntime: >>>>>> START com.android.internal.os.RuntimeInit uid 2000 <<<<<<
06-05 14:33:16.913  3967  3967 D AndroidRuntime: CheckJNI is ON
06-05 14:33:16.925  1863  1863 D VvmSimChangeReceiver: Carrier config changed
06-05 14:33:16.928  1863  1863 I VvmSimChangeReceiver: Sim state or carrier config changed for 1
06-05 14:33:16.965  1863  1863 D VvmTaskScheduler: create task:com.android.phone.vvm.omtp.ActivationTask
06-05 14:33:16.999  3967  3967 W art     : Unexpected CPU variant for X86 using defaults: x86
06-05 14:33:17.011  3967  3967 D ICU     : No timezone override file found: /data/misc/zoneinfo/current/icu/icu_tzdata.dat
06-05 14:33:17.053  3967  3967 E memtrack: Couldn't load memtrack module (No such file or directory)
06-05 14:33:17.053  3967  3967 E android.os.Debug: failed to load memtrack module: -2
06-05 14:33:17.055  3967  3967 I Radio-JNI: register_android_hardware_Radio DONE
06-05 14:33:17.094  3967  3967 D AndroidRuntime: Calling main entry com.android.commands.ime.Ime
06-05 14:33:17.100  3837  3837 D MusicLifecycle: com.google.android.music.store.MediaStoreImportService$Receiver generated event: Broadcast received with context android.app.ReceiverRestrictedContext@c427696 and intent Intent { act=android.intent.action.MEDIA_SCANNER_FINISHED dat=file:///storage/emulated/0 flg=0x10 cmp=com.google.android.music/.store.MediaStoreImportService$Receiver }
06-05 14:33:17.125  3967  3967 D AndroidRuntime: Shutting down VM
06-05 14:33:17.145  2079  2079 I WearableService: Wearable Services not starting - Wear is not available on this device.
06-05 14:33:17.153  3837  3837 D MusicLifecycle: com.google.android.music.store.MediaStoreImportService generated event: Service created
06-05 14:33:17.155  3837  3837 D MusicLifecycle: com.google.android.music.store.MediaStoreImportService$Receiver generated event: Broadcast received with context android.app.ReceiverRestrictedContext@c427696 and intent Intent { act=android.intent.action.MEDIA_SCANNER_STARTED dat=file:///system/media flg=0x10 cmp=com.google.android.music/.store.MediaStoreImportService$Receiver }
06-05 14:33:17.186  3989  3989 W art     : Unexpected CPU variant for X86 using defaults: x86
06-05 14:33:17.192  2188  2188 I MicroDetectionWorker: Micro detection mode: [mDetectionMode: [1]].
06-05 14:33:17.192  2188  2188 I AudioController: Using mInputStreamFactoryBuilder
06-05 14:33:17.213  1655  2297 I ActivityManager: Start proc 3989:com.google.android.calendar/u0a34 for broadcast com.google.android.calendar/com.android.calendar.alerts.AlertReceiver
06-05 14:33:17.228  2188  3998 I MicroRecognitionRunner: Starting detection.
06-05 14:33:17.228  2188  2236 I MicrophoneInputStream: mic_starting com.google.android.apps.gsa.staticplugins.z.c@14bf8a9
06-05 14:33:17.229  1355  4001 I AudioFlinger: AudioFlinger's thread 0xa9083d80 ready to run
06-05 14:33:17.260  2079  2350 D WearableService: onGetService - Wear is not available on this device.
06-05 14:33:17.279  1655  2117 V InputMethodManagerService: Adding window token: android.os.Binder@9d38b91
06-05 14:33:17.291  2188  2236 I MicrophoneInputStream: mic_started com.google.android.apps.gsa.staticplugins.z.c@14bf8a9
06-05 14:33:17.293  2188  2236 E ActivityThread: Failed to find provider info for com.google.android.apps.gsa.testing.ui.audio.recorded
06-05 14:33:17.307  2188  2188 I MicroDetectionWorker: onReady
06-05 14:33:17.338  2188  2236 I MicrophoneInputStream: mic_close com.google.android.apps.gsa.staticplugins.z.c@14bf8a9
06-05 14:33:17.348  1655  1665 I art     : Background sticky concurrent mark sweep GC freed 55631(2MB) AllocSpace objects, 7(300KB) LOS objects, 21% free, 10MB/13MB, paused 5.525ms total 138.192ms
06-05 14:33:17.377  2188  3998 I MicroRecognitionRunner: Detection finished
06-05 14:33:17.377  2188  3998 W ErrorReporter: reportError [type: 211, code: 524300]: Error reading from input stream
06-05 14:33:17.378  2188  2314 I MicroRecognitionRunner: Stopping hotword detection.
06-05 14:33:17.381  2188  3998 W ErrorProcessor: onFatalError, processing error from engine(4)
06-05 14:33:17.381  2188  3998 W ErrorProcessor: com.google.android.apps.gsa.shared.speech.a.g: Error reading from input stream
06-05 14:33:17.381  2188  3998 W ErrorProcessor: 	at com.google.android.apps.gsa.staticplugins.recognizer.i.a.a(SourceFile:342)
06-05 14:33:17.381  2188  3998 W ErrorProcessor: 	at com.google.android.apps.gsa.staticplugins.recognizer.i.a$1.run(SourceFile:1367)
06-05 14:33:17.381  2188  3998 W ErrorProcessor: 	at java.util.concurrent.Executors$RunnableAdapter.call(Executors.java:428)
06-05 14:33:17.381  2188  3998 W ErrorProcessor: 	at java.util.concurrent.FutureTask.run(FutureTask.java:237)
06-05 14:33:17.381  2188  3998 W ErrorProcessor: 	at com.google.android.apps.gsa.shared.util.concurrent.a.ak.run(SourceFile:66)
06-05 14:33:17.381  2188  3998 W ErrorProcessor: 	at java.util.concurrent.ThreadPoolExecutor.runWorker(ThreadPoolExecutor.java:1133)
06-05 14:33:17.381  2188  3998 W ErrorProcessor: 	at java.util.concurrent.ThreadPoolExecutor$Worker.run(ThreadPoolExecutor.java:607)
06-05 14:33:17.381  2188  3998 W ErrorProcessor: 	at java.lang.Thread.run(Thread.java:761)
06-05 14:33:17.381  2188  3998 W ErrorProcessor: 	at com.google.android.apps.gsa.shared.util.concurrent.a.ad$1.run(SourceFile:85)
06-05 14:33:17.381  2188  3998 W ErrorProcessor: Caused by: com.google.android.apps.gsa.shared.exception.GsaIOException: Error code: 393238 | Buffer overflow, no available space.
06-05 14:33:17.381  2188  3998 W ErrorProcessor: 	at com.google.android.apps.gsa.speech.audio.Tee.g(SourceFile:2531)
06-05 14:33:17.381  2188  3998 W ErrorProcessor: 	at com.google.android.apps.gsa.speech.audio.ap.read(SourceFile:555)
06-05 14:33:17.381  2188  3998 W ErrorProcessor: 	at java.io.InputStream.read(InputStream.java:101)
06-05 14:33:17.381  2188  3998 W ErrorProcessor: 	at com.google.android.apps.gsa.speech.audio.al.run(SourceFile:362)
06-05 14:33:17.381  2188  3998 W ErrorProcessor: 	at com.google.android.apps.gsa.speech.audio.ak$1.run(SourceFile:471)
06-05 14:33:17.381  2188  3998 W ErrorProcessor: 	at java.util.concurrent.Executors$RunnableAdapter.call(Executors.java:428)
06-05 14:33:17.381  2188  3998 W ErrorProcessor: 	at java.util.concurrent.FutureTask.run(FutureTask.java:237)
06-05 14:33:17.381  2188  3998 W ErrorProcessor: 	at com.google.android.apps.gsa.shared.util.concurrent.a.ak.run(SourceFile:66)
06-05 14:33:17.381  2188  3998 W ErrorProcessor: 	at com.google.android.apps.gsa.shared.util.concurrent.a.ax.run(SourceFile:139)
06-05 14:33:17.381  2188  3998 W ErrorProcessor: 	at com.google.android.apps.gsa.shared.util.concurrent.a.ax.run(SourceFile:139)
06-05 14:33:17.381  2188  3998 W ErrorProcessor: 	... 4 more
06-05 14:33:17.381  2188  3998 I AudioController: internalShutdown
06-05 14:33:17.387  2188  2188 I MicroDetector: Keeping mic open: false
06-05 14:33:17.387  2188  2188 I MicroDetectionWorker: #onError(false)
06-05 14:33:17.388  2188  3996 I DeviceStateChecker: DeviceStateChecker cancelled
06-05 14:33:17.448  3837  3971 I MusicLeanback: Conditions not met for autocaching. okToAttempt=false
06-05 14:33:17.448  3837  3971 I MusicLeanback: Stop autocaching.
06-05 14:33:17.449  3837  3975 E GmsUtils: Failed to connect to Google API client: ConnectionResult{statusCode=API_UNAVAILABLE, resolution=null, message=null}
06-05 14:33:17.456  3837  3837 D MusicLifecycle: com.google.android.music.autocache.AutoCacheSchedulingService generated event: Service destroyed
06-05 14:33:17.488  3989  3989 W System  : ClassLoader referenced unknown path: /system/app/CalendarGooglePrebuilt/lib/x86
06-05 14:33:17.621  2461  2743 W System.err: java.net.UnknownHostException: Unable to resolve host "graph.facebook.com": No address associated with hostname
06-05 14:33:17.642  3837  3988 I MediaStoreImporter: Update: incremental Added music: 0 Updated music: 0 Deleted music: 0 Created playlists: 0 Updated playlists: 0 Deleted playlists: 0 Inserted playlist items: 0 Deleted playlist items: 0 Removed orphaned playlist items: 0
06-05 14:33:17.658  3837  3837 D MusicLifecycle: com.google.android.music.store.MediaStoreImportService generated event: Service destroyed
06-05 14:33:17.671  2461  2743 W System.err: 	at java.net.Inet6AddressImpl.lookupHostByName(Inet6AddressImpl.java:125)
06-05 14:33:17.672  2461  2743 W System.err: 	at java.net.Inet6AddressImpl.lookupAllHostAddr(Inet6AddressImpl.java:74)
06-05 14:33:17.672  2461  2743 W System.err: 	at java.net.InetAddress.getAllByName(InetAddress.java:752)
06-05 14:33:17.672  2461  2743 W System.err: 	at com.android.okhttp.internal.Network$1.resolveInetAddresses(Network.java:29)
06-05 14:33:17.672  2461  2743 W System.err: 	at com.android.okhttp.internal.http.RouteSelector.resetNextInetSocketAddress(RouteSelector.java:187)
06-05 14:33:17.672  2461  2743 W System.err: 	at com.android.okhttp.internal.http.RouteSelector.nextProxy(RouteSelector.java:156)
06-05 14:33:17.672  2461  2743 W System.err: 	at com.android.okhttp.internal.http.RouteSelector.next(RouteSelector.java:98)
06-05 14:33:17.672  2461  2743 W System.err: 	at com.android.okhttp.internal.http.HttpEngine.createNextConnection(HttpEngine.java:345)
06-05 14:33:17.672  2461  2743 W System.err: 	at com.android.okhttp.internal.http.HttpEngine.connect(HttpEngine.java:328)
06-05 14:33:17.673  2461  2743 W System.err: 	at com.android.okhttp.internal.http.HttpEngine.sendRequest(HttpEngine.java:246)
06-05 14:33:17.673  2461  2743 W System.err: 	at com.android.okhttp.internal.huc.HttpURLConnectionImpl.execute(HttpURLConnectionImpl.java:457)
06-05 14:33:17.673  2461  2743 W System.err: 	at com.android.okhttp.internal.huc.HttpURLConnectionImpl.connect(HttpURLConnectionImpl.java:126)
06-05 14:33:17.673  2461  2743 W System.err: 	at com.android.okhttp.internal.huc.DelegatingHttpsURLConnection.connect(DelegatingHttpsURLConnection.java:89)
06-05 14:33:17.673  2461  2743 W System.err: 	at com.android.okhttp.internal.huc.HttpsURLConnectionImpl.connect(HttpsURLConnectionImpl.java)
06-05 14:33:17.673  2461  2743 W System.err: 	at com.facebook.ads.internal.i.a.a.a(Unknown Source)
06-05 14:33:17.673  2461  2743 W System.err: 	at com.facebook.ads.internal.i.a.a.a(Unknown Source)
06-05 14:33:17.673  2461  2743 W System.err: 	at com.facebook.ads.internal.i.a.h.a(Unknown Source)
06-05 14:33:17.673  2461  2743 W System.err: 	at com.facebook.ads.internal.i.a.h.doInBackground(Unknown Source)
06-05 14:33:17.674  2461  2743 W System.err: 	at android.os.AsyncTask$2.call(AsyncTask.java:305)
06-05 14:33:17.674  2461  2743 W System.err: 	at java.util.concurrent.FutureTask.run(FutureTask.java:237)
06-05 14:33:17.674  2461  2743 W System.err: 	at android.os.AsyncTask$SerialExecutor$1.run(AsyncTask.java:243)
06-05 14:33:17.674  2461  2743 W System.err: 	at java.util.concurrent.ThreadPoolExecutor.runWorker(ThreadPoolExecutor.java:1133)
06-05 14:33:17.674  2461  2743 W System.err: 	at java.util.concurrent.ThreadPoolExecutor$Worker.run(ThreadPoolExecutor.java:607)
06-05 14:33:17.674  2461  2743 W System.err: 	at java.lang.Thread.run(Thread.java:761)
06-05 14:33:17.675  2461  2743 W System.err: Caused by: android.system.GaiException: android_getaddrinfo failed: EAI_NODATA (No address associated with hostname)
06-05 14:33:17.676  2461  2743 W System.err: 	at libcore.io.Posix.android_getaddrinfo(Native Method)
06-05 14:33:17.676  2461  2743 W System.err: 	at libcore.io.ForwardingOs.android_getaddrinfo(ForwardingOs.java:55)
06-05 14:33:17.676  2461  2743 W System.err: 	at java.net.Inet6AddressImpl.lookupHostByName(Inet6AddressImpl.java:106)
06-05 14:33:17.676  2461  2743 W System.err: 	... 23 more
06-05 14:33:17.680  1655  1758 I ActivityManager: Killing 2989:com.google.android.onetimeinitializer/u0a17 (adj 906): empty #17
06-05 14:33:17.733  1655  2987 D ActivityManager: cleanUpApplicationRecord -- 2989
06-05 14:33:17.738  2461  2743 W System.err: java.net.UnknownHostException: Unable to resolve host "graph.facebook.com": No address associated with hostname
06-05 14:33:17.740  2461  2743 W System.err: 	at java.net.Inet6AddressImpl.lookupHostByName(Inet6AddressImpl.java:95)
06-05 14:33:17.740  2461  2743 W System.err: 	at java.net.Inet6AddressImpl.lookupAllHostAddr(Inet6AddressImpl.java:74)
06-05 14:33:17.742  2461  2743 W System.err: 	at java.net.InetAddress.getAllByName(InetAddress.java:752)
06-05 14:33:17.742  2461  2743 W System.err: 	at com.android.okhttp.internal.Network$1.resolveInetAddresses(Network.java:29)
06-05 14:33:17.742  2461  2743 W System.err: 	at com.android.okhttp.internal.http.RouteSelector.resetNextInetSocketAddress(RouteSelector.java:187)
06-05 14:33:17.742  2461  2743 W System.err: 	at com.android.okhttp.internal.http.RouteSelector.nextProxy(RouteSelector.java:156)
06-05 14:33:17.742  2461  2743 W System.err: 	at com.android.okhttp.internal.http.RouteSelector.next(RouteSelector.java:98)
06-05 14:33:17.743  2461  2743 W System.err: 	at com.android.okhttp.internal.http.HttpEngine.createNextConnection(HttpEngine.java:345)
06-05 14:33:17.755  2461  2743 W System.err: 	at com.android.okhttp.internal.http.HttpEngine.connect(HttpEngine.java:328)
06-05 14:33:17.762  2461  2743 W System.err: 	at com.android.okhttp.internal.http.HttpEngine.sendRequest(HttpEngine.java:246)
06-05 14:33:17.762  2461  2743 W System.err: 	at com.android.okhttp.internal.huc.HttpURLConnectionImpl.execute(HttpURLConnectionImpl.java:457)
06-05 14:33:17.762  2461  2743 W System.err: 	at com.android.okhttp.internal.huc.HttpURLConnectionImpl.connect(HttpURLConnectionImpl.java:126)
06-05 14:33:17.762  2461  2743 W System.err: 	at com.android.okhttp.internal.huc.DelegatingHttpsURLConnection.connect(DelegatingHttpsURLConnection.java:89)
06-05 14:33:17.763  2461  2743 W System.err: 	at com.android.okhttp.internal.huc.HttpsURLConnectionImpl.connect(HttpsURLConnectionImpl.java)
06-05 14:33:17.763  2461  2743 W System.err: 	at com.facebook.ads.internal.i.a.a.a(Unknown Source)
06-05 14:33:17.763  2461  2743 W System.err: 	at com.facebook.ads.internal.i.a.a.a(Unknown Source)
06-05 14:33:17.763  2461  2743 W System.err: 	at com.facebook.ads.internal.i.a.h.a(Unknown Source)
06-05 14:33:17.763  2461  2743 W System.err: 	at com.facebook.ads.internal.i.a.h.doInBackground(Unknown Source)
06-05 14:33:17.763  2461  2743 W System.err: 	at android.os.AsyncTask$2.call(AsyncTask.java:305)
06-05 14:33:17.763  2461  2743 W System.err: 	at java.util.concurrent.FutureTask.run(FutureTask.java:237)
06-05 14:33:17.763  2461  2743 W System.err: 	at android.os.AsyncTask$SerialExecutor$1.run(AsyncTask.java:243)
06-05 14:33:17.763  2461  2743 W System.err: 	at java.util.concurrent.ThreadPoolExecutor.runWorker(ThreadPoolExecutor.java:1133)
06-05 14:33:17.763  2461  2743 W System.err: 	at java.util.concurrent.ThreadPoolExecutor$Worker.run(ThreadPoolExecutor.java:607)
06-05 14:33:17.763  2461  2743 W System.err: 	at java.lang.Thread.run(Thread.java:761)
06-05 14:33:17.767  2461  2743 W System.err: java.net.UnknownHostException: Unable to resolve host "graph.facebook.com": No address associated with hostname
06-05 14:33:17.767  2461  2743 W System.err: 	at java.net.Inet6AddressImpl.lookupHostByName(Inet6AddressImpl.java:95)
06-05 14:33:17.768  2461  2743 W System.err: 	at java.net.Inet6AddressImpl.lookupAllHostAddr(Inet6AddressImpl.java:74)
06-05 14:33:17.768  2461  2743 W System.err: 	at java.net.InetAddress.getAllByName(InetAddress.java:752)
06-05 14:33:17.768  2461  2743 W System.err: 	at com.android.okhttp.internal.Network$1.resolveInetAddresses(Network.java:29)
06-05 14:33:17.768  2461  2743 W System.err: 	at com.android.okhttp.internal.http.RouteSelector.resetNextInetSocketAddress(RouteSelector.java:187)
06-05 14:33:17.768  2461  2743 W System.err: 	at com.android.okhttp.internal.http.RouteSelector.nextProxy(RouteSelector.java:156)
06-05 14:33:17.771  2461  2743 W System.err: 	at com.android.okhttp.internal.http.RouteSelector.next(RouteSelector.java:98)
06-05 14:33:17.771  2461  2743 W System.err: 	at com.android.okhttp.internal.http.HttpEngine.createNextConnection(HttpEngine.java:345)
06-05 14:33:17.772  2461  2743 W System.err: 	at com.android.okhttp.internal.http.HttpEngine.connect(HttpEngine.java:328)
06-05 14:33:17.772  2461  2743 W System.err: 	at com.android.okhttp.internal.http.HttpEngine.sendRequest(HttpEngine.java:246)
06-05 14:33:17.773  2461  2743 W System.err: 	at com.android.okhttp.internal.huc.HttpURLConnectionImpl.execute(HttpURLConnectionImpl.java:457)
06-05 14:33:17.774  2461  2743 W System.err: 	at com.android.okhttp.internal.huc.HttpURLConnectionImpl.connect(HttpURLConnectionImpl.java:126)
06-05 14:33:17.774  2461  2743 W System.err: 	at com.android.okhttp.internal.huc.DelegatingHttpsURLConnection.connect(DelegatingHttpsURLConnection.java:89)
06-05 14:33:17.774  2461  2743 W System.err: 	at com.android.okhttp.internal.huc.HttpsURLConnectionImpl.connect(HttpsURLConnectionImpl.java)
06-05 14:33:17.776  2461  2743 W System.err: 	at com.facebook.ads.internal.i.a.a.a(Unknown Source)
06-05 14:33:17.777  2461  2743 W System.err: 	at com.facebook.ads.internal.i.a.a.a(Unknown Source)
06-05 14:33:17.778  2461  2743 W System.err: 	at com.facebook.ads.internal.i.a.h.a(Unknown Source)
06-05 14:33:17.778  2461  2743 W System.err: 	at com.facebook.ads.internal.i.a.h.doInBackground(Unknown Source)
06-05 14:33:17.778  2461  2743 W System.err: 	at android.os.AsyncTask$2.call(AsyncTask.java:305)
06-05 14:33:17.779  1725  1725 I LatinIME: Timeout waiting for dictionary load
06-05 14:33:17.780  2461  2743 W System.err: 	at java.util.concurrent.FutureTask.run(FutureTask.java:237)
06-05 14:33:17.780  2461  2743 W System.err: 	at android.os.AsyncTask$SerialExecutor$1.run(AsyncTask.java:243)
06-05 14:33:17.780  2461  2743 W System.err: 	at java.util.concurrent.ThreadPoolExecutor.runWorker(ThreadPoolExecutor.java:1133)
06-05 14:33:17.780  2461  2743 W System.err: 	at java.util.concurrent.ThreadPoolExecutor$Worker.run(ThreadPoolExecutor.java:607)
06-05 14:33:17.780  2461  2743 W System.err: 	at java.lang.Thread.run(Thread.java:761)
06-05 14:33:18.105  1655  3124 W ActivityManager: Unable to start service Intent { act=com.google.android.gms.playlog.service.START pkg=com.google.android.gms } U=0: not found
06-05 14:33:18.106  1655  3259 W ActivityManager: Unbind failed: could not find connection for android.os.BinderProxy@d5d7b01
06-05 14:33:18.108  3989  3989 E GmsClient: unable to connect to service: com.google.android.gms.playlog.service.START
06-05 14:33:18.146  3989  3989 E TimelyPrefService: Primary account is null
06-05 14:33:18.283  3989  3989 W AnalyticsLogBase: PlayLogger.onLoggerFailedConnection
06-05 14:33:18.342  2262  3751 I IcingInternalCorpora: Received calendar change notification.
06-05 14:33:18.352  1655  1893 I ActivityManager: Start proc 4041:com.google.android.apps.maps/u0a58 for broadcast com.google.android.apps.maps/com.google.android.apps.gmm.ugc.ataplace.AtAPlaceService
06-05 14:33:18.363  4041  4041 W art     : Unexpected CPU variant for X86 using defaults: x86
06-05 14:33:18.420  4041  4041 W System  : ClassLoader referenced unknown path: /system/app/Maps/lib/x86
06-05 14:33:18.771  2461  2472 W art     : Suspending all threads took: 5.507ms
06-05 14:33:18.880  1655  1669 I ActivityManager: Waited long enough for: ServiceRecord{9f7803e u0 com.google.android.apps.freighter/com.google.firebase.iid.FirebaseInstanceIdService}
06-05 14:33:19.682  4058  4058 D AndroidRuntime: >>>>>> START com.android.internal.os.RuntimeInit uid 2000 <<<<<<
06-05 14:33:19.685  1655  3264 D CryptdConnector: SND -> {7 cryptfs getpwtype}
06-05 14:33:19.686  1262  1297 D VoldCryptCmdListener: cryptfs getpwtype
06-05 14:33:19.687  4058  4058 D AndroidRuntime: CheckJNI is ON
06-05 14:33:19.687  1655  1697 D CryptdConnector: RCV <- {213 7 default}
06-05 14:33:19.844  4058  4058 W art     : Unexpected CPU variant for X86 using defaults: x86
06-05 14:33:19.877  4058  4058 D ICU     : No timezone override file found: /data/misc/zoneinfo/current/icu/icu_tzdata.dat
06-05 14:33:19.885  4041  4041 W System  : ClassLoader referenced unknown path: /system/priv-app/PrebuiltGmsCore/lib/x86
06-05 14:33:19.886  4041  4041 D ApplicationLoaders: ignored Vulkan layer search path /system/priv-app/PrebuiltGmsCore/lib/x86:/system/fake-libs:/system/priv-app/PrebuiltGmsCore/PrebuiltGmsCore.apk!/lib/x86:/system/lib:/vendor/lib for namespace 0xb30a9090
06-05 14:33:19.933  4041  4041 W System  : ClassLoader referenced unknown path: /system/priv-app/PrebuiltGmsCore/lib/x86
06-05 14:33:19.934  4041  4041 W System  : ClassLoader referenced unknown path: /system/priv-app/PrebuiltGmsCore/lib/x86
06-05 14:33:19.968  4041  4041 W System  : ClassLoader referenced unknown path: /system/priv-app/PrebuiltGmsCore/lib/x86
06-05 14:33:19.969  4041  4041 W System  : ClassLoader referenced unknown path: /system/priv-app/PrebuiltGmsCore/lib/x86
06-05 14:33:19.976  4041  4041 W linker  : /data/user_de/0/com.google.android.gms/app_extracted_libs/x86/libconscrypt_gmscore_jni.so: unused DT entry: type 0xf arg 0x91
06-05 14:33:19.977  4041  4041 V NativeCrypto: Registering com/google/android/gms/org/conscrypt/NativeCrypto's 276 native methods...
06-05 14:33:19.978  4058  4058 E memtrack: Couldn't load memtrack module (No such file or directory)
06-05 14:33:19.978  4058  4058 E android.os.Debug: failed to load memtrack module: -2
06-05 14:33:19.980  4058  4058 I Radio-JNI: register_android_hardware_Radio DONE
06-05 14:33:19.999  4058  4058 D AndroidRuntime: Calling main entry com.android.commands.input.Input
06-05 14:33:20.004  4041  4041 D NetworkSecurityConfig: No Network Security Config specified, using platform default
06-05 14:33:20.008  4058  4058 I Input   : injectKeyEvent: KeyEvent { action=ACTION_DOWN, keyCode=KEYCODE_MENU, scanCode=0, metaState=0, flags=0x0, repeatCount=0, eventTime=92509, downTime=92509, deviceId=-1, source=0x101 }
06-05 14:33:20.009  4041  4041 I ProviderInstaller: Installed default security provider GmsCore_OpenSSL
06-05 14:33:20.093  4058  4058 I Input   : injectKeyEvent: KeyEvent { action=ACTION_UP, keyCode=KEYCODE_MENU, scanCode=0, metaState=0, flags=0x0, repeatCount=0, eventTime=92509, downTime=92509, deviceId=-1, source=0x101 }
06-05 14:33:20.135  4058  4058 D AndroidRuntime: Shutting down VM
06-05 14:33:20.221  2262  2767 I IcingInternalCorpora: EventIndexer: starting incremental update
06-05 14:33:20.222  2262  2767 I IcingInternalCorpora: EventIndexer: 0 added, 0 removed, 0 changed, 0 unchanged, 0 errors.
06-05 14:33:20.227  2262  2767 I IcingInternalCorpora: EventIndexer: finished after 6 ms.
06-05 14:33:20.641  4041  4052 I art     : WaitForGcToComplete blocked for 8.106ms for cause Background
06-05 14:33:20.791  1655  1694 I InputReader: Reconfiguring input devices.  changes=0x00000010
06-05 14:33:20.904  1655  3124 W ActivityManager: Permission Denial: Accessing service ComponentInfo{com.google.android.music/com.google.android.music.dial.DialMediaRouteProviderService} from pid=3398, uid=10076 that is not exported from uid 10059
06-05 14:33:20.964  3861  3872 I art     : Background sticky concurrent mark sweep GC freed 40491(1731KB) AllocSpace objects, 58(1972KB) LOS objects, 64% free, 2MB/6MB, paused 5.359ms total 121.600ms
06-05 14:33:20.980  1863  1863 D CarrierSvcBindHelper: No carrier app for: 0
06-05 14:33:21.271  2079  2079 I GCoreNlp: shouldConfirmNlp, NLP off. Ensuring opt-in disabled
06-05 14:33:21.453  2079  2079 I GeofencerStateMachine: sendQueryLocationOptIn
06-05 14:33:21.470  2079  2088 I art     : Background partial concurrent mark sweep GC freed 32197(2MB) AllocSpace objects, 2(40KB) LOS objects, 39% free, 5MB/9MB, paused 18.953ms total 174.866ms
06-05 14:33:21.488  2134  2145 I art     : Background sticky concurrent mark sweep GC freed 17427(1252KB) AllocSpace objects, 6(148KB) LOS objects, 22% free, 5MB/7MB, paused 2.359ms total 171.863ms
06-05 14:33:21.660  4041  4068 W art     : Long monitor contention with owner main (4041) at void pzn.<init>(android.app.Application, vln)(PG:29) waiters=0 in java.lang.Object arzp.a() for 1.339s
06-05 14:33:21.853  4094  4094 D AndroidRuntime: >>>>>> START com.android.internal.os.RuntimeInit uid 2000 <<<<<<
06-05 14:33:21.859  4094  4094 D AndroidRuntime: CheckJNI is ON
06-05 14:33:21.992  4094  4094 W art     : Unexpected CPU variant for X86 using defaults: x86
06-05 14:33:22.013  4094  4094 D ICU     : No timezone override file found: /data/misc/zoneinfo/current/icu/icu_tzdata.dat
06-05 14:33:22.104  4094  4094 E memtrack: Couldn't load memtrack module (No such file or directory)
06-05 14:33:22.104  4094  4094 E android.os.Debug: failed to load memtrack module: -2
06-05 14:33:22.105  4094  4094 I Radio-JNI: register_android_hardware_Radio DONE
06-05 14:33:22.130  4094  4094 D AndroidRuntime: Calling main entry com.android.commands.input.Input
06-05 14:33:22.133  4094  4094 I Input   : injectKeyEvent: KeyEvent { action=ACTION_DOWN, keyCode=KEYCODE_BACK, scanCode=0, metaState=0, flags=0x0, repeatCount=0, eventTime=94634, downTime=94634, deviceId=-1, source=0x101 }
06-05 14:33:22.143  4094  4094 I Input   : injectKeyEvent: KeyEvent { action=ACTION_UP, keyCode=KEYCODE_BACK, scanCode=0, metaState=0, flags=0x0, repeatCount=0, eventTime=94634, downTime=94634, deviceId=-1, source=0x101 }
06-05 14:33:22.174  4094  4094 D AndroidRuntime: Shutting down VM
06-05 14:33:22.311  2134  2204 W OpenGLRenderer: Incorrectly called buildLayer on View: Hotseat, destroying layer...
06-05 14:33:22.311  2134  2204 W OpenGLRenderer: Incorrectly called buildLayer on View: SuperGContainerView, destroying layer...
06-05 14:33:22.311  2134  2204 W OpenGLRenderer: Incorrectly called buildLayer on View: PageIndicatorLineCaret, destroying layer...
06-05 14:33:22.393  2188  2188 I MicroDetectionWorker: Micro detection mode: [mDetectionMode: [1]].
06-05 14:33:22.398  2188  2188 I AudioController: Using mInputStreamFactoryBuilder
06-05 14:33:22.454  2188  4129 I MicroRecognitionRunner: Starting detection.
06-05 14:33:22.456  2188  2236 I MicrophoneInputStream: mic_starting com.google.android.apps.gsa.staticplugins.z.c@dc500b7
06-05 14:33:22.473  1355  4134 I AudioFlinger: AudioFlinger's thread 0xa8e037c0 ready to run
06-05 14:33:22.494  2188  2236 I MicrophoneInputStream: mic_started com.google.android.apps.gsa.staticplugins.z.c@dc500b7
06-05 14:33:22.498  2188  2236 E ActivityThread: Failed to find provider info for com.google.android.apps.gsa.testing.ui.audio.recorded
06-05 14:33:22.505  2188  2188 I MicroDetectionWorker: onReady
06-05 14:33:22.602  2188  2236 I MicrophoneInputStream: mic_close com.google.android.apps.gsa.staticplugins.z.c@dc500b7
06-05 14:33:22.629  2188  4129 I MicroRecognitionRunner: Detection finished
06-05 14:33:22.763  2188  4129 W ErrorReporter: reportError [type: 211, code: 524300]: Error reading from input stream
06-05 14:33:22.765  2188  2314 I MicroRecognitionRunner: Stopping hotword detection.
06-05 14:33:22.767  2188  4129 W ErrorProcessor: onFatalError, processing error from engine(4)
06-05 14:33:22.767  2188  4129 W ErrorProcessor: com.google.android.apps.gsa.shared.speech.a.g: Error reading from input stream
06-05 14:33:22.767  2188  4129 W ErrorProcessor: 	at com.google.android.apps.gsa.staticplugins.recognizer.i.a.a(SourceFile:342)
06-05 14:33:22.767  2188  4129 W ErrorProcessor: 	at com.google.android.apps.gsa.staticplugins.recognizer.i.a$1.run(SourceFile:1367)
06-05 14:33:22.767  2188  4129 W ErrorProcessor: 	at java.util.concurrent.Executors$RunnableAdapter.call(Executors.java:428)
06-05 14:33:22.767  2188  4129 W ErrorProcessor: 	at java.util.concurrent.FutureTask.run(FutureTask.java:237)
06-05 14:33:22.767  2188  4129 W ErrorProcessor: 	at com.google.android.apps.gsa.shared.util.concurrent.a.ak.run(SourceFile:66)
06-05 14:33:22.767  2188  4129 W ErrorProcessor: 	at java.util.concurrent.ThreadPoolExecutor.runWorker(ThreadPoolExecutor.java:1133)
06-05 14:33:22.767  2188  4129 W ErrorProcessor: 	at java.util.concurrent.ThreadPoolExecutor$Worker.run(ThreadPoolExecutor.java:607)
06-05 14:33:22.767  2188  4129 W ErrorProcessor: 	at java.lang.Thread.run(Thread.java:761)
06-05 14:33:22.767  2188  4129 W ErrorProcessor: 	at com.google.android.apps.gsa.shared.util.concurrent.a.ad$1.run(SourceFile:85)
06-05 14:33:22.767  2188  4129 W ErrorProcessor: Caused by: com.google.android.apps.gsa.shared.exception.GsaIOException: Error code: 393238 | Buffer overflow, no available space.
06-05 14:33:22.767  2188  4129 W ErrorProcessor: 	at com.google.android.apps.gsa.speech.audio.Tee.g(SourceFile:2531)
06-05 14:33:22.767  2188  4129 W ErrorProcessor: 	at com.google.android.apps.gsa.speech.audio.ap.read(SourceFile:555)
06-05 14:33:22.767  2188  4129 W ErrorProcessor: 	at java.io.InputStream.read(InputStream.java:101)
06-05 14:33:22.767  2188  4129 W ErrorProcessor: 	at com.google.android.apps.gsa.speech.audio.al.run(SourceFile:362)
06-05 14:33:22.767  2188  4129 W ErrorProcessor: 	at com.google.android.apps.gsa.speech.audio.ak$1.run(SourceFile:471)
06-05 14:33:22.767  2188  4129 W ErrorProcessor: 	at java.util.concurrent.Executors$RunnableAdapter.call(Executors.java:428)
06-05 14:33:22.767  2188  4129 W ErrorProcessor: 	at java.util.concurrent.FutureTask.run(FutureTask.java:237)
06-05 14:33:22.767  2188  4129 W ErrorProcessor: 	at com.google.android.apps.gsa.shared.util.concurrent.a.ak.run(SourceFile:66)
06-05 14:33:22.767  2188  4129 W ErrorProcessor: 	at com.google.android.apps.gsa.shared.util.concurrent.a.ax.run(SourceFile:139)
06-05 14:33:22.767  2188  4129 W ErrorProcessor: 	at com.google.android.apps.gsa.shared.util.concurrent.a.ax.run(SourceFile:139)
06-05 14:33:22.767  2188  4129 W ErrorProcessor: 	... 4 more
06-05 14:33:22.767  2188  4129 I AudioController: internalShutdown
06-05 14:33:22.775  2262  4116 W GmsModuleFndr: Duplicate result received
06-05 14:33:22.785  2188  2188 I MicroDetector: Keeping mic open: false
06-05 14:33:22.785  2188  2188 I MicroDetectionWorker: #onError(false)
06-05 14:33:22.786  2188  4130 I DeviceStateChecker: DeviceStateChecker cancelled
06-05 14:33:23.040  3861  3872 I art     : Background partial concurrent mark sweep GC freed 38225(1529KB) AllocSpace objects, 60(2MB) LOS objects, 39% free, 2MB/3MB, paused 7.587ms total 86.022ms
06-05 14:33:23.267  3861  3872 I art     : Background sticky concurrent mark sweep GC freed 14400(603KB) AllocSpace objects, 31(1232KB) LOS objects, 0% free, 4MB/4MB, paused 3.891ms total 152.850ms
06-05 14:33:23.368  2079  2079 I WearableService: Wearable Services stopping
06-05 14:33:23.398  4041  4041 W art     : Long monitor contention with owner DefaultPool4 (4067) at boolean android.os.BinderProxy.transactNative(int, android.os.Parcel, android.os.Parcel, int)(Binder.java:-2) waiters=0 in java.util.Set aalg.a() for 1.327s
06-05 14:33:23.488  3989  4025 I GAV2    : Thread[GAThread,5,main]: No campaign data found.
06-05 14:33:23.512  2262  2275 W art     : Suspending all threads took: 19.219ms
06-05 14:33:23.670  2262  4139 W art     : Long monitor contention with owner [bwl] processing com.google.android.gms.chimera.container.FileApkIntentOperation for action com.google.android.gms.chimera.container.STAGE_MODULE_APKS (3751) at void com.google.android.gms.org.conscrypt.NativeCrypto.EVP_DigestVerifyUpdate(com.google.android.gms.org.conscrypt.NativeRef$EVP_MD_CTX, byte[], int, int)(:com.google.android.gms@11743470:-2) waiters=0 in void bwo.run() for 257ms
06-05 14:33:23.909  2079  2093 I GeofencerStateMachine: removeGeofences: removeRequest=RemoveGeofencingRequest[REMOVE_BY_PENDING_INTENT pendingIntent=PendingIntent[creatorPackage=com.google.android.apps.maps], packageName=null]
06-05 14:33:23.921  4135  4135 D AndroidRuntime: >>>>>> START com.android.internal.os.RuntimeInit uid 2000 <<<<<<
06-05 14:33:23.927  4135  4135 D AndroidRuntime: CheckJNI is ON
06-05 14:33:23.932  1655  1667 I ActivityManager: Killing 2239:com.google.android.partnersetup/u0a19 (adj 906): empty #17
06-05 14:33:23.969  1655  3259 D ActivityManager: cleanUpApplicationRecord -- 2239
06-05 14:33:23.974  3837  3837 D MusicLifecycle: com.google.android.music.store.MediaStoreImportService$Receiver generated event: Broadcast received with context android.app.ReceiverRestrictedContext@c427696 and intent Intent { act=android.intent.action.MEDIA_SCANNER_FINISHED dat=file:///system/media flg=0x10 cmp=com.google.android.music/.store.MediaStoreImportService$Receiver }
06-05 14:33:24.040  4135  4135 W art     : Unexpected CPU variant for X86 using defaults: x86
06-05 14:33:24.047  4135  4135 D ICU     : No timezone override file found: /data/misc/zoneinfo/current/icu/icu_tzdata.dat
06-05 14:33:24.063  3837  3837 D MusicLifecycle: com.google.android.music.store.MediaStoreImportService$Receiver generated event: Broadcast received with context android.app.ReceiverRestrictedContext@c427696 and intent Intent { act=android.intent.action.MEDIA_SCANNER_STARTED dat=file:///storage/emulated/0 flg=0x10 cmp=com.google.android.music/.store.MediaStoreImportService$Receiver }
06-05 14:33:24.079  3837  3837 D MusicLifecycle: com.google.android.music.store.MediaStoreImportService generated event: Service created
06-05 14:33:24.107  1655  3262 I ActivityManager: Start proc 4160:com.google.android.apps.photos/u0a66 for broadcast com.google.android.apps.photos/.jobqueue.JobServiceBroadcastReceiverInternal
06-05 14:33:24.113  3837  3837 D MusicLifecycle: com.google.android.music.store.MediaStoreImportService generated event: Service destroyed
06-05 14:33:24.112  4135  4135 E memtrack: Couldn't load memtrack module (No such file or directory)
06-05 14:33:24.117  4135  4135 E android.os.Debug: failed to load memtrack module: -2
06-05 14:33:24.123  4135  4135 I Radio-JNI: register_android_hardware_Radio DONE
06-05 14:33:24.123  4160  4160 W art     : Unexpected CPU variant for X86 using defaults: x86
06-05 14:33:24.151  4135  4135 D AndroidRuntime: Calling main entry com.android.commands.pm.Pm
06-05 14:33:24.197  4135  4135 I art     : System.exit called, status: 0
06-05 14:33:24.198  4135  4135 I AndroidRuntime: VM exiting with result code 0.
06-05 14:33:24.200  4135  4173 W MessageQueue: Handler (android.os.Handler) {5a99849} sending message to a Handler on a dead thread
06-05 14:33:24.200  4135  4173 W MessageQueue: java.lang.IllegalStateException: Handler (android.os.Handler) {5a99849} sending message to a Handler on a dead thread
06-05 14:33:24.200  4135  4173 W MessageQueue: 	at android.os.MessageQueue.enqueueMessage(MessageQueue.java:543)
06-05 14:33:24.200  4135  4173 W MessageQueue: 	at android.os.Handler.enqueueMessage(Handler.java:643)
06-05 14:33:24.200  4135  4173 W MessageQueue: 	at android.os.Handler.sendMessageAtTime(Handler.java:612)
06-05 14:33:24.200  4135  4173 W MessageQueue: 	at android.os.Handler.sendMessageDelayed(Handler.java:582)
06-05 14:33:24.200  4135  4173 W MessageQueue: 	at android.os.Handler.post(Handler.java:338)
06-05 14:33:24.200  4135  4173 W MessageQueue: 	at android.os.ResultReceiver$MyResultReceiver.send(ResultReceiver.java:57)
06-05 14:33:24.200  4135  4173 W MessageQueue: 	at com.android.internal.os.IResultReceiver$Stub.onTransact(IResultReceiver.java:58)
06-05 14:33:24.200  4135  4173 W MessageQueue: 	at android.os.Binder.execTransact(Binder.java:565)
06-05 14:33:24.217  4160  4160 W System  : ClassLoader referenced unknown path: /system/app/Photos/lib/x86
06-05 14:33:24.750  3837  3837 D MusicLifecycle: com.google.android.music.store.MediaStoreImportService$Receiver generated event: Broadcast received with context android.app.ReceiverRestrictedContext@c427696 and intent Intent { act=android.intent.action.MEDIA_SCANNER_FINISHED dat=file:///storage/emulated/0 flg=0x10 cmp=com.google.android.music/.store.MediaStoreImportService$Receiver }
06-05 14:33:24.814  4189  4189 W art     : Unexpected CPU variant for X86 using defaults: x86
06-05 14:33:24.816  1655  3262 I ActivityManager: Start proc 4189:com.google.android.gm/u0a68 for broadcast com.google.android.gm/.widget.GmailWidgetProvider
06-05 14:33:24.825  3837  3837 D MusicLifecycle: com.google.android.music.store.MediaStoreImportService generated event: Service created
06-05 14:33:24.895  4189  4189 W System  : ClassLoader referenced unknown path: /system/app/PrebuiltGmail/lib/x86
06-05 14:33:25.235  4189  4189 W EasBundling: in EasBundling.init, isBundlingEnabled=true
06-05 14:33:25.264  4189  4206 D ActivityThread: Loading provider com.google.android.gmail.provider;com.android.mail.notifier;com.google.android.gm.email.provider;com.google.android.gm.email.notifier: com.android.email.provider.EmailProvider
06-05 14:33:25.274  4189  4205 I Gmail   : getAccountsCursor
06-05 14:33:25.337  4181  4181 D AndroidRuntime: >>>>>> START com.android.internal.os.RuntimeInit uid 2000 <<<<<<
06-05 14:33:25.343  4181  4181 D AndroidRuntime: CheckJNI is ON
06-05 14:33:25.376  2079  2079 W ChimeraUtils: Non Chimera context
06-05 14:33:25.380  3837  4188 I MediaStoreImporter: Update: incremental Added music: 0 Updated music: 0 Deleted music: 0 Created playlists: 0 Updated playlists: 0 Deleted playlists: 0 Inserted playlist items: 0 Deleted playlist items: 0 Removed orphaned playlist items: 0
06-05 14:33:25.391  3837  3837 D MusicLifecycle: com.google.android.music.store.MediaStoreImportService generated event: Service destroyed
06-05 14:33:25.396  1655  2117 I ActivityManager: Killing 3154:com.google.android.gms.ui/u0a14 (adj 906): empty #17
06-05 14:33:25.462  1655  1757 D ActivityManager: cleanUpApplicationRecord -- 3154
06-05 14:33:25.485  3307  3382 W Babel   : bcb TOOK TOO LONG! (15079ms > 10000ms)
06-05 14:33:25.487  4181  4181 W art     : Unexpected CPU variant for X86 using defaults: x86
06-05 14:33:25.496  4181  4181 D ICU     : No timezone override file found: /data/misc/zoneinfo/current/icu/icu_tzdata.dat
06-05 14:33:25.558  4181  4181 E memtrack: Couldn't load memtrack module (No such file or directory)
06-05 14:33:25.559  4181  4181 E android.os.Debug: failed to load memtrack module: -2
06-05 14:33:25.562  4181  4181 I Radio-JNI: register_android_hardware_Radio DONE
06-05 14:33:25.610  4181  4181 D AndroidRuntime: Calling main entry com.android.commands.pm.Pm
06-05 14:33:25.641  1655  3264 I Telecom : PhoneAccountRegistrar: SimCallManager queried, returning: null: TSI.gSCM@ADQ
06-05 14:33:25.652  4181  4181 I art     : System.exit called, status: 0
06-05 14:33:25.652  4181  4181 I AndroidRuntime: VM exiting with result code 0.
06-05 14:33:25.663  3307  3388 W BabelGcmRegistration: Error registering for GCM
06-05 14:33:25.668  3307  3388 W BabelGcmRegistration: java.io.IOException: SERVICE_NOT_AVAILABLE
06-05 14:33:25.668  3307  3388 W BabelGcmRegistration: 	at gzc.a(Unknown Source)
06-05 14:33:25.668  3307  3388 W BabelGcmRegistration: 	at ibs.a(SourceFile:36)
06-05 14:33:25.668  3307  3388 W BabelGcmRegistration: 	at eqw.a(SourceFile:370)
06-05 14:33:25.668  3307  3388 W BabelGcmRegistration: 	at eqw.doInBackground(SourceFile:365)
06-05 14:33:25.668  3307  3388 W BabelGcmRegistration: 	at android.os.AsyncTask$2.call(AsyncTask.java:305)
06-05 14:33:25.668  3307  3388 W BabelGcmRegistration: 	at java.util.concurrent.FutureTask.run(FutureTask.java:237)
06-05 14:33:25.668  3307  3388 W BabelGcmRegistration: 	at android.os.AsyncTask$SerialExecutor$1.run(AsyncTask.java:243)
06-05 14:33:25.668  3307  3388 W BabelGcmRegistration: 	at java.util.concurrent.ThreadPoolExecutor.runWorker(ThreadPoolExecutor.java:1133)
06-05 14:33:25.668  3307  3388 W BabelGcmRegistration: 	at java.util.concurrent.ThreadPoolExecutor$Worker.run(ThreadPoolExecutor.java:607)
06-05 14:33:25.668  3307  3388 W BabelGcmRegistration: 	at java.lang.Thread.run(Thread.java:761)
